=== DEPLOYMENT STARTED: Mon Jul 13 02:47:52 PM EDT 2026 ===
Tezcatlipoca - CTF Range Deployment
========================================

Previous competitions:
  [1] cde-2026
  [2] example

Create new (n) or reuse existing (number)? 
============================================================
  Deploying cde-2026
============================================================

How many teams? 
─── Ready to deploy ────────────────────────────────────────────
  Competition : CDE 2026
  Scenario    : Cyber defense exercise by UMBC Cyberdawgs
  Difficulty  : 4 / 10
  Teams       : 2  (team1–team2, passwords auto-generated)
  Boxes       :
    pikachu — debian13-lite  (1 CPU, 2048 MB)
    raichu — debian13-lite  (1 CPU, 2048 MB)

  Terraform will now run; this takes several minutes.
  Continue? (y/n): [1/7] Cleaning up previous deployment...
[2/7] Running Terraform init & apply...
[0m[1mInitializing the backend...[0m

[0m[1mInitializing provider plugins...[0m
- Reusing previous version of bpg/proxmox from the dependency lock file
- Reusing previous version of hashicorp/null from the dependency lock file
- Using previously-installed hashicorp/null v3.3.0
- Using previously-installed bpg/proxmox v0.111.1


[0m[1m[32mTerraform has been successfully initialized![0m[32m[0m
[0m[32m
You may now begin working with Terraform. Try running "terraform plan" to see
any changes that are required for your infrastructure. All Terraform commands
should now work.

If you ever set or change modules or backend configuration for Terraform,
rerun this command to reinitialize your working directory. If you forget, other
commands will detect it and remind you to do so if necessary.[0m
[0m[1mdata.proxmox_virtual_environment_vms.templates: Reading...[0m[0m
[0m[1mdata.proxmox_virtual_environment_vms.templates: Read complete after 0s [id=7d8cfdc3-08f2-4bdd-a3c8-d20d023e018b][0m

Terraform used the selected providers to generate the following execution
plan. Resource actions are indicated with the following symbols:
  [32m+[0m create[0m

Terraform will perform the following actions:

[1m  # null_resource.orchestrate[0m will be created
[0m  [32m+[0m[0m resource "null_resource" "orchestrate" {
      [32m+[0m[0m id       = (known after apply)
      [32m+[0m[0m triggers = {
          [32m+[0m[0m "box_ids"   = (known after apply)
          [32m+[0m[0m "engine_id" = (known after apply)
        }
    }

[1m  # null_resource.reboot_scoring_engine[0m will be created
[0m  [32m+[0m[0m resource "null_resource" "reboot_scoring_engine" {
      [32m+[0m[0m id       = (known after apply)
      [32m+[0m[0m triggers = {
          [32m+[0m[0m "engine_id" = (known after apply)
        }
    }

[1m  # proxmox_network_linux_bridge.team_bridge["team1"][0m will be created
[0m  [32m+[0m[0m resource "proxmox_network_linux_bridge" "team_bridge" {
      [32m+[0m[0m autostart      = true
      [32m+[0m[0m comment        = "Quotient team team1 — isolated, no uplink"
      [32m+[0m[0m id             = (known after apply)
      [32m+[0m[0m name           = "vmbr101"
      [32m+[0m[0m node_name      = "proxmox"
      [32m+[0m[0m timeout_reload = 100
      [32m+[0m[0m vids           = (known after apply)
      [32m+[0m[0m vlan_aware     = (known after apply)
    }

[1m  # proxmox_network_linux_bridge.team_bridge["team2"][0m will be created
[0m  [32m+[0m[0m resource "proxmox_network_linux_bridge" "team_bridge" {
      [32m+[0m[0m autostart      = true
      [32m+[0m[0m comment        = "Quotient team team2 — isolated, no uplink"
      [32m+[0m[0m id             = (known after apply)
      [32m+[0m[0m name           = "vmbr102"
      [32m+[0m[0m node_name      = "proxmox"
      [32m+[0m[0m timeout_reload = 100
      [32m+[0m[0m vids           = (known after apply)
      [32m+[0m[0m vlan_aware     = (known after apply)
    }

[1m  # proxmox_virtual_environment_vm.scoring_engine[0m will be created
[0m  [32m+[0m[0m resource "proxmox_virtual_environment_vm" "scoring_engine" {
      [32m+[0m[0m acpi                                 = true
      [32m+[0m[0m bios                                 = "seabios"
      [32m+[0m[0m boot_order                           = (known after apply)
      [32m+[0m[0m delete_unreferenced_disks_on_destroy = true
      [32m+[0m[0m hotplug                              = (known after apply)
      [32m+[0m[0m id                                   = (known after apply)
      [32m+[0m[0m ipv4_addresses                       = (known after apply)
      [32m+[0m[0m ipv6_addresses                       = (known after apply)
      [32m+[0m[0m keyboard_layout                      = "en-us"
      [32m+[0m[0m mac_addresses                        = (known after apply)
      [32m+[0m[0m migrate                              = false
      [32m+[0m[0m name                                 = "quotient-engine"
      [32m+[0m[0m network_device                       = [
          [32m+[0m[0m {
              [32m+[0m[0m bridge      = "vmbr0"
              [32m+[0m[0m enabled     = true
              [32m+[0m[0m firewall    = false
              [32m+[0m[0m mac_address = (known after apply)
              [32m+[0m[0m model       = "virtio"
              [32m+[0m[0m mtu         = 0
              [32m+[0m[0m queues      = 0
              [32m+[0m[0m rate_limit  = 0
              [32m+[0m[0m vlan_id     = 0
            },
          [32m+[0m[0m {
              [32m+[0m[0m bridge      = "vmbr101"
              [32m+[0m[0m enabled     = true
              [32m+[0m[0m firewall    = false
              [32m+[0m[0m mac_address = (known after apply)
              [32m+[0m[0m model       = "virtio"
              [32m+[0m[0m mtu         = 0
              [32m+[0m[0m queues      = 0
              [32m+[0m[0m rate_limit  = 0
              [32m+[0m[0m vlan_id     = 0
            },
          [32m+[0m[0m {
              [32m+[0m[0m bridge      = "vmbr102"
              [32m+[0m[0m enabled     = true
              [32m+[0m[0m firewall    = false
              [32m+[0m[0m mac_address = (known after apply)
              [32m+[0m[0m model       = "virtio"
              [32m+[0m[0m mtu         = 0
              [32m+[0m[0m queues      = 0
              [32m+[0m[0m rate_limit  = 0
              [32m+[0m[0m vlan_id     = 0
            },
        ]
      [32m+[0m[0m network_interface_names              = (known after apply)
      [32m+[0m[0m node_name                            = "proxmox"
      [32m+[0m[0m on_boot                              = true
      [32m+[0m[0m protection                           = false
      [32m+[0m[0m purge_on_destroy                     = true
      [32m+[0m[0m reboot                               = false
      [32m+[0m[0m reboot_after_update                  = true
      [32m+[0m[0m scsi_hardware                        = "virtio-scsi-pci"
      [32m+[0m[0m started                              = true
      [32m+[0m[0m stop_on_destroy                      = false
      [32m+[0m[0m tablet_device                        = true
      [32m+[0m[0m template                             = false
      [32m+[0m[0m timeout_clone                        = 1800
      [32m+[0m[0m timeout_create                       = 1800
      [32m+[0m[0m timeout_migrate                      = 1800
      [32m+[0m[0m timeout_move_disk                    = 1800
      [32m+[0m[0m timeout_reboot                       = 1800
      [32m+[0m[0m timeout_shutdown_vm                  = 1800
      [32m+[0m[0m timeout_start_vm                     = 1800
      [32m+[0m[0m timeout_stop_vm                      = 300
      [32m+[0m[0m vm_id                                = 1000

      [32m+[0m[0m agent {
          [32m+[0m[0m enabled = true
          [32m+[0m[0m timeout = "15m"
          [32m+[0m[0m trim    = false
          [32m+[0m[0m type    = "virtio"
        }

      [32m+[0m[0m clone {
          [32m+[0m[0m full    = true
          [32m+[0m[0m retries = 1
          [32m+[0m[0m vm_id   = 9106
        }

      [32m+[0m[0m cpu {
          [32m+[0m[0m cores      = 4
          [32m+[0m[0m hotplugged = 0
          [32m+[0m[0m limit      = 0
          [32m+[0m[0m numa       = false
          [32m+[0m[0m sockets    = 1
          [32m+[0m[0m type       = "qemu64"
          [32m+[0m[0m units      = (known after apply)
        }

      [32m+[0m[0m disk {
          [32m+[0m[0m aio               = "io_uring"
          [32m+[0m[0m backup            = true
          [32m+[0m[0m cache             = "none"
          [32m+[0m[0m datastore_id      = "ssd"
          [32m+[0m[0m discard           = "on"
          [32m+[0m[0m file_format       = (known after apply)
          [32m+[0m[0m interface         = "scsi0"
          [32m+[0m[0m iothread          = false
          [32m+[0m[0m path_in_datastore = (known after apply)
          [32m+[0m[0m queues            = 0
          [32m+[0m[0m replicate         = true
          [32m+[0m[0m size              = 40
          [32m+[0m[0m ssd               = false
        }

      [32m+[0m[0m memory {
          [32m+[0m[0m dedicated      = 4096
          [32m+[0m[0m floating       = 0
          [32m+[0m[0m keep_hugepages = false
          [32m+[0m[0m shared         = 0
        }

      [32m+[0m[0m vga (known after apply)
    }

[1m  # proxmox_virtual_environment_vm.team_box["team1-pikachu"][0m will be created
[0m  [32m+[0m[0m resource "proxmox_virtual_environment_vm" "team_box" {
      [32m+[0m[0m acpi                                 = true
      [32m+[0m[0m bios                                 = "seabios"
      [32m+[0m[0m boot_order                           = (known after apply)
      [32m+[0m[0m delete_unreferenced_disks_on_destroy = true
      [32m+[0m[0m hotplug                              = (known after apply)
      [32m+[0m[0m id                                   = (known after apply)
      [32m+[0m[0m ipv4_addresses                       = (known after apply)
      [32m+[0m[0m ipv6_addresses                       = (known after apply)
      [32m+[0m[0m keyboard_layout                      = "en-us"
      [32m+[0m[0m mac_addresses                        = (known after apply)
      [32m+[0m[0m migrate                              = false
      [32m+[0m[0m name                                 = "team1-pikachu"
      [32m+[0m[0m network_device                       = [
          [32m+[0m[0m {
              [32m+[0m[0m bridge      = "vmbr101"
              [32m+[0m[0m enabled     = true
              [32m+[0m[0m firewall    = false
              [32m+[0m[0m mac_address = (known after apply)
              [32m+[0m[0m model       = "virtio"
              [32m+[0m[0m mtu         = 0
              [32m+[0m[0m queues      = 0
              [32m+[0m[0m rate_limit  = 0
              [32m+[0m[0m vlan_id     = 0
            },
        ]
      [32m+[0m[0m network_interface_names              = (known after apply)
      [32m+[0m[0m node_name                            = "proxmox"
      [32m+[0m[0m on_boot                              = true
      [32m+[0m[0m protection                           = false
      [32m+[0m[0m purge_on_destroy                     = true
      [32m+[0m[0m reboot                               = false
      [32m+[0m[0m reboot_after_update                  = true
      [32m+[0m[0m scsi_hardware                        = "virtio-scsi-pci"
      [32m+[0m[0m started                              = true
      [32m+[0m[0m stop_on_destroy                      = false
      [32m+[0m[0m tablet_device                        = true
      [32m+[0m[0m template                             = false
      [32m+[0m[0m timeout_clone                        = 1800
      [32m+[0m[0m timeout_create                       = 1800
      [32m+[0m[0m timeout_migrate                      = 1800
      [32m+[0m[0m timeout_move_disk                    = 1800
      [32m+[0m[0m timeout_reboot                       = 1800
      [32m+[0m[0m timeout_shutdown_vm                  = 1800
      [32m+[0m[0m timeout_start_vm                     = 1800
      [32m+[0m[0m timeout_stop_vm                      = 300
      [32m+[0m[0m vm_id                                = 1210

      [32m+[0m[0m clone {
          [32m+[0m[0m full    = true
          [32m+[0m[0m retries = 15
          [32m+[0m[0m vm_id   = 920
        }

      [32m+[0m[0m cpu {
          [32m+[0m[0m cores      = 1
          [32m+[0m[0m hotplugged = 0
          [32m+[0m[0m limit      = 0
          [32m+[0m[0m numa       = false
          [32m+[0m[0m sockets    = 1
          [32m+[0m[0m type       = "qemu64"
          [32m+[0m[0m units      = (known after apply)
        }

      [32m+[0m[0m initialization {
          [32m+[0m[0m datastore_id         = "local-lvm"
          [32m+[0m[0m file_format          = (known after apply)
          [32m+[0m[0m meta_data_file_id    = (known after apply)
          [32m+[0m[0m network_data_file_id = (known after apply)
          [32m+[0m[0m type                 = (known after apply)
          [32m+[0m[0m upgrade              = (known after apply)
          [32m+[0m[0m user_data_file_id    = (known after apply)
          [32m+[0m[0m vendor_data_file_id  = (known after apply)

          [32m+[0m[0m dns {
              [32m+[0m[0m servers = [
                  [32m+[0m[0m "8.8.8.8",
                ]
            }

          [32m+[0m[0m ip_config {
              [32m+[0m[0m ipv4 {
                  [32m+[0m[0m address = "192.168.101.2/24"
                  [32m+[0m[0m gateway = "192.168.101.1"
                }
            }

          [32m+[0m[0m user_account {
              [32m+[0m[0m keys     = [
                  [32m+[0m[0m "ssh-ed25519 AAAAC3NzaC1lZDI1NTE5AAAAIG8GWCTd+XRsSFpfRbBhGrvznYxRZIkmKNZmS5ieVofI sysadmin@localhost",
                ]
              [32m+[0m[0m password = (sensitive value)
              [32m+[0m[0m username = "ubuntu"
            }
        }

      [32m+[0m[0m memory {
          [32m+[0m[0m dedicated      = 2048
          [32m+[0m[0m floating       = 0
          [32m+[0m[0m keep_hugepages = false
          [32m+[0m[0m shared         = 0
        }

      [32m+[0m[0m vga (known after apply)
    }

[1m  # proxmox_virtual_environment_vm.team_box["team1-raichu"][0m will be created
[0m  [32m+[0m[0m resource "proxmox_virtual_environment_vm" "team_box" {
      [32m+[0m[0m acpi                                 = true
      [32m+[0m[0m bios                                 = "seabios"
      [32m+[0m[0m boot_order                           = (known after apply)
      [32m+[0m[0m delete_unreferenced_disks_on_destroy = true
      [32m+[0m[0m hotplug                              = (known after apply)
      [32m+[0m[0m id                                   = (known after apply)
      [32m+[0m[0m ipv4_addresses                       = (known after apply)
      [32m+[0m[0m ipv6_addresses                       = (known after apply)
      [32m+[0m[0m keyboard_layout                      = "en-us"
      [32m+[0m[0m mac_addresses                        = (known after apply)
      [32m+[0m[0m migrate                              = false
      [32m+[0m[0m name                                 = "team1-raichu"
      [32m+[0m[0m network_device                       = [
          [32m+[0m[0m {
              [32m+[0m[0m bridge      = "vmbr101"
              [32m+[0m[0m enabled     = true
              [32m+[0m[0m firewall    = false
              [32m+[0m[0m mac_address = (known after apply)
              [32m+[0m[0m model       = "virtio"
              [32m+[0m[0m mtu         = 0
              [32m+[0m[0m queues      = 0
              [32m+[0m[0m rate_limit  = 0
              [32m+[0m[0m vlan_id     = 0
            },
        ]
      [32m+[0m[0m network_interface_names              = (known after apply)
      [32m+[0m[0m node_name                            = "proxmox"
      [32m+[0m[0m on_boot                              = true
      [32m+[0m[0m protection                           = false
      [32m+[0m[0m purge_on_destroy                     = true
      [32m+[0m[0m reboot                               = false
      [32m+[0m[0m reboot_after_update                  = true
      [32m+[0m[0m scsi_hardware                        = "virtio-scsi-pci"
      [32m+[0m[0m started                              = true
      [32m+[0m[0m stop_on_destroy                      = false
      [32m+[0m[0m tablet_device                        = true
      [32m+[0m[0m template                             = false
      [32m+[0m[0m timeout_clone                        = 1800
      [32m+[0m[0m timeout_create                       = 1800
      [32m+[0m[0m timeout_migrate                      = 1800
      [32m+[0m[0m timeout_move_disk                    = 1800
      [32m+[0m[0m timeout_reboot                       = 1800
      [32m+[0m[0m timeout_shutdown_vm                  = 1800
      [32m+[0m[0m timeout_start_vm                     = 1800
      [32m+[0m[0m timeout_stop_vm                      = 300
      [32m+[0m[0m vm_id                                = 1211

      [32m+[0m[0m clone {
          [32m+[0m[0m full    = true
          [32m+[0m[0m retries = 15
          [32m+[0m[0m vm_id   = 920
        }

      [32m+[0m[0m cpu {
          [32m+[0m[0m cores      = 1
          [32m+[0m[0m hotplugged = 0
          [32m+[0m[0m limit      = 0
          [32m+[0m[0m numa       = false
          [32m+[0m[0m sockets    = 1
          [32m+[0m[0m type       = "qemu64"
          [32m+[0m[0m units      = (known after apply)
        }

      [32m+[0m[0m initialization {
          [32m+[0m[0m datastore_id         = "local-lvm"
          [32m+[0m[0m file_format          = (known after apply)
          [32m+[0m[0m meta_data_file_id    = (known after apply)
          [32m+[0m[0m network_data_file_id = (known after apply)
          [32m+[0m[0m type                 = (known after apply)
          [32m+[0m[0m upgrade              = (known after apply)
          [32m+[0m[0m user_data_file_id    = (known after apply)
          [32m+[0m[0m vendor_data_file_id  = (known after apply)

          [32m+[0m[0m dns {
              [32m+[0m[0m servers = [
                  [32m+[0m[0m "8.8.8.8",
                ]
            }

          [32m+[0m[0m ip_config {
              [32m+[0m[0m ipv4 {
                  [32m+[0m[0m address = "192.168.101.3/24"
                  [32m+[0m[0m gateway = "192.168.101.1"
                }
            }

          [32m+[0m[0m user_account {
              [32m+[0m[0m keys     = [
                  [32m+[0m[0m "ssh-ed25519 AAAAC3NzaC1lZDI1NTE5AAAAIG8GWCTd+XRsSFpfRbBhGrvznYxRZIkmKNZmS5ieVofI sysadmin@localhost",
                ]
              [32m+[0m[0m password = (sensitive value)
              [32m+[0m[0m username = "ubuntu"
            }
        }

      [32m+[0m[0m memory {
          [32m+[0m[0m dedicated      = 2048
          [32m+[0m[0m floating       = 0
          [32m+[0m[0m keep_hugepages = false
          [32m+[0m[0m shared         = 0
        }

      [32m+[0m[0m vga (known after apply)
    }

[1mPlan:[0m [0m7 to add, 0 to change, 0 to destroy.

Changes to Outputs:
  [32m+[0m[0m agent_context        = (sensitive value)
  [32m+[0m[0m boxes_per_team       = [
      [32m+[0m[0m {
          [32m+[0m[0m cpu        = 1
          [32m+[0m[0m disk_gb    = [90mnull[0m[0m
          [32m+[0m[0m last_octet = 2
          [32m+[0m[0m memory_mb  = 2048
          [32m+[0m[0m name       = "pikachu"
          [32m+[0m[0m template   = "debian13-lite"
        },
      [32m+[0m[0m {
          [32m+[0m[0m cpu        = 1
          [32m+[0m[0m disk_gb    = [90mnull[0m[0m
          [32m+[0m[0m last_octet = 3
          [32m+[0m[0m memory_mb  = 2048
          [32m+[0m[0m name       = "raichu"
          [32m+[0m[0m template   = "debian13-lite"
        },
    ]
  [32m+[0m[0m scoring_engine_ip    = (known after apply)
  [32m+[0m[0m ssh_private_key_path = "../proxmox"
  [32m+[0m[0m team_passwords       = (sensitive value)
  [32m+[0m[0m team_vms             = {
      [32m+[0m[0m team1-pikachu = {
          [32m+[0m[0m box_name   = "pikachu"
          [32m+[0m[0m identifier = "101"
          [32m+[0m[0m ip         = "192.168.101.2"
        }
      [32m+[0m[0m team1-raichu  = {
          [32m+[0m[0m box_name   = "raichu"
          [32m+[0m[0m identifier = "101"
          [32m+[0m[0m ip         = "192.168.101.3"
        }
    }
  [32m+[0m[0m teams                = {
      [32m+[0m[0m team1 = "101"
      [32m+[0m[0m team2 = "102"
    }
[0m[1mproxmox_network_linux_bridge.team_bridge["team1"]: Creating...[0m[0m
[0m[1mproxmox_network_linux_bridge.team_bridge["team2"]: Creating...[0m[0m
[0m[1mproxmox_network_linux_bridge.team_bridge["team2"]: Creation complete after 1s [id=proxmox:vmbr102][0m
[0m[1mproxmox_network_linux_bridge.team_bridge["team1"]: Creation complete after 2s [id=proxmox:vmbr101][0m
[0m[1mproxmox_virtual_environment_vm.team_box["team1-pikachu"]: Creating...[0m[0m
[0m[1mproxmox_virtual_environment_vm.scoring_engine: Creating...[0m[0m
[0m[1mproxmox_virtual_environment_vm.team_box["team1-raichu"]: Creating...[0m[0m
[0m[1mproxmox_virtual_environment_vm.team_box["team1-pikachu"]: Still creating... [00m10s elapsed][0m[0m
[0m[1mproxmox_virtual_environment_vm.scoring_engine: Still creating... [00m10s elapsed][0m[0m
[0m[1mproxmox_virtual_environment_vm.team_box["team1-raichu"]: Still creating... [00m10s elapsed][0m[0m
[0m[1mproxmox_virtual_environment_vm.team_box["team1-pikachu"]: Still creating... [00m20s elapsed][0m[0m
[0m[1mproxmox_virtual_environment_vm.scoring_engine: Still creating... [00m20s elapsed][0m[0m
[0m[1mproxmox_virtual_environment_vm.team_box["team1-raichu"]: Still creating... [00m20s elapsed][0m[0m
[0m[1mproxmox_virtual_environment_vm.team_box["team1-raichu"]: Still creating... [00m30s elapsed][0m[0m
[0m[1mproxmox_virtual_environment_vm.scoring_engine: Still creating... [00m30s elapsed][0m[0m
[0m[1mproxmox_virtual_environment_vm.team_box["team1-pikachu"]: Still creating... [00m30s elapsed][0m[0m
[0m[1mproxmox_virtual_environment_vm.scoring_engine: Still creating... [00m40s elapsed][0m[0m
[0m[1mproxmox_virtual_environment_vm.team_box["team1-pikachu"]: Still creating... [00m40s elapsed][0m[0m
[0m[1mproxmox_virtual_environment_vm.team_box["team1-raichu"]: Still creating... [00m40s elapsed][0m[0m
[0m[1mproxmox_virtual_environment_vm.team_box["team1-pikachu"]: Still creating... [00m50s elapsed][0m[0m
[0m[1mproxmox_virtual_environment_vm.scoring_engine: Still creating... [00m50s elapsed][0m[0m
[0m[1mproxmox_virtual_environment_vm.team_box["team1-raichu"]: Still creating... [00m50s elapsed][0m[0m
[0m[1mproxmox_virtual_environment_vm.team_box["team1-raichu"]: Creation complete after 51s [id=1211][0m
[0m[1mproxmox_virtual_environment_vm.team_box["team1-pikachu"]: Creation complete after 51s [id=1210][0m
[0m[1mproxmox_virtual_environment_vm.scoring_engine: Still creating... [01m00s elapsed][0m[0m
[0m[1mproxmox_virtual_environment_vm.scoring_engine: Still creating... [01m10s elapsed][0m[0m
[0m[1mproxmox_virtual_environment_vm.scoring_engine: Still creating... [01m20s elapsed][0m[0m
[0m[1mproxmox_virtual_environment_vm.scoring_engine: Still creating... [01m30s elapsed][0m[0m
[0m[1mproxmox_virtual_environment_vm.scoring_engine: Still creating... [01m40s elapsed][0m[0m
[0m[1mproxmox_virtual_environment_vm.scoring_engine: Creation complete after 1m47s [id=1000][0m
[0m[1mnull_resource.reboot_scoring_engine: Creating...[0m[0m
[0m[1mnull_resource.orchestrate: Creating...[0m[0m
[0m[1mnull_resource.orchestrate: Provisioning with 'local-exec'...[0m[0m
[0m[1mnull_resource.orchestrate (local-exec):[0m [0mExecuting: ["/bin/sh" "-c" "for i in $(seq 1 30); do if ssh -i ../proxmox -o StrictHostKeyChecking=no -o UserKnownHostsFile=/dev/null -o ConnectTimeout=10 -o BatchMode=yes sysadmin@10.0.0.138 echo ok 2>/dev/null | grep -q ok; then echo 'Scoring engine online'; break; fi; echo \"Waiting for scoring engine ($i/30)\"; sleep 10; done; sleep 30"]
[0m[1mnull_resource.reboot_scoring_engine: Provisioning with 'local-exec'...[0m[0m
[0m[1mnull_resource.reboot_scoring_engine (local-exec):[0m [0mExecuting: ["/bin/sh" "-c" "echo \"Hard-stopping scoring engine VM 1000 via Proxmox API...\"\ncurl -sk -X POST \\\n  -H \"Authorization: PVEAPIToken ${TF_VAR_proxmox_api_token}\" \\\n  \"https://10.0.0.150:8006api2/json/nodes/proxmox/qemu/1000/status/stop\" \\\n  -d \"shutdown=0\"\necho \"\"\necho \"Waiting for VM to fully stop...\"\nsleep 15\necho \"Starting scoring engine VM 1000 via Proxmox API...\"\ncurl -sk -X POST \\\n  -H \"Authorization: PVEAPIToken ${TF_VAR_proxmox_api_token}\" \\\n  \"https://10.0.0.150:8006api2/json/nodes/proxmox/qemu/1000/status/start\"\necho \"\"\necho \"Cold-boot complete — PCI bus scan will detect new VirtIO NICs.\"\n"]
[0m[1mnull_resource.reboot_scoring_engine (local-exec):[0m [0mHard-stopping scoring engine VM 1000 via Proxmox API...

[0m[1mnull_resource.reboot_scoring_engine (local-exec):[0m [0mWaiting for VM to fully stop...
[0m[1mnull_resource.orchestrate (local-exec):[0m [0mScoring engine online
[0m[1mnull_resource.orchestrate: Still creating... [00m10s elapsed][0m[0m
[0m[1mnull_resource.reboot_scoring_engine: Still creating... [00m10s elapsed][0m[0m
[0m[1mnull_resource.reboot_scoring_engine (local-exec):[0m [0mStarting scoring engine VM 1000 via Proxmox API...

[0m[1mnull_resource.reboot_scoring_engine (local-exec):[0m [0mCold-boot complete — PCI bus scan will detect new VirtIO NICs.
[0m[1mnull_resource.reboot_scoring_engine: Creation complete after 15s [id=8154560943251576260][0m
[0m[1mnull_resource.orchestrate: Still creating... [00m20s elapsed][0m[0m
[0m[1mnull_resource.orchestrate: Still creating... [00m30s elapsed][0m[0m
[0m[1mnull_resource.orchestrate: Provisioning with 'remote-exec'...[0m[0m
[0m[1mnull_resource.orchestrate (remote-exec):[0m [0mConnecting to remote host via SSH...
[0m[1mnull_resource.orchestrate (remote-exec):[0m [0m  Host: 10.0.0.138
[0m[1mnull_resource.orchestrate (remote-exec):[0m [0m  User: sysadmin
[0m[1mnull_resource.orchestrate (remote-exec):[0m [0m  Password: false
[0m[1mnull_resource.orchestrate (remote-exec):[0m [0m  Private key: true
[0m[1mnull_resource.orchestrate (remote-exec):[0m [0m  Certificate: false
[0m[1mnull_resource.orchestrate (remote-exec):[0m [0m  SSH Agent: false
[0m[1mnull_resource.orchestrate (remote-exec):[0m [0m  Checking Host Key: false
[0m[1mnull_resource.orchestrate (remote-exec):[0m [0m  Target Platform: unix
[0m[1mnull_resource.orchestrate (remote-exec):[0m [0mConnected!
[0m[1mnull_resource.orchestrate (remote-exec):[0m [0mnetwork:
[0m[1mnull_resource.orchestrate (remote-exec):[0m [0m  version: 2
[0m[1mnull_resource.orchestrate (remote-exec):[0m [0m  ethernets:
[0m[1mnull_resource.orchestrate (remote-exec):[0m [0m    ens19:
[0m[1mnull_resource.orchestrate (remote-exec):[0m [0m      addresses: ["192.168.101.1/24"]
[0m[1mnull_resource.orchestrate (remote-exec):[0m [0m    ens20:
[0m[1mnull_resource.orchestrate (remote-exec):[0m [0m      addresses: ["192.168.102.1/24"]

[0m[1mnull_resource.orchestrate (remote-exec):[0m [0m** (generate:480532): [1;33mWARNING[0m **: [34m18:50:23.190[0m: Permissions for /etc/netplan/60-team-ifaces.yaml are too open. Netplan configuration should NOT be accessible by others.

[0m[1mnull_resource.orchestrate (remote-exec):[0m [0m** (process:480530): [1;33mWARNING[0m **: [34m18:50:23.606[0m: Permissions for /etc/netplan/60-team-ifaces.yaml are too open. Netplan configuration should NOT be accessible by others.

[0m[1mnull_resource.orchestrate (remote-exec):[0m [0m** (process:480530): [1;33mWARNING[0m **: [34m18:50:23.983[0m: Permissions for /etc/netplan/60-team-ifaces.yaml are too open. Netplan configuration should NOT be accessible by others.
[0m[1mnull_resource.orchestrate (remote-exec):[0m [0mnet.ipv4.ip_forward = 1
[0m[1mnull_resource.orchestrate (remote-exec):[0m [0mnet.ipv4.ip_forward=1
[0m[1mnull_resource.orchestrate (remote-exec):[0m [0mnet.ipv4.conf.all.rp_filter = 2
[0m[1mnull_resource.orchestrate (remote-exec):[0m [0mnet.ipv4.conf.default.rp_filter = 2
[0m[1mnull_resource.orchestrate (remote-exec):[0m [0mnet.ipv4.conf.all.rp_filter=2
[0m[1mnull_resource.orchestrate (remote-exec):[0m [0mnet.ipv4.conf.default.rp_filter=2
[0m[1mnull_resource.orchestrate: Creation complete after 32s [id=1169663671639059227][0m
[0m[1m[32m
Apply complete! Resources: 7 added, 0 changed, 0 destroyed.[0m
[0m[1m[32m
Outputs:

[0magent_context = <sensitive>
boxes_per_team = tolist([
  {
    "cpu" = 1
    "disk_gb" = tonumber(null)
    "last_octet" = 2
    "memory_mb" = 2048
    "name" = "pikachu"
    "template" = "debian13-lite"
  },
  {
    "cpu" = 1
    "disk_gb" = tonumber(null)
    "last_octet" = 3
    "memory_mb" = 2048
    "name" = "raichu"
    "template" = "debian13-lite"
  },
])
scoring_engine_ip = "10.0.0.138"
ssh_private_key_path = "../proxmox"
team_passwords = <sensitive>
team_vms = {
  "team1-pikachu" = {
    "box_name" = "pikachu"
    "identifier" = "101"
    "ip" = "192.168.101.2"
  }
  "team1-raichu" = {
    "box_name" = "raichu"
    "identifier" = "101"
    "ip" = "192.168.101.3"
  }
}
teams = {
  "team1" = "101"
  "team2" = "102"
}
  Waiting for VMs to initialize (60s)...
[3/7] Copying SSH key to scoring engine...
Warning: Permanently added '10.0.0.138' (ED25519) to the list of known hosts.
Warning: Permanently added '10.0.0.138' (ED25519) to the list of known hosts.
[4/7] Bootstrapping scoring engine (packages, Docker, Quotient)...
  Installing packages on scoring engine...
Warning: Permanently added '10.0.0.138' (ED25519) to the list of known hosts.
Hit:1 https://download.docker.com/linux/ubuntu noble InRelease
Hit:2 http://security.ubuntu.com/ubuntu noble-security InRelease
Hit:3 http://us.archive.ubuntu.com/ubuntu noble InRelease
Hit:4 http://us.archive.ubuntu.com/ubuntu noble-updates InRelease
Hit:5 http://us.archive.ubuntu.com/ubuntu noble-backports InRelease
Reading package lists...
Reading package lists...
Building dependency tree...
Reading state information...
docker.io is already the newest version (29.1.3-0ubuntu3~24.04.2).
git is already the newest version (1:2.43.0-1ubuntu7.3).
curl is already the newest version (8.5.0-2ubuntu10.11).
python3-pip is already the newest version (24.0+dfsg-1ubuntu1.3).
The following packages were automatically installed and are no longer required:
  libfwupd2 libgusb2
Use 'sudo apt autoremove' to remove them.
0 upgraded, 0 newly installed, 0 to remove and 16 not upgraded.
  Installing Docker Compose v2 plugin...
Warning: Permanently added '10.0.0.138' (ED25519) to the list of known hosts.
Hit:1 http://us.archive.ubuntu.com/ubuntu noble InRelease
Hit:2 http://security.ubuntu.com/ubuntu noble-security InRelease
Hit:3 http://us.archive.ubuntu.com/ubuntu noble-updates InRelease
Hit:4 https://download.docker.com/linux/ubuntu noble InRelease
Hit:5 http://us.archive.ubuntu.com/ubuntu noble-backports InRelease
Reading package lists...
Reading package lists...
Building dependency tree...
Reading state information...
docker-compose-plugin is already the newest version (5.3.1-1~ubuntu.24.04~noble).
The following packages were automatically installed and are no longer required:
  libfwupd2 libgusb2
Use 'sudo apt autoremove' to remove them.
0 upgraded, 0 newly installed, 0 to remove and 16 not upgraded.
  Starting Docker (already installed by Terraform)...
Warning: Permanently added '10.0.0.138' (ED25519) to the list of known hosts.
Client:
 Version:           29.1.3
 API version:       1.52
 Go version:        go1.24.4
 Git commit:        29.1.3-0ubuntu3~24.04.2
 Built:             Wed Apr 29 16:41:06 2026
 OS/Arch:           linux/amd64
 Context:           default

Server:
 Engine:
  Version:          29.1.3
  API version:      1.52 (minimum version 1.44)
  Go version:       go1.24.4
  Git commit:       29.1.3-0ubuntu3~24.04.2
  Built:            Wed Apr 29 16:41:06 2026
  OS/Arch:          linux/amd64
  Experimental:     false
 containerd:
  Version:          2.2.1
  GitCommit:        
 runc:
  Version:          1.3.4-0ubuntu1~24.04.1
  GitCommit:        
 docker-init:
  Version:          0.19.0
  GitCommit:        
  Cloning Quotient...
Warning: Permanently added '10.0.0.138' (ED25519) to the list of known hosts.
  Writing Quotient .env...
Warning: Permanently added '10.0.0.138' (ED25519) to the list of known hosts.
POSTGRES_PASSWORD=postgres_password
POSTGRES_USER=engineuser
POSTGRES_HOST=quotient_database
POSTGRES_DB=engine
REDIS_PASSWORD=redis_password
  Building Quotient Docker images...
Warning: Permanently added '10.0.0.138' (ED25519) to the list of known hosts.
 Image quotient-runner Building 
 Image quotient-divisor Building 
 Image quotient_server Building 
#1 [internal] load local bake definitions
#1 reading from stdin 1.36kB done
#1 DONE 0.0s

#2 [divisor internal] load build definition from Dockerfile
#2 DONE 0.0s

#2 [divisor internal] load build definition from Dockerfile
#2 transferring dockerfile: 390B done
#2 DONE 0.1s

#3 [server internal] load build definition from Dockerfile
#3 transferring dockerfile: 454B done
#3 DONE 0.1s

#4 [runner internal] load build definition from Dockerfile.runner
#4 transferring dockerfile: 724B done
#4 DONE 0.1s

#5 [runner internal] load metadata for docker.io/library/golang:1.25-alpine
#5 DONE 0.5s

#6 [server internal] load metadata for docker.io/library/alpine:3.21
#6 DONE 0.5s

#7 [runner internal] load .dockerignore
#7 transferring context: 67B done
#7 DONE 0.1s

#8 [divisor internal] load .dockerignore
#8 transferring context: 2B done
#8 DONE 0.1s

#9 [server internal] load build context
#9 DONE 0.0s

#10 [divisor builder 1/7] FROM docker.io/library/golang:1.25-alpine@sha256:56961d79ea8129efddcc0b8643fd8a5416b4e6228cfd477e3fd61deb2672c587
#10 resolve docker.io/library/golang:1.25-alpine@sha256:56961d79ea8129efddcc0b8643fd8a5416b4e6228cfd477e3fd61deb2672c587
#10 resolve docker.io/library/golang:1.25-alpine@sha256:56961d79ea8129efddcc0b8643fd8a5416b4e6228cfd477e3fd61deb2672c587 0.2s done
#10 DONE 0.2s

#11 [runner stage-1 1/8] FROM docker.io/library/alpine:3.21@sha256:48b0309ca019d89d40f670aa1bc06e426dc0931948452e8491e3d65087abc07d
#11 resolve docker.io/library/alpine:3.21@sha256:48b0309ca019d89d40f670aa1bc06e426dc0931948452e8491e3d65087abc07d 0.2s done
#11 CACHED

#12 [runner stage-1 2/8] WORKDIR /app
#12 CACHED

#13 [divisor internal] load build context
#13 transferring context: 36.19kB done
#13 DONE 0.3s

#10 [server builder 1/7] FROM docker.io/library/golang:1.25-alpine@sha256:56961d79ea8129efddcc0b8643fd8a5416b4e6228cfd477e3fd61deb2672c587
#10 CACHED

#14 [runner builder 2/7] WORKDIR /src
#14 CACHED

#9 [runner internal] load build context
#9 transferring context: 169.06kB 0.1s done
#9 DONE 0.3s

#15 [runner builder 3/7] COPY go.mod go.sum ./
#15 DONE 1.0s

#16 [server stage-1 2/6] RUN apk add --no-cache ca-certificates
#16 1.647 fetch https://dl-cdn.alpinelinux.org/alpine/v3.21/main/x86_64/APKINDEX.tar.gz
#16 2.048 fetch https://dl-cdn.alpinelinux.org/alpine/v3.21/community/x86_64/APKINDEX.tar.gz
#16 3.460 (1/1) Installing ca-certificates (20260413-r0)
#16 3.651 Executing busybox-1.37.0-r14.trigger
#16 3.693 Executing ca-certificates-20260413-r0.trigger
#16 3.767 OK: 7 MiB in 16 packages
#16 DONE 4.1s

#17 [server stage-1 3/6] COPY config/certs/. /usr/local/share/ca-certificates/
#17 DONE 0.4s

#18 [divisor stage-1 2/5] RUN apk add --no-cache     iproute2     iptables     bash
#18 1.767 fetch https://dl-cdn.alpinelinux.org/alpine/v3.21/main/x86_64/APKINDEX.tar.gz
#18 2.198 fetch https://dl-cdn.alpinelinux.org/alpine/v3.21/community/x86_64/APKINDEX.tar.gz
#18 3.378 (1/15) Installing ncurses-terminfo-base (6.5_p20241006-r3)
#18 3.412 (2/15) Installing libncursesw (6.5_p20241006-r3)
#18 3.527 (3/15) Installing readline (8.2.13-r0)
#18 3.577 (4/15) Installing bash (5.2.37-r0)
#18 3.769 Executing bash-5.2.37-r0.post-install
#18 3.798 (5/15) Installing libcap2 (2.78-r0)
#18 3.823 (6/15) Installing zstd-libs (1.5.6-r2)
#18 3.952 (7/15) Installing libelf (0.191-r0)
#18 3.987 (8/15) Installing libmnl (1.0.5-r2)
#18 4.008 (9/15) Installing iproute2-minimal (6.11.0-r0)
#18 4.184 (10/15) Installing libxtables (1.8.11-r1)
#18 4.209 (11/15) Installing iproute2-tc (6.11.0-r0)
#18 4.293 (12/15) Installing iproute2-ss (6.11.0-r0)
#18 4.322 (13/15) Installing iproute2 (6.11.0-r0)
#18 4.384 Executing iproute2-6.11.0-r0.post-install
#18 4.389 (14/15) Installing libnftnl (1.2.8-r0)
#18 4.428 (15/15) Installing iptables (1.8.11-r1)
#18 4.614 Executing busybox-1.37.0-r14.trigger
#18 4.652 OK: 13 MiB in 30 packages
#18 DONE 5.0s

#19 [server builder 2/7] RUN apk add --no-cache git ca-certificates
#19 3.852 ( 1/12) Installing brotli-libs (1.2.0-r1)
#19 4.023 ( 2/12) Installing c-ares (1.34.8-r0)
#19 4.070 ( 3/12) Installing libunistring (1.4.2-r0)
#19 4.281 ( 4/12) Installing libidn2 (2.3.8-r0)
#19 4.335 ( 5/12) Installing nghttp2-libs (1.69.0-r0)
#19 4.372 ( 6/12) Installing libpsl (0.21.5-r3)
#19 4.410 ( 7/12) Installing zstd-libs (1.5.7-r2)
#19 4.532 ( 8/12) Installing libcurl (8.21.0-r0)
#19 4.648 ( 9/12) Installing libexpat (2.8.2-r0)
#19 4.682 (10/12) Installing pcre2 (10.47-r1)
#19 4.776 (11/12) Installing git (2.54.0-r0)
#19 ...

#20 [divisor stage-1 3/5] WORKDIR /app
#20 DONE 0.5s

#19 [server builder 2/7] RUN apk add --no-cache git ca-certificates
#19 5.578 (12/12) Installing git-init-template (2.54.0-r0)
#19 ...

#21 [divisor builder 2/7] RUN apk add --no-cache build-base
#21 3.585 ( 1/22) Installing libgcc (15.2.0-r5)
#21 3.659 ( 2/22) Installing jansson (2.15.0-r0)
#21 3.682 ( 3/22) Installing libstdc++ (15.2.0-r5)
#21 3.952 ( 4/22) Installing zstd-libs (1.5.7-r2)
#21 4.075 ( 5/22) Installing binutils (2.45.1-r1)
#21 4.839 ( 6/22) Installing libmagic (5.47-r2)
#21 5.061 ( 7/22) Installing file (5.47-r2)
#21 5.085 ( 8/22) Installing libgcc-static (15.2.0-r5)
#21 5.455 ( 9/22) Installing libgomp (15.2.0-r5)
#21 5.486 (10/22) Installing libatomic (15.2.0-r5)
#21 5.501 (11/22) Installing gmp (6.3.0-r4)
#21 5.551 (12/22) Installing isl26 (0.26-r2)
#21 5.683 (13/22) Installing mpfr4 (4.2.2-r0)
#21 ...

#22 [server stage-1 4/6] RUN update-ca-certificates
#22 DONE 1.2s

#21 [divisor builder 2/7] RUN apk add --no-cache build-base
#21 5.734 (14/22) Installing mpc1 (1.3.1-r1)
#21 5.755 (15/22) Installing gcc (15.2.0-r5)
#21 ...

#19 [server builder 2/7] RUN apk add --no-cache git ca-certificates
#19 5.605 Executing busybox-1.37.0-r31.trigger
#19 5.716 OK: 20.6 MiB in 29 packages
#19 DONE 6.0s

#23 [runner builder 4/7] RUN go mod download
#23 ...

#24 [server builder 3/7] WORKDIR /src
#24 DONE 0.5s

#25 [server builder 4/7] COPY go.mod go.sum ./
#25 DONE 0.3s

#23 [runner builder 4/7] RUN go mod download
#23 ...

#26 [server builder 5/7] RUN go mod download
#26 ...

#21 [divisor builder 2/7] RUN apk add --no-cache build-base
#21 10.83 (16/22) Installing libstdc++-dev (15.2.0-r5)
#21 11.14 (17/22) Installing musl-dev (1.2.6-r2)
#21 11.33 (18/22) Installing g++ (15.2.0-r5)
#21 12.32 (19/22) Installing make (4.4.1-r4)
#21 12.35 (20/22) Installing fortify-headers (3.0.1-r2)
#21 12.38 (21/22) Installing patch (2.8-r0)
#21 12.39 (22/22) Installing build-base (0.5-r4)
#21 12.40 Executing busybox-1.37.0-r31.trigger
#21 14.18 OK: 275.7 MiB in 39 packages
#21 ...

#23 [runner builder 4/7] RUN go mod download
#23 DONE 14.2s

#27 [runner builder 5/7] COPY . .
#27 ...

#21 [divisor builder 2/7] RUN apk add --no-cache build-base
#21 DONE 15.8s

#28 [divisor builder 3/7] WORKDIR /app
#28 DONE 1.7s

#27 [runner builder 5/7] COPY . .
#27 DONE 2.0s

#29 [runner builder 6/7] WORKDIR /src/runner
#29 DONE 1.5s

#30 [divisor builder 4/7] COPY go.mod go.sum ./
#30 DONE 1.8s

#31 [runner builder 7/7] RUN go build -o runner
#31 ...

#26 [server builder 5/7] RUN go mod download
#26 DONE 14.8s

#32 [server builder 6/7] COPY . .
#32 DONE 1.6s

#33 [divisor builder 5/7] RUN go mod download
#33 ...

#34 [server builder 7/7] RUN go build -o quotient
#34 ...

#33 [divisor builder 5/7] RUN go mod download
#33 DONE 12.6s

#35 [divisor builder 6/7] COPY . .
#35 DONE 0.6s

#31 [runner builder 7/7] RUN go build -o runner
#31 ...

#36 [divisor builder 7/7] RUN go build -o divisor .
#36 DONE 121.7s

#34 [server builder 7/7] RUN go build -o quotient
#34 ...

#37 [divisor stage-1 4/5] COPY --from=builder /app/divisor /app/divisor
#37 DONE 0.4s

#34 [server builder 7/7] RUN go build -o quotient
#34 ...

#38 [divisor stage-1 5/5] COPY .env /app/.env
#38 DONE 0.3s

#34 [server builder 7/7] RUN go build -o quotient
#34 ...

#39 [divisor] exporting to image
#39 exporting layers
#39 exporting layers 2.8s done
#39 exporting manifest sha256:b43a99e97626fba7dc61ba3b0807f6dff51b7fa1c5f04f0fdb9967cd31a7e068 0.1s done
#39 exporting config sha256:2aae56da81307aad755ca98b8d6fecef92e15ccc5d22d95f4850f633dde8ec15
#39 exporting config sha256:2aae56da81307aad755ca98b8d6fecef92e15ccc5d22d95f4850f633dde8ec15 0.1s done
#39 exporting attestation manifest sha256:a86b50c63b1639a5f694c7407dfcc4aed86d153cfbfb749bbf8b54fc821c97d2
#39 exporting attestation manifest sha256:a86b50c63b1639a5f694c7407dfcc4aed86d153cfbfb749bbf8b54fc821c97d2 0.2s done
#39 exporting manifest list sha256:ca5acae716eac6ce8615104a4cc417cf18ee447fb5e40985e406d13dd4d7328b
#39 exporting manifest list sha256:ca5acae716eac6ce8615104a4cc417cf18ee447fb5e40985e406d13dd4d7328b 0.1s done
#39 naming to docker.io/library/quotient-divisor:latest 0.0s done
#39 unpacking to docker.io/library/quotient-divisor:latest
#39 unpacking to docker.io/library/quotient-divisor:latest 1.0s done
#39 DONE 4.4s

#34 [server builder 7/7] RUN go build -o quotient
#34 ...

#40 [divisor] resolving provenance for metadata file
#40 DONE 0.0s

#34 [server builder 7/7] RUN go build -o quotient
#34 ...

#31 [runner builder 7/7] RUN go build -o runner
#31 DONE 150.4s

#34 [server builder 7/7] RUN go build -o quotient
#34 ...

#41 [runner stage-1 3/8] COPY --from=builder /src/runner/runner runner
#41 DONE 0.5s

#34 [server builder 7/7] RUN go build -o quotient
#34 ...

#42 [runner stage-1 4/8] RUN apk add --no-cache tini wireguard-tools iproute2 iputils curl git openssh py3-uv python3 proxychains-ng jq file sshpass bind-tools grep chrony krb5
#42 0.504 fetch https://dl-cdn.alpinelinux.org/alpine/v3.21/main/x86_64/APKINDEX.tar.gz
#42 0.823 fetch https://dl-cdn.alpinelinux.org/alpine/v3.21/community/x86_64/APKINDEX.tar.gz
#42 1.708 (1/87) Installing fstrm (0.6.1-r4)
#42 1.767 (2/87) Installing krb5-conf (1.0-r2)
#42 1.786 (3/87) Installing libcom_err (1.47.1-r1)
#42 1.806 (4/87) Installing keyutils-libs (1.6.3-r4)
#42 1.821 (5/87) Installing libverto (0.3.2-r2)
#42 1.835 (6/87) Installing krb5-libs (1.21.3-r0)
#42 2.000 (7/87) Installing json-c (0.18-r0)
#42 2.021 (8/87) Installing nghttp2-libs (1.69.0-r0)
#42 2.041 (9/87) Installing protobuf-c (1.5.0-r2)
#42 2.060 (10/87) Installing libuv (1.49.2-r0)
#42 2.106 (11/87) Installing xz-libs (5.8.3-r0)
#42 2.148 (12/87) Installing libxml2 (2.13.9-r1)
#42 2.249 (13/87) Installing bind-libs (9.18.49-r0)
#42 2.483 (14/87) Installing bind-tools (9.18.49-r0)
#42 2.552 (15/87) Installing libcap2 (2.78-r0)
#42 2.573 (16/87) Installing gmp (6.3.0-r2)
#42 2.619 (17/87) Installing nettle (3.10.2-r0)
#42 2.689 (18/87) Installing libunistring (1.2-r0)
#42 2.810 (19/87) Installing libidn2 (2.3.7-r0)
#42 2.841 (20/87) Installing libffi (3.4.7-r0)
#42 2.862 (21/87) Installing libtasn1 (4.21.0-r0)
#42 2.878 (22/87) Installing p11-kit (0.26.2-r0)
#42 2.965 (23/87) Installing gnutls (3.8.13-r0)
#42 3.115 (24/87) Installing libseccomp (2.5.5-r1)
#42 3.146 (25/87) Installing chrony (4.6.1-r0)
#42 3.179 Executing chrony-4.6.1-r0.pre-install
#42 3.329 (26/87) Installing brotli-libs (1.1.0-r2)
#42 3.411 (27/87) Installing c-ares (1.34.8-r0)
#42 3.445 (28/87) Installing libpsl (0.21.5-r3)
#42 3.477 (29/87) Installing zstd-libs (1.5.6-r2)
#42 3.545 (30/87) Installing libcurl (8.14.1-r2)
#42 3.620 (31/87) Installing curl (8.14.1-r2)
#42 3.663 (32/87) Installing libmagic (5.46-r2)
#42 3.769 (33/87) Installing file (5.46-r2)
#42 3.789 (34/87) Installing libexpat (2.8.2-r0)
#42 3.832 (35/87) Installing pcre2 (10.43-r0)
#42 3.894 (36/87) Installing git (2.47.3-r0)
#42 4.321 (37/87) Installing git-init-template (2.47.3-r0)
#42 4.341 (38/87) Installing grep (3.11-r0)
#42 4.380 (39/87) Installing libelf (0.191-r0)
#42 4.397 (40/87) Installing libmnl (1.0.5-r2)
#42 4.417 (41/87) Installing iproute2-minimal (6.11.0-r0)
#42 4.471 (42/87) Installing libxtables (1.8.11-r1)
#42 4.492 (43/87) Installing iproute2-tc (6.11.0-r0)
#42 4.533 (44/87) Installing iproute2-ss (6.11.0-r0)
#42 4.558 (45/87) Installing iproute2 (6.11.0-r0)
#42 4.593 Executing iproute2-6.11.0-r0.post-install
#42 4.602 (46/87) Installing iputils-arping (20240905-r0)
#42 4.619 (47/87) Installing iputils-clockdiff (20240905-r0)
#42 4.632 (48/87) Installing iputils-ping (20240905-r0)
#42 4.649 (49/87) Installing iputils-tracepath (20240905-r0)
#42 4.675 (50/87) Installing iputils (20240905-r0)
#42 4.675 (51/87) Installing oniguruma (6.9.9-r0)
#42 4.707 (52/87) Installing jq (1.7.1-r0)
#42 4.768 (53/87) Installing e2fsprogs-libs (1.47.1-r1)
#42 4.816 (54/87) Installing krb5 (1.21.3-r0)
#42 4.845 (55/87) Installing openssh-keygen (9.9_p2-r0)
#42 4.893 (56/87) Installing ncurses-terminfo-base (6.5_p20241006-r3)
#42 4.914 (57/87) Installing libncursesw (6.5_p20241006-r3)
#42 4.941 (58/87) Installing libedit (20240808.3.1-r0)
#42 4.969 (59/87) Installing openssh-client-common (9.9_p2-r0)
#42 5.101 (60/87) Installing openssh-client-default (9.9_p2-r0)
#42 5.170 (61/87) Installing openssh-sftp-server (9.9_p2-r0)
#42 5.203 (62/87) Installing openssh-server-common (9.9_p2-r0)
#42 5.227 (63/87) Installing openssh-server (9.9_p2-r0)
#42 5.306 (64/87) Installing openssh (9.9_p2-r0)
#42 5.342 (65/87) Installing proxychains-ng (4.17-r1)
#42 5.368 (66/87) Installing libbz2 (1.0.8-r6)
#42 5.393 (67/87) Installing libgcc (14.2.0-r4)
#42 5.420 (68/87) Installing uv (0.5.31-r0)
#42 6.117 (69/87) Installing gdbm (1.24-r0)
#42 6.143 (70/87) Installing libstdc++ (14.2.0-r4)
#42 6.247 (71/87) Installing mpdecimal (4.0.0-r0)
#42 6.270 (72/87) Installing libpanelw (6.5_p20241006-r3)
#42 6.288 (73/87) Installing readline (8.2.13-r0)
#42 6.317 (74/87) Installing sqlite-libs (3.48.0-r4)
#42 6.413 (75/87) Installing python3 (3.12.13-r0)
#42 ...

#34 [server builder 7/7] RUN go build -o quotient
#34 DONE 153.8s

#42 [runner stage-1 4/8] RUN apk add --no-cache tini wireguard-tools iproute2 iputils curl git openssh py3-uv python3 proxychains-ng jq file sshpass bind-tools grep chrony krb5
#42 ...

#43 [server stage-1 5/6] COPY --from=builder /src/quotient /usr/local/bin/quotient
#43 DONE 1.6s

#44 [server stage-1 6/6] WORKDIR /app
#44 DONE 0.4s

#42 [runner stage-1 4/8] RUN apk add --no-cache tini wireguard-tools iproute2 iputils curl git openssh py3-uv python3 proxychains-ng jq file sshpass bind-tools grep chrony krb5
#42 7.130 (76/87) Installing python3-pycache-pyc0 (3.12.13-r0)
#42 7.521 (77/87) Installing pyc (3.12.13-r0)
#42 7.521 (78/87) Installing py3-uv-pyc (0.5.31-r0)
#42 7.547 (79/87) Installing python3-pyc (3.12.13-r0)
#42 7.547 (80/87) Installing py3-uv (0.5.31-r0)
#42 7.565 (81/87) Installing sshpass (1.10-r0)
#42 7.583 (82/87) Installing tini (0.19.0-r3)
#42 7.601 (83/87) Installing wireguard-tools-wg (1.0.20210914-r4)
#42 7.620 (84/87) Installing bash (5.2.37-r0)
#42 8.587 Executing bash-5.2.37-r0.post-install
#42 8.593 (85/87) Installing openresolv (3.13.2-r1)
#42 8.617 (86/87) Installing wireguard-tools-wg-quick (1.0.20210914-r4)
#42 8.634 (87/87) Installing wireguard-tools (1.0.20210914-r4)
#42 8.653 Executing busybox-1.37.0-r14.trigger
#42 8.689 OK: 106 MiB in 102 packages
#42 DONE 9.1s

#45 [server] exporting to image
#45 exporting layers
#45 ...

#46 [runner stage-1 5/8] COPY custom-checks/requirements.txt /app
#46 DONE 0.6s

#47 [runner stage-1 6/8] RUN ln -sf python3 /usr/bin/python
#47 DONE 1.2s

#45 [server] exporting to image
#45 exporting layers 2.8s done
#45 exporting manifest sha256:7f44f726c2a62fafaed2ca7e0a376c17505d800ecaf0344d04272bde19874468 0.1s done
#45 exporting config sha256:245b2d09cba5f52b7a47650938361c4718cb43fb50829502593d8d8f2b349222
#45 exporting config sha256:245b2d09cba5f52b7a47650938361c4718cb43fb50829502593d8d8f2b349222 0.1s done
#45 ...

#48 [runner stage-1 7/8] RUN uv pip install --system --break-system-packages setuptools
#48 0.502 Using Python 3.12.13 environment at: /usr
#48 0.826 Resolved 1 package in 308ms
#48 1.270 Prepared 1 package in 444ms
#48 1.417 Installed 1 package in 145ms
#48 1.417  + setuptools==83.0.0
#48 DONE 1.6s

#45 [server] exporting to image
#45 exporting attestation manifest sha256:18b44cd66ba8f5ffd9e050c3ff4decd857fc76d06420b907fbe1f8d6f620b741
#45 exporting attestation manifest sha256:18b44cd66ba8f5ffd9e050c3ff4decd857fc76d06420b907fbe1f8d6f620b741 0.3s done
#45 exporting manifest list sha256:7809f7ee812f46e08200b86ff12611fb7e4ec7de1c201fac8d541de5e3bf48fa
#45 exporting manifest list sha256:7809f7ee812f46e08200b86ff12611fb7e4ec7de1c201fac8d541de5e3bf48fa 0.1s done
#45 naming to docker.io/library/quotient_server:latest
#45 naming to docker.io/library/quotient_server:latest 0.0s done
#45 unpacking to docker.io/library/quotient_server:latest
#45 unpacking to docker.io/library/quotient_server:latest 0.8s done
#45 DONE 4.5s

#49 [runner stage-1 8/8] RUN uv pip install --system --break-system-packages -r /app/requirements.txt
#49 0.698 Using Python 3.12.13 environment at: /usr
#49 ...

#50 [server] resolving provenance for metadata file
#50 DONE 0.0s

#49 [runner stage-1 8/8] RUN uv pip install --system --break-system-packages -r /app/requirements.txt
#49 1.907 Resolved 50 packages in 1.18s
#49 2.045 Downloading twisted (3.1MiB)
#49 2.045 Downloading cryptography (4.8MiB)
#49 2.050 Downloading pillow (6.7MiB)
#49 2.050 Downloading pynacl (1.3MiB)
#49 2.050 Downloading impacket (1.7MiB)
#49 2.051 Downloading pycryptodomex (2.2MiB)
#49 3.444    Building zope-interface==8.5
#49 4.511  Downloaded pynacl
#49 4.797  Downloaded impacket
#49 5.073  Downloaded pycryptodomex
#49 5.326  Downloaded twisted
#49 5.916  Downloaded cryptography
#49 6.184  Downloaded pillow
#49 12.74       Built zope-interface==8.5
#49 12.75 Prepared 50 packages in 10.83s
#49 13.06 Installed 50 packages in 312ms
#49 13.06  + aes==1.2.0
#49 13.06  + argparse==1.4.0
#49 13.06  + attrs==26.1.0
#49 13.06  + automat==25.4.16
#49 13.06  + bcrypt==5.0.0
#49 13.06  + beautifulsoup4==4.15.0
#49 13.06  + blinker==1.9.0
#49 13.06  + certifi==2026.6.17
#49 13.06  + cffi==2.1.0
#49 13.06  + charset-normalizer==3.4.9
#49 13.06  + click==8.4.2
#49 13.06  + constantly==23.10.4
#49 13.06  + cryptography==49.0.0
#49 13.06  + dnspython==2.8.0
#49 13.06  + fake-useragent==2.2.0
#49 13.06  + flask==3.1.3
#49 13.06  + hyperlink==21.0.0
#49 13.06  + idna==3.18
#49 13.06  + impacket==0.13.1
#49 13.06  + incremental==24.11.0
#49 13.06  + invoke==3.0.3
#49 13.06  + itsdangerous==2.2.0
#49 13.06  + jinja2==3.1.6
#49 13.06  + ldap3==2.9.1
#49 13.06  + ldapdomaindump==0.10.0
#49 13.06  + markupsafe==3.0.3
#49 13.06  + packaging==26.2
#49 13.06  + paramiko==5.0.0
#49 13.06  + pexpect==4.9.0
#49 13.06  + pillow==12.3.0
#49 13.06  + ptyprocess==0.7.0
#49 13.06  + pyasn1==0.6.4
#49 13.06  + pyasn1-modules==0.4.2
#49 13.06  + pycparser==3.0
#49 13.06  + pycryptodomex==3.23.0
#49 13.07  + pynacl==1.6.2
#49 13.07  + pyopenssl==26.3.0
#49 13.07  + pysocks==1.7.1
#49 13.07  + pyspnego==0.12.1
#49 13.07  + pyyaml==6.0.3
#49 13.07  + requests==2.34.2
#49 13.07  + six==1.17.0
#49 13.07  + smbprotocol==1.17.0
#49 13.07  + soupsieve==2.8.4
#49 13.07  + twisted==26.4.0
#49 13.07  + typing-extensions==4.16.0
#49 13.07  + urllib3==2.7.0
#49 13.07  + vncdotool==1.3.0
#49 13.07  + werkzeug==3.1.8
#49 13.07  + zope-interface==8.5
#49 DONE 13.3s

#51 [runner] exporting to image
#51 exporting layers
#51 exporting layers 7.1s done
#51 exporting manifest sha256:9b195b507d558ab9d768b0d4dd89812a2bd5293c77fab428dfe1a6d94bd69d8a 0.1s done
#51 exporting config sha256:a1aa382ada26336ff05c0b9b9342aee35da68a905448b693c45695c8a849f35e 0.1s done
#51 exporting attestation manifest sha256:2669fc7827204f9c6ae6ff91ab3d32425849e722904f9a2d566554db191978f7 0.1s done
#51 exporting manifest list sha256:b8c26aee39bc871250fc2946dd88ef9d78c096fd24a703011988084a0856df3d
#51 exporting manifest list sha256:b8c26aee39bc871250fc2946dd88ef9d78c096fd24a703011988084a0856df3d 0.1s done
#51 naming to docker.io/library/quotient-runner:latest done
#51 unpacking to docker.io/library/quotient-runner:latest
#51 unpacking to docker.io/library/quotient-runner:latest 3.6s done
#51 DONE 11.1s

#52 [runner] resolving provenance for metadata file
#52 DONE 0.0s
 Image quotient-runner Built 
 Image quotient_server Built 
 Image quotient-divisor Built 
  Starting Quotient Docker containers...
Warning: Permanently added '10.0.0.138' (ED25519) to the list of known hosts.
 Container quotient_redis Running 
 Container quotient_database Running 
 Container quotient-divisor-1 Recreate 
 Container quotient-runner-1 Recreate 
 Container quotient-runner-2 Recreate 
 Container quotient-runner-3 Recreate 
 Container quotient-runner-4 Recreate 
 Container quotient-runner-5 Recreate 
 Container quotient_server Recreate 
 Container quotient-divisor-1 Recreated 
 Container quotient_server Recreated 
 Container quotient-runner-2 Recreated 
 Container quotient-runner-3 Recreated 
 Container quotient-runner-5 Recreated 
 Container quotient-runner-4 Recreated 
 Container quotient-runner-1 Recreated 
 Container quotient_database Waiting 
 Container quotient_redis Waiting 
 Container quotient_database Waiting 
 Container quotient_redis Waiting 
 Container quotient_database Healthy 
 Container quotient_database Healthy 
 Container quotient_server Starting 
 Container quotient_redis Healthy 
 Container quotient-runner-1 Starting 
 Container quotient_redis Healthy 
 Container quotient-divisor-1 Starting 
 Container quotient_server Started 
 Container quotient-divisor-1 Started 
 Container quotient-runner-1 Started 
 Container quotient-runner-4 Starting 
 Container quotient-runner-4 Started 
 Container quotient-runner-5 Starting 
 Container quotient-runner-5 Started 
 Container quotient-runner-3 Starting 
 Container quotient-runner-3 Started 
 Container quotient-runner-2 Starting 
 Container quotient-runner-2 Started 
[4.5/7] Enabling password auth + NOPASSWD sudo for ubuntu on team1 boxes...
  Enabling password auth + NOPASSWD sudo for ubuntu on team boxes...
Warning: Permanently added '10.0.0.138' (ED25519) to the list of known hosts.
Connection timed out during banner exchange
Connection to UNKNOWN port 65535 timed out
    Auth attempt 1/8 failed for 192.168.101.2, retrying in 15s...
Warning: Permanently added '10.0.0.138' (ED25519) to the list of known hosts.
Connection timed out during banner exchange
Connection to UNKNOWN port 65535 timed out
    Auth attempt 2/8 failed for 192.168.101.2, retrying in 15s...
Warning: Permanently added '10.0.0.138' (ED25519) to the list of known hosts.
Connection timed out during banner exchange
Connection to UNKNOWN port 65535 timed out
    Auth attempt 3/8 failed for 192.168.101.2, retrying in 15s...
Warning: Permanently added '10.0.0.138' (ED25519) to the list of known hosts.
Connection timed out during banner exchange
Connection to UNKNOWN port 65535 timed out
    Auth attempt 4/8 failed for 192.168.101.2, retrying in 15s...
Warning: Permanently added '10.0.0.138' (ED25519) to the list of known hosts.
Connection timed out during banner exchange
Connection to UNKNOWN port 65535 timed out
    Auth attempt 5/8 failed for 192.168.101.2, retrying in 15s...
Warning: Permanently added '10.0.0.138' (ED25519) to the list of known hosts.
Connection timed out during banner exchange
Connection to UNKNOWN port 65535 timed out
    Auth attempt 6/8 failed for 192.168.101.2, retrying in 15s...
channel 0: open failed: connect failed: Connection timed out
stdio forwarding failed
Warning: Permanently added '10.0.0.138' (ED25519) to the list of known hosts.
Connection timed out during banner exchange
Connection to UNKNOWN port 65535 timed out
    Auth attempt 7/8 failed for 192.168.101.2, retrying in 15s...
channel 0: open failed: connect failed: Connection timed out
stdio forwarding failed
Warning: Permanently added '10.0.0.138' (ED25519) to the list of known hosts.
channel 0: open failed: connect failed: Connection timed out
stdio forwarding failed
Connection timed out during banner exchange
Connection to UNKNOWN port 65535 timed out
  WARNING: Auth setup failed for 192.168.101.2 after 8 attempts — proceeding anyway
Warning: Permanently added '10.0.0.138' (ED25519) to the list of known hosts.
Connection timed out during banner exchange
Connection to UNKNOWN port 65535 timed out
    Auth attempt 1/8 failed for 192.168.101.3, retrying in 15s...
channel 0: open failed: connect failed: Connection timed out
stdio forwarding failed
Warning: Permanently added '10.0.0.138' (ED25519) to the list of known hosts.
Connection timed out during banner exchange
Connection to UNKNOWN port 65535 timed out
    Auth attempt 2/8 failed for 192.168.101.3, retrying in 15s...
channel 0: open failed: connect failed: Connection timed out
stdio forwarding failed
Warning: Permanently added '10.0.0.138' (ED25519) to the list of known hosts.
Connection timed out during banner exchange
Connection to UNKNOWN port 65535 timed out
    Auth attempt 3/8 failed for 192.168.101.3, retrying in 15s...
channel 0: open failed: connect failed: Connection timed out
stdio forwarding failed
Warning: Permanently added '10.0.0.138' (ED25519) to the list of known hosts.
Connection timed out during banner exchange
Connection to UNKNOWN port 65535 timed out
    Auth attempt 4/8 failed for 192.168.101.3, retrying in 15s...
Warning: Permanently added '10.0.0.138' (ED25519) to the list of known hosts.
channel 0: open failed: connect failed: Connection timed out
stdio forwarding failed
Connection timed out during banner exchange
Connection to UNKNOWN port 65535 timed out
    Auth attempt 5/8 failed for 192.168.101.3, retrying in 15s...
Warning: Permanently added '10.0.0.138' (ED25519) to the list of known hosts.
channel 0: open failed: connect failed: Connection timed out
stdio forwarding failed
channel 0: open failed: connect failed: Connection timed out
stdio forwarding failed
Connection timed out during banner exchange
Connection to UNKNOWN port 65535 timed out
    Auth attempt 6/8 failed for 192.168.101.3, retrying in 15s...
Warning: Permanently added '10.0.0.138' (ED25519) to the list of known hosts.
channel 0: open failed: connect failed: Connection timed out
stdio forwarding failed
Connection timed out during banner exchange
Connection to UNKNOWN port 65535 timed out
    Auth attempt 7/8 failed for 192.168.101.3, retrying in 15s...
Warning: Permanently added '10.0.0.138' (ED25519) to the list of known hosts.
channel 0: open failed: connect failed: Connection timed out
stdio forwarding failed
Connection timed out during banner exchange
Connection to UNKNOWN port 65535 timed out
  WARNING: Auth setup failed for 192.168.101.3 after 8 attempts — proceeding anyway
[5/7] Fixing DNS on team1 boxes, then running Nakon deployment...
  Fixing DNS on all team boxes...
Warning: Permanently added '10.0.0.138' (ED25519) to the list of known hosts.
Connection timed out during banner exchange
Connection to UNKNOWN port 65535 timed out
channel 0: open failed: connect failed: Connection timed out
stdio forwarding failed
channel 0: open failed: connect failed: Connection timed out
stdio forwarding failed
channel 0: open failed: connect failed: Connection timed out
stdio forwarding failed
channel 0: open failed: connect failed: Connection timed out
stdio forwarding failed
channel 0: open failed: connect failed: Connection timed out
stdio forwarding failed
channel 0: open failed: connect failed: Connection timed out
stdio forwarding failed
