Tezcatlipoca - CTF Range Deployment
========================================

Previous competitions:
  [1] cde-2026
  [2] example

Create new (n) or reuse existing (number)? 
============================================================
  Deploying cde-2026
============================================================

How many teams? 
─── Ready to deploy ────────────────────────────────────────────
  Competition : CDE 2026
  Scenario    : Cyber defense exercise by UMBC Cyberdawgs
  Difficulty  : 4 / 10
  Teams       : 2  (team1–team2, passwords auto-generated)
  Boxes       :
    pikachu — debian13-lite  (1 CPU, 2048 MB)
    raichu — debian13-lite  (1 CPU, 2048 MB)

  Terraform will now run; this takes several minutes.
  Continue? (y/n): [1/7] Cleaning up previous deployment...
[2/7] Running Terraform init & apply...
[0m[1mInitializing the backend...[0m

[0m[1mInitializing provider plugins...[0m
- Reusing previous version of hashicorp/null from the dependency lock file
- Reusing previous version of bpg/proxmox from the dependency lock file
- Using previously-installed hashicorp/null v3.3.0
- Using previously-installed bpg/proxmox v0.111.1


[0m[1m[32mTerraform has been successfully initialized![0m[32m[0m
[0m[32m
You may now begin working with Terraform. Try running "terraform plan" to see
any changes that are required for your infrastructure. All Terraform commands
should now work.

If you ever set or change modules or backend configuration for Terraform,
rerun this command to reinitialize your working directory. If you forget, other
commands will detect it and remind you to do so if necessary.[0m
[0m[1mdata.proxmox_virtual_environment_vms.templates: Reading...[0m[0m
[0m[1mproxmox_network_linux_bridge.team_bridge["team1"]: Refreshing state... [id=proxmox:vmbr101][0m
[0m[1mproxmox_network_linux_bridge.team_bridge["team2"]: Refreshing state... [id=proxmox:vmbr102][0m
[0m[1mdata.proxmox_virtual_environment_vms.templates: Read complete after 0s [id=6b526c97-5cc4-415e-97ab-256a476544a5][0m
[0m[1mproxmox_virtual_environment_vm.team_box["team1-pikachu"]: Refreshing state... [id=1210][0m
[0m[1mproxmox_virtual_environment_vm.team_box["team1-raichu"]: Refreshing state... [id=1211][0m
[0m[1mproxmox_virtual_environment_vm.scoring_engine: Refreshing state... [id=1000][0m
[0m[1mnull_resource.orchestrate: Refreshing state... [id=1169663671639059227][0m
[0m[1mnull_resource.reboot_scoring_engine: Refreshing state... [id=8154560943251576260][0m

[1m[36mNote:[0m[1m Objects have changed outside of Terraform
[0m
Terraform detected the following changes made outside of Terraform since the
last "terraform apply" which may have affected this plan:

[1m  # proxmox_virtual_environment_vm.scoring_engine[0m has been deleted
[0m  [31m-[0m[0m resource "proxmox_virtual_environment_vm" "scoring_engine" {
      [31m-[0m[0m id                                   = "1000" [90m-> null[0m[0m
      [31m-[0m[0m ipv4_addresses                       = [
          [31m-[0m[0m [
              [31m-[0m[0m "127.0.0.1",
            ],
          [31m-[0m[0m [
              [31m-[0m[0m "10.0.0.138",
            ],
          [31m-[0m[0m [],
          [31m-[0m[0m [],
        ] [90m-> null[0m[0m
        name                                 = "quotient-engine"
        [90m# (31 unchanged attributes hidden)[0m[0m

        [90m# (5 unchanged blocks hidden)[0m[0m
    }


Unless you have made equivalent changes to your configuration, or ignored the
relevant attributes using ignore_changes, the following plan may include
actions to undo or respond to these changes.
[90m
─────────────────────────────────────────────────────────────────────────────[0m

Terraform used the selected providers to generate the following execution
plan. Resource actions are indicated with the following symbols:
  [32m+[0m create[0m
[31m-[0m/[32m+[0m destroy and then create replacement[0m

Terraform will perform the following actions:

[1m  # null_resource.orchestrate[0m must be [1m[31mreplaced[0m
[0m[31m-[0m/[32m+[0m[0m resource "null_resource" "orchestrate" {
      [33m~[0m[0m id       = "1169663671639059227" -> (known after apply)
      [33m~[0m[0m triggers = { [31m# forces replacement[0m[0m
          [33m~[0m[0m "engine_id" = "1000" -> (known after apply)
            [90m# (1 unchanged element hidden)[0m[0m
        }
    }

[1m  # null_resource.reboot_scoring_engine[0m must be [1m[31mreplaced[0m
[0m[31m-[0m/[32m+[0m[0m resource "null_resource" "reboot_scoring_engine" {
      [33m~[0m[0m id       = "8154560943251576260" -> (known after apply)
      [33m~[0m[0m triggers = { [31m# forces replacement[0m[0m
          [33m~[0m[0m "engine_id" = "1000" -> (known after apply)
        }
    }

[1m  # proxmox_network_linux_bridge.team_bridge["team1"][0m will be created
[0m  [32m+[0m[0m resource "proxmox_network_linux_bridge" "team_bridge" {
      [32m+[0m[0m autostart      = true
      [32m+[0m[0m comment        = "Quotient team team1 — isolated, no uplink"
      [32m+[0m[0m id             = (known after apply)
      [32m+[0m[0m name           = "vmbr101"
      [32m+[0m[0m node_name      = "proxmox"
      [32m+[0m[0m timeout_reload = 100
      [32m+[0m[0m vids           = (known after apply)
      [32m+[0m[0m vlan_aware     = (known after apply)
    }

[1m  # proxmox_network_linux_bridge.team_bridge["team2"][0m will be created
[0m  [32m+[0m[0m resource "proxmox_network_linux_bridge" "team_bridge" {
      [32m+[0m[0m autostart      = true
      [32m+[0m[0m comment        = "Quotient team team2 — isolated, no uplink"
      [32m+[0m[0m id             = (known after apply)
      [32m+[0m[0m name           = "vmbr102"
      [32m+[0m[0m node_name      = "proxmox"
      [32m+[0m[0m timeout_reload = 100
      [32m+[0m[0m vids           = (known after apply)
      [32m+[0m[0m vlan_aware     = (known after apply)
    }

[1m  # proxmox_virtual_environment_vm.scoring_engine[0m will be created
[0m  [32m+[0m[0m resource "proxmox_virtual_environment_vm" "scoring_engine" {
      [32m+[0m[0m acpi                                 = true
      [32m+[0m[0m bios                                 = "seabios"
      [32m+[0m[0m boot_order                           = (known after apply)
      [32m+[0m[0m delete_unreferenced_disks_on_destroy = true
      [32m+[0m[0m hotplug                              = (known after apply)
      [32m+[0m[0m id                                   = (known after apply)
      [32m+[0m[0m ipv4_addresses                       = (known after apply)
      [32m+[0m[0m ipv6_addresses                       = (known after apply)
      [32m+[0m[0m keyboard_layout                      = "en-us"
      [32m+[0m[0m mac_addresses                        = (known after apply)
      [32m+[0m[0m migrate                              = false
      [32m+[0m[0m name                                 = "quotient-engine"
      [32m+[0m[0m network_device                       = [
          [32m+[0m[0m {
              [32m+[0m[0m bridge      = "vmbr0"
              [32m+[0m[0m enabled     = true
              [32m+[0m[0m firewall    = false
              [32m+[0m[0m mac_address = (known after apply)
              [32m+[0m[0m model       = "virtio"
              [32m+[0m[0m mtu         = 0
              [32m+[0m[0m queues      = 0
              [32m+[0m[0m rate_limit  = 0
              [32m+[0m[0m vlan_id     = 0
            },
          [32m+[0m[0m {
              [32m+[0m[0m bridge      = "vmbr101"
              [32m+[0m[0m enabled     = true
              [32m+[0m[0m firewall    = false
              [32m+[0m[0m mac_address = (known after apply)
              [32m+[0m[0m model       = "virtio"
              [32m+[0m[0m mtu         = 0
              [32m+[0m[0m queues      = 0
              [32m+[0m[0m rate_limit  = 0
              [32m+[0m[0m vlan_id     = 0
            },
          [32m+[0m[0m {
              [32m+[0m[0m bridge      = "vmbr102"
              [32m+[0m[0m enabled     = true
              [32m+[0m[0m firewall    = false
              [32m+[0m[0m mac_address = (known after apply)
              [32m+[0m[0m model       = "virtio"
              [32m+[0m[0m mtu         = 0
              [32m+[0m[0m queues      = 0
              [32m+[0m[0m rate_limit  = 0
              [32m+[0m[0m vlan_id     = 0
            },
        ]
      [32m+[0m[0m network_interface_names              = (known after apply)
      [32m+[0m[0m node_name                            = "proxmox"
      [32m+[0m[0m on_boot                              = true
      [32m+[0m[0m protection                           = false
      [32m+[0m[0m purge_on_destroy                     = true
      [32m+[0m[0m reboot                               = false
      [32m+[0m[0m reboot_after_update                  = true
      [32m+[0m[0m scsi_hardware                        = "virtio-scsi-pci"
      [32m+[0m[0m started                              = true
      [32m+[0m[0m stop_on_destroy                      = false
      [32m+[0m[0m tablet_device                        = true
      [32m+[0m[0m template                             = false
      [32m+[0m[0m timeout_clone                        = 1800
      [32m+[0m[0m timeout_create                       = 1800
      [32m+[0m[0m timeout_migrate                      = 1800
      [32m+[0m[0m timeout_move_disk                    = 1800
      [32m+[0m[0m timeout_reboot                       = 1800
      [32m+[0m[0m timeout_shutdown_vm                  = 1800
      [32m+[0m[0m timeout_start_vm                     = 1800
      [32m+[0m[0m timeout_stop_vm                      = 300
      [32m+[0m[0m vm_id                                = 1000

      [32m+[0m[0m agent {
          [32m+[0m[0m enabled = true
          [32m+[0m[0m timeout = "15m"
          [32m+[0m[0m trim    = false
          [32m+[0m[0m type    = "virtio"
        }

      [32m+[0m[0m clone {
          [32m+[0m[0m full    = true
          [32m+[0m[0m retries = 1
          [32m+[0m[0m vm_id   = 9106
        }

      [32m+[0m[0m cpu {
          [32m+[0m[0m cores      = 4
          [32m+[0m[0m hotplugged = 0
          [32m+[0m[0m limit      = 0
          [32m+[0m[0m numa       = false
          [32m+[0m[0m sockets    = 1
          [32m+[0m[0m type       = "qemu64"
          [32m+[0m[0m units      = (known after apply)
        }

      [32m+[0m[0m disk {
          [32m+[0m[0m aio               = "io_uring"
          [32m+[0m[0m backup            = true
          [32m+[0m[0m cache             = "none"
          [32m+[0m[0m datastore_id      = "ssd"
          [32m+[0m[0m discard           = "on"
          [32m+[0m[0m file_format       = (known after apply)
          [32m+[0m[0m interface         = "scsi0"
          [32m+[0m[0m iothread          = false
          [32m+[0m[0m path_in_datastore = (known after apply)
          [32m+[0m[0m queues            = 0
          [32m+[0m[0m replicate         = true
          [32m+[0m[0m size              = 40
          [32m+[0m[0m ssd               = false
        }

      [32m+[0m[0m memory {
          [32m+[0m[0m dedicated      = 4096
          [32m+[0m[0m floating       = 0
          [32m+[0m[0m keep_hugepages = false
          [32m+[0m[0m shared         = 0
        }

      [32m+[0m[0m vga (known after apply)
    }

[1mPlan:[0m [0m5 to add, 0 to change, 2 to destroy.

Changes to Outputs:
  [33m~[0m[0m agent_context        = (sensitive value)
  [33m~[0m[0m scoring_engine_ip    = "10.0.0.138" -> (known after apply)
  [33m~[0m[0m team_passwords       = (sensitive value)
[0m[1mnull_resource.orchestrate: Destroying... [id=1169663671639059227][0m[0m
[0m[1mnull_resource.reboot_scoring_engine: Destroying... [id=8154560943251576260][0m[0m
[0m[1mnull_resource.reboot_scoring_engine: Destruction complete after 0s[0m
[0m[1mnull_resource.orchestrate: Destruction complete after 0s[0m
[0m[1mproxmox_network_linux_bridge.team_bridge["team2"]: Creating...[0m[0m
[0m[1mproxmox_network_linux_bridge.team_bridge["team1"]: Creating...[0m[0m
[0m[1mproxmox_network_linux_bridge.team_bridge["team1"]: Creation complete after 1s [id=proxmox:vmbr101][0m
[0m[1mproxmox_network_linux_bridge.team_bridge["team2"]: Creation complete after 3s [id=proxmox:vmbr102][0m
[0m[1mproxmox_virtual_environment_vm.scoring_engine: Creating...[0m[0m
[0m[1mproxmox_virtual_environment_vm.scoring_engine: Still creating... [00m10s elapsed][0m[0m
[0m[1mproxmox_virtual_environment_vm.scoring_engine: Still creating... [00m20s elapsed][0m[0m
[0m[1mproxmox_virtual_environment_vm.scoring_engine: Still creating... [00m30s elapsed][0m[0m
[0m[1mproxmox_virtual_environment_vm.scoring_engine: Still creating... [00m40s elapsed][0m[0m
[0m[1mproxmox_virtual_environment_vm.scoring_engine: Still creating... [00m50s elapsed][0m[0m
[0m[1mproxmox_virtual_environment_vm.scoring_engine: Still creating... [01m00s elapsed][0m[0m
[0m[1mproxmox_virtual_environment_vm.scoring_engine: Still creating... [01m10s elapsed][0m[0m
[0m[1mproxmox_virtual_environment_vm.scoring_engine: Still creating... [01m20s elapsed][0m[0m
[0m[1mproxmox_virtual_environment_vm.scoring_engine: Creation complete after 1m24s [id=1000][0m
[0m[1mnull_resource.orchestrate: Creating...[0m[0m
[0m[1mnull_resource.reboot_scoring_engine: Creating...[0m[0m
[0m[1mnull_resource.orchestrate: Provisioning with 'local-exec'...[0m[0m
[0m[1mnull_resource.orchestrate (local-exec):[0m [0mExecuting: ["/bin/sh" "-c" "for i in $(seq 1 30); do if ssh -i ../proxmox -o StrictHostKeyChecking=no -o UserKnownHostsFile=/dev/null -o ConnectTimeout=10 -o BatchMode=yes sysadmin@10.0.0.138 echo ok 2>/dev/null | grep -q ok; then echo 'Scoring engine online'; break; fi; echo \"Waiting for scoring engine ($i/30)\"; sleep 10; done; sleep 30"]
[0m[1mnull_resource.reboot_scoring_engine: Provisioning with 'local-exec'...[0m[0m
[0m[1mnull_resource.reboot_scoring_engine (local-exec):[0m [0mExecuting: ["/bin/sh" "-c" "echo \"Hard-stopping scoring engine VM 1000 via Proxmox API...\"\ncurl -sk -X POST \\\n  -H \"Authorization: PVEAPIToken ${TF_VAR_proxmox_api_token}\" \\\n  \"https://10.0.0.150:8006api2/json/nodes/proxmox/qemu/1000/status/stop\" \\\n  -d \"shutdown=0\"\necho \"\"\necho \"Waiting for VM to fully stop...\"\nsleep 15\necho \"Starting scoring engine VM 1000 via Proxmox API...\"\ncurl -sk -X POST \\\n  -H \"Authorization: PVEAPIToken ${TF_VAR_proxmox_api_token}\" \\\n  \"https://10.0.0.150:8006api2/json/nodes/proxmox/qemu/1000/status/start\"\necho \"\"\necho \"Cold-boot complete — PCI bus scan will detect new VirtIO NICs.\"\n"]
[0m[1mnull_resource.reboot_scoring_engine (local-exec):[0m [0mHard-stopping scoring engine VM 1000 via Proxmox API...

[0m[1mnull_resource.reboot_scoring_engine (local-exec):[0m [0mWaiting for VM to fully stop...
[0m[1mnull_resource.orchestrate: Still creating... [00m10s elapsed][0m[0m
[0m[1mnull_resource.reboot_scoring_engine: Still creating... [00m10s elapsed][0m[0m
[0m[1mnull_resource.orchestrate (local-exec):[0m [0mWaiting for scoring engine (1/30)
[0m[1mnull_resource.reboot_scoring_engine (local-exec):[0m [0mStarting scoring engine VM 1000 via Proxmox API...

[0m[1mnull_resource.reboot_scoring_engine (local-exec):[0m [0mCold-boot complete — PCI bus scan will detect new VirtIO NICs.
[0m[1mnull_resource.reboot_scoring_engine: Creation complete after 15s [id=4794321960465479021][0m
[0m[1mnull_resource.orchestrate: Still creating... [00m20s elapsed][0m[0m
[0m[1mnull_resource.orchestrate (local-exec):[0m [0mScoring engine online
[0m[1mnull_resource.orchestrate: Still creating... [00m30s elapsed][0m[0m
[0m[1mnull_resource.orchestrate: Still creating... [00m40s elapsed][0m[0m
[0m[1mnull_resource.orchestrate: Still creating... [00m50s elapsed][0m[0m
[0m[1mnull_resource.orchestrate: Provisioning with 'remote-exec'...[0m[0m
[0m[1mnull_resource.orchestrate (remote-exec):[0m [0mConnecting to remote host via SSH...
[0m[1mnull_resource.orchestrate (remote-exec):[0m [0m  Host: 10.0.0.138
[0m[1mnull_resource.orchestrate (remote-exec):[0m [0m  User: sysadmin
[0m[1mnull_resource.orchestrate (remote-exec):[0m [0m  Password: false
[0m[1mnull_resource.orchestrate (remote-exec):[0m [0m  Private key: true
[0m[1mnull_resource.orchestrate (remote-exec):[0m [0m  Certificate: false
[0m[1mnull_resource.orchestrate (remote-exec):[0m [0m  SSH Agent: false
[0m[1mnull_resource.orchestrate (remote-exec):[0m [0m  Checking Host Key: false
[0m[1mnull_resource.orchestrate (remote-exec):[0m [0m  Target Platform: unix
[0m[1mnull_resource.orchestrate (remote-exec):[0m [0mConnected!
[0m[1mnull_resource.orchestrate (remote-exec):[0m [0mnetwork:
[0m[1mnull_resource.orchestrate (remote-exec):[0m [0m  version: 2
[0m[1mnull_resource.orchestrate (remote-exec):[0m [0m  ethernets:
[0m[1mnull_resource.orchestrate (remote-exec):[0m [0m    ens19:
[0m[1mnull_resource.orchestrate (remote-exec):[0m [0m      addresses: ["192.168.101.1/24"]
[0m[1mnull_resource.orchestrate (remote-exec):[0m [0m    ens20:
[0m[1mnull_resource.orchestrate (remote-exec):[0m [0m      addresses: ["192.168.102.1/24"]

[0m[1mnull_resource.orchestrate (remote-exec):[0m [0m** (generate:2188154): [1;33mWARNING[0m **: [34m16:33:05.490[0m: Permissions for /etc/netplan/60-team-ifaces.yaml are too open. Netplan configuration should NOT be accessible by others.

[0m[1mnull_resource.orchestrate (remote-exec):[0m [0m** (process:2188152): [1;33mWARNING[0m **: [34m16:33:05.892[0m: Permissions for /etc/netplan/60-team-ifaces.yaml are too open. Netplan configuration should NOT be accessible by others.

[0m[1mnull_resource.orchestrate (remote-exec):[0m [0m** (process:2188152): [1;33mWARNING[0m **: [34m16:33:06.360[0m: Permissions for /etc/netplan/60-team-ifaces.yaml are too open. Netplan configuration should NOT be accessible by others.
[0m[1mnull_resource.orchestrate (remote-exec):[0m [0mnet.ipv4.ip_forward = 1
[0m[1mnull_resource.orchestrate (remote-exec):[0m [0mnet.ipv4.ip_forward=1
[0m[1mnull_resource.orchestrate (remote-exec):[0m [0mnet.ipv4.conf.all.rp_filter = 2
[0m[1mnull_resource.orchestrate (remote-exec):[0m [0mnet.ipv4.conf.default.rp_filter = 2
[0m[1mnull_resource.orchestrate (remote-exec):[0m [0mnet.ipv4.conf.all.rp_filter=2
[0m[1mnull_resource.orchestrate (remote-exec):[0m [0mnet.ipv4.conf.default.rp_filter=2
[0m[1mnull_resource.orchestrate: Creation complete after 53s [id=2114522211108736647][0m
[0m[1m[32m
Apply complete! Resources: 5 added, 0 changed, 2 destroyed.[0m
[0m[1m[32m
Outputs:

[0magent_context = <sensitive>
boxes_per_team = tolist([
  {
    "cpu" = 1
    "disk_gb" = tonumber(null)
    "last_octet" = 2
    "memory_mb" = 2048
    "name" = "pikachu"
    "template" = "debian13-lite"
  },
  {
    "cpu" = 1
    "disk_gb" = tonumber(null)
    "last_octet" = 3
    "memory_mb" = 2048
    "name" = "raichu"
    "template" = "debian13-lite"
  },
])
scoring_engine_ip = "10.0.0.138"
ssh_private_key_path = "../proxmox"
team_passwords = <sensitive>
team_vms = {
  "team1-pikachu" = {
    "box_name" = "pikachu"
    "identifier" = "101"
    "ip" = "192.168.101.2"
  }
  "team1-raichu" = {
    "box_name" = "raichu"
    "identifier" = "101"
    "ip" = "192.168.101.3"
  }
}
teams = {
  "team1" = "101"
  "team2" = "102"
}
  Waiting for VMs to initialize (60s)...
[3/7] Copying SSH key to scoring engine...
Warning: Permanently added '10.0.0.138' (ED25519) to the list of known hosts.
Warning: Permanently added '10.0.0.138' (ED25519) to the list of known hosts.
[4/7] Bootstrapping scoring engine (packages, Docker, Quotient)...
  Installing packages on scoring engine...
Warning: Permanently added '10.0.0.138' (ED25519) to the list of known hosts.
Hit:1 https://download.docker.com/linux/ubuntu noble InRelease
Hit:2 http://us.archive.ubuntu.com/ubuntu noble InRelease
Hit:3 http://security.ubuntu.com/ubuntu noble-security InRelease
Hit:4 http://us.archive.ubuntu.com/ubuntu noble-updates InRelease
Hit:5 http://us.archive.ubuntu.com/ubuntu noble-backports InRelease
Reading package lists...
Reading package lists...
Building dependency tree...
Reading state information...
docker.io is already the newest version (29.1.3-0ubuntu3~24.04.2).
git is already the newest version (1:2.43.0-1ubuntu7.3).
curl is already the newest version (8.5.0-2ubuntu10.11).
python3-pip is already the newest version (24.0+dfsg-1ubuntu1.3).
The following packages were automatically installed and are no longer required:
  libfwupd2 libgusb2
Use 'sudo apt autoremove' to remove them.
0 upgraded, 0 newly installed, 0 to remove and 22 not upgraded.
  Installing Docker Compose v2 plugin...
Warning: Permanently added '10.0.0.138' (ED25519) to the list of known hosts.
Hit:1 https://download.docker.com/linux/ubuntu noble InRelease
Hit:2 http://us.archive.ubuntu.com/ubuntu noble InRelease
Hit:3 http://us.archive.ubuntu.com/ubuntu noble-updates InRelease
Hit:4 http://us.archive.ubuntu.com/ubuntu noble-backports InRelease
Hit:5 http://security.ubuntu.com/ubuntu noble-security InRelease
Reading package lists...
Reading package lists...
Building dependency tree...
Reading state information...
docker-compose-plugin is already the newest version (5.3.1-1~ubuntu.24.04~noble).
The following packages were automatically installed and are no longer required:
  libfwupd2 libgusb2
Use 'sudo apt autoremove' to remove them.
0 upgraded, 0 newly installed, 0 to remove and 22 not upgraded.
  Starting Docker (already installed by Terraform)...
Warning: Permanently added '10.0.0.138' (ED25519) to the list of known hosts.
Client:
 Version:           29.1.3
 API version:       1.52
 Go version:        go1.24.4
 Git commit:        29.1.3-0ubuntu3~24.04.2
 Built:             Wed Apr 29 16:41:06 2026
 OS/Arch:           linux/amd64
 Context:           default

Server:
 Engine:
  Version:          29.1.3
  API version:      1.52 (minimum version 1.44)
  Go version:       go1.24.4
  Git commit:       29.1.3-0ubuntu3~24.04.2
  Built:            Wed Apr 29 16:41:06 2026
  OS/Arch:          linux/amd64
  Experimental:     false
 containerd:
  Version:          2.2.1
  GitCommit:        
 runc:
  Version:          1.3.4-0ubuntu1~24.04.1
  GitCommit:        
 docker-init:
  Version:          0.19.0
  GitCommit:        
  Cloning Quotient...
Warning: Permanently added '10.0.0.138' (ED25519) to the list of known hosts.
  Writing Quotient .env...
Warning: Permanently added '10.0.0.138' (ED25519) to the list of known hosts.
POSTGRES_PASSWORD=postgres_password
POSTGRES_USER=engineuser
POSTGRES_HOST=quotient_database
POSTGRES_DB=engine
REDIS_PASSWORD=redis_password
  Building Quotient Docker images...
Warning: Permanently added '10.0.0.138' (ED25519) to the list of known hosts.
 Image quotient_server Building 
 Image quotient-runner Building 
 Image quotient-divisor Building 
#1 [internal] load local bake definitions
#1 reading from stdin 1.36kB done
#1 DONE 0.0s

#2 [server internal] load build definition from Dockerfile
#2 transferring dockerfile: 454B done
#2 DONE 0.1s

#3 [runner internal] load build definition from Dockerfile.runner
#3 transferring dockerfile: 724B done
#3 DONE 0.1s

#4 [divisor internal] load build definition from Dockerfile
#4 transferring dockerfile: 390B done
#4 DONE 0.1s

#5 [divisor internal] load metadata for docker.io/library/golang:1.25-alpine
#5 DONE 0.6s

#6 [runner internal] load metadata for docker.io/library/alpine:3.21
#6 DONE 0.6s

#7 [divisor internal] load .dockerignore
#7 transferring context: 2B done
#7 DONE 0.1s

#8 [server internal] load .dockerignore
#8 transferring context: 67B done
#8 DONE 0.1s

#9 [server internal] load build context
#9 DONE 0.0s

#10 [server stage-1 1/5] FROM docker.io/library/alpine:3.21@sha256:48b0309ca019d89d40f670aa1bc06e426dc0931948452e8491e3d65087abc07d
#10 resolve docker.io/library/alpine:3.21@sha256:48b0309ca019d89d40f670aa1bc06e426dc0931948452e8491e3d65087abc07d
#10 resolve docker.io/library/alpine:3.21@sha256:48b0309ca019d89d40f670aa1bc06e426dc0931948452e8491e3d65087abc07d 0.2s done
#10 resolve docker.io/library/alpine:3.21@sha256:48b0309ca019d89d40f670aa1bc06e426dc0931948452e8491e3d65087abc07d 0.2s done
#10 CACHED

#11 [divisor builder 1/7] FROM docker.io/library/golang:1.25-alpine@sha256:56961d79ea8129efddcc0b8643fd8a5416b4e6228cfd477e3fd61deb2672c587
#11 resolve docker.io/library/golang:1.25-alpine@sha256:56961d79ea8129efddcc0b8643fd8a5416b4e6228cfd477e3fd61deb2672c587 0.2s done
#11 CACHED

#12 [runner stage-1 2/8] WORKDIR /app
#12 CACHED

#13 [runner builder 2/7] WORKDIR /src
#13 CACHED

#14 [divisor internal] load build context
#14 transferring context: 36.19kB done
#14 DONE 0.3s

#9 [runner internal] load build context
#9 transferring context: 169.06kB 0.1s done
#9 DONE 0.2s

#15 [runner builder 3/7] COPY go.mod go.sum ./
#15 DONE 0.5s

#16 [divisor stage-1 2/5] RUN apk add --no-cache     iproute2     iptables     bash
#16 0.970 fetch https://dl-cdn.alpinelinux.org/alpine/v3.21/main/x86_64/APKINDEX.tar.gz
#16 1.338 fetch https://dl-cdn.alpinelinux.org/alpine/v3.21/community/x86_64/APKINDEX.tar.gz
#16 2.363 (1/15) Installing ncurses-terminfo-base (6.5_p20241006-r3)
#16 2.392 (2/15) Installing libncursesw (6.5_p20241006-r3)
#16 2.497 (3/15) Installing readline (8.2.13-r0)
#16 2.541 (4/15) Installing bash (5.2.37-r0)
#16 2.875 Executing bash-5.2.37-r0.post-install
#16 2.944 (5/15) Installing libcap2 (2.78-r0)
#16 2.963 (6/15) Installing zstd-libs (1.5.6-r2)
#16 3.063 (7/15) Installing libelf (0.191-r0)
#16 3.093 (8/15) Installing libmnl (1.0.5-r2)
#16 3.117 (9/15) Installing iproute2-minimal (6.11.0-r0)
#16 3.352 (10/15) Installing libxtables (1.8.11-r1)
#16 ...

#17 [server stage-1 2/6] RUN apk add --no-cache ca-certificates
#17 1.037 fetch https://dl-cdn.alpinelinux.org/alpine/v3.21/main/x86_64/APKINDEX.tar.gz
#17 1.421 fetch https://dl-cdn.alpinelinux.org/alpine/v3.21/community/x86_64/APKINDEX.tar.gz
#17 2.531 (1/1) Installing ca-certificates (20260413-r0)
#17 3.005 Executing busybox-1.37.0-r14.trigger
#17 3.025 Executing ca-certificates-20260413-r0.trigger
#17 3.089 OK: 7 MiB in 16 packages
#17 DONE 3.5s

#16 [divisor stage-1 2/5] RUN apk add --no-cache     iproute2     iptables     bash
#16 3.375 (11/15) Installing iproute2-tc (6.11.0-r0)
#16 3.449 (12/15) Installing iproute2-ss (6.11.0-r0)
#16 3.481 (13/15) Installing iproute2 (6.11.0-r0)
#16 3.540 Executing iproute2-6.11.0-r0.post-install
#16 3.545 (14/15) Installing libnftnl (1.2.8-r0)
#16 3.577 (15/15) Installing iptables (1.8.11-r1)
#16 3.730 Executing busybox-1.37.0-r14.trigger
#16 3.878 OK: 13 MiB in 30 packages
#16 ...

#18 [server stage-1 3/6] COPY config/certs/. /usr/local/share/ca-certificates/
#18 DONE 0.5s

#19 [server stage-1 4/6] RUN update-ca-certificates
#19 ...

#16 [divisor stage-1 2/5] RUN apk add --no-cache     iproute2     iptables     bash
#16 DONE 4.2s

#20 [divisor stage-1 3/5] WORKDIR /app
#20 DONE 1.0s

#21 [divisor builder 2/7] RUN apk add --no-cache build-base
#21 2.696 ( 1/22) Installing libgcc (15.2.0-r5)
#21 2.890 ( 2/22) Installing jansson (2.15.0-r0)
#21 2.913 ( 3/22) Installing libstdc++ (15.2.0-r5)
#21 3.154 ( 4/22) Installing zstd-libs (1.5.7-r2)
#21 3.265 ( 5/22) Installing binutils (2.45.1-r1)
#21 4.008 ( 6/22) Installing libmagic (5.47-r2)
#21 4.239 ( 7/22) Installing file (5.47-r2)
#21 4.253 ( 8/22) Installing libgcc-static (15.2.0-r5)
#21 4.585 ( 9/22) Installing libgomp (15.2.0-r5)
#21 4.611 (10/22) Installing libatomic (15.2.0-r5)
#21 4.627 (11/22) Installing gmp (6.3.0-r4)
#21 4.686 (12/22) Installing isl26 (0.26-r2)
#21 4.828 (13/22) Installing mpfr4 (4.2.2-r0)
#21 4.877 (14/22) Installing mpc1 (1.3.1-r1)
#21 4.903 (15/22) Installing gcc (15.2.0-r5)
#21 ...

#22 [server builder 2/7] RUN apk add --no-cache git ca-certificates
#22 2.844 ( 1/12) Installing brotli-libs (1.2.0-r1)
#22 3.025 ( 2/12) Installing c-ares (1.34.8-r0)
#22 3.083 ( 3/12) Installing libunistring (1.4.2-r0)
#22 3.300 ( 4/12) Installing libidn2 (2.3.8-r0)
#22 3.331 ( 5/12) Installing nghttp2-libs (1.69.0-r0)
#22 3.369 ( 6/12) Installing libpsl (0.21.5-r3)
#22 3.401 ( 7/12) Installing zstd-libs (1.5.7-r2)
#22 3.513 ( 8/12) Installing libcurl (8.21.0-r0)
#22 3.629 ( 9/12) Installing libexpat (2.8.2-r0)
#22 3.668 (10/12) Installing pcre2 (10.47-r1)
#22 3.751 (11/12) Installing git (2.54.0-r0)
#22 4.565 (12/12) Installing git-init-template (2.54.0-r0)
#22 4.581 Executing busybox-1.37.0-r31.trigger
#22 5.068 OK: 20.6 MiB in 29 packages
#22 DONE 5.3s

#23 [server builder 3/7] WORKDIR /src
#23 ...

#19 [server stage-1 4/6] RUN update-ca-certificates
#19 DONE 1.5s

#24 [runner builder 4/7] RUN go mod download
#24 ...

#23 [server builder 3/7] WORKDIR /src
#23 DONE 0.4s

#25 [server builder 4/7] COPY go.mod go.sum ./
#25 DONE 0.4s

#24 [runner builder 4/7] RUN go mod download
#24 ...

#26 [server builder 5/7] RUN go mod download
#26 ...

#21 [divisor builder 2/7] RUN apk add --no-cache build-base
#21 9.496 (16/22) Installing libstdc++-dev (15.2.0-r5)
#21 9.826 (17/22) Installing musl-dev (1.2.6-r2)
#21 10.10 (18/22) Installing g++ (15.2.0-r5)
#21 11.24 (19/22) Installing make (4.4.1-r4)
#21 11.26 (20/22) Installing fortify-headers (3.0.1-r2)
#21 11.29 (21/22) Installing patch (2.8-r0)
#21 11.31 (22/22) Installing build-base (0.5-r4)
#21 11.31 Executing busybox-1.37.0-r31.trigger
#21 11.37 OK: 275.7 MiB in 39 packages
#21 DONE 15.6s

#26 [server builder 5/7] RUN go mod download
#26 ...

#24 [runner builder 4/7] RUN go mod download
#24 DONE 15.0s

#27 [divisor builder 3/7] WORKDIR /app
#27 DONE 0.6s

#28 [runner builder 5/7] COPY . .
#28 DONE 1.3s

#29 [divisor builder 4/7] COPY go.mod go.sum ./
#29 DONE 0.7s

#30 [divisor builder 5/7] RUN go mod download
#30 ...

#31 [runner builder 6/7] WORKDIR /src/runner
#31 DONE 0.4s

#32 [runner builder 7/7] RUN go build -o runner
#32 ...

#26 [server builder 5/7] RUN go mod download
#26 DONE 16.0s

#33 [server builder 6/7] COPY . .
#33 DONE 4.0s

#30 [divisor builder 5/7] RUN go mod download
#30 DONE 9.1s

#34 [divisor builder 6/7] COPY . .
#34 DONE 0.6s

#35 [server builder 7/7] RUN go build -o quotient
#35 ...

#36 [divisor builder 7/7] RUN go build -o divisor .
#36 DONE 121.4s

#35 [server builder 7/7] RUN go build -o quotient
#35 ...

#37 [divisor stage-1 4/5] COPY --from=builder /app/divisor /app/divisor
#37 DONE 0.4s

#35 [server builder 7/7] RUN go build -o quotient
#35 ...

#38 [divisor stage-1 5/5] COPY .env /app/.env
#38 DONE 0.3s

#35 [server builder 7/7] RUN go build -o quotient
#35 ...

#39 [divisor] exporting to image
#39 exporting layers
#39 exporting layers 2.6s done
#39 exporting manifest sha256:7f664f3f7c0ba7f73816013173a27c9e0018782b45df41120cf16d260ae4bf4d
#39 exporting manifest sha256:7f664f3f7c0ba7f73816013173a27c9e0018782b45df41120cf16d260ae4bf4d 0.1s done
#39 exporting config sha256:e4a1e4b5a66c832a390b93308c78cf0dd84543e6583d9ae8456b5967ccdc8d4d 0.1s done
#39 exporting attestation manifest sha256:881bc7257e4c6585323a3bf88690d5eae3d5fc4bda56e4e1c5c86b8c860f6528 0.1s done
#39 exporting manifest list sha256:336fbcb638c865469703eed2c0262f535bb15b2629bd8aebb0c8dd28dfe60069
#39 exporting manifest list sha256:336fbcb638c865469703eed2c0262f535bb15b2629bd8aebb0c8dd28dfe60069 0.1s done
#39 naming to docker.io/library/quotient-divisor:latest 0.0s done
#39 unpacking to docker.io/library/quotient-divisor:latest
#39 unpacking to docker.io/library/quotient-divisor:latest 0.8s done
#39 DONE 3.9s

#35 [server builder 7/7] RUN go build -o quotient
#35 ...

#40 [divisor] resolving provenance for metadata file
#40 DONE 0.0s

#35 [server builder 7/7] RUN go build -o quotient
#35 ...

#32 [runner builder 7/7] RUN go build -o runner
#32 DONE 149.0s

#35 [server builder 7/7] RUN go build -o quotient
#35 ...

#41 [runner stage-1 3/8] COPY --from=builder /src/runner/runner runner
#41 DONE 0.4s

#35 [server builder 7/7] RUN go build -o quotient
#35 ...

#42 [runner stage-1 4/8] RUN apk add --no-cache tini wireguard-tools iproute2 iputils curl git openssh py3-uv python3 proxychains-ng jq file sshpass bind-tools grep chrony krb5
#42 0.483 fetch https://dl-cdn.alpinelinux.org/alpine/v3.21/main/x86_64/APKINDEX.tar.gz
#42 0.768 fetch https://dl-cdn.alpinelinux.org/alpine/v3.21/community/x86_64/APKINDEX.tar.gz
#42 1.723 (1/87) Installing fstrm (0.6.1-r4)
#42 1.761 (2/87) Installing krb5-conf (1.0-r2)
#42 1.784 (3/87) Installing libcom_err (1.47.1-r1)
#42 1.799 (4/87) Installing keyutils-libs (1.6.3-r4)
#42 1.814 (5/87) Installing libverto (0.3.2-r2)
#42 1.827 (6/87) Installing krb5-libs (1.21.3-r0)
#42 1.999 (7/87) Installing json-c (0.18-r0)
#42 2.019 (8/87) Installing nghttp2-libs (1.69.0-r0)
#42 2.047 (9/87) Installing protobuf-c (1.5.0-r2)
#42 2.068 (10/87) Installing libuv (1.49.2-r0)
#42 2.106 (11/87) Installing xz-libs (5.8.3-r0)
#42 2.147 (12/87) Installing libxml2 (2.13.9-r1)
#42 2.254 (13/87) Installing bind-libs (9.18.49-r0)
#42 2.457 (14/87) Installing bind-tools (9.18.49-r0)
#42 2.513 (15/87) Installing libcap2 (2.78-r0)
#42 2.529 (16/87) Installing gmp (6.3.0-r2)
#42 2.581 (17/87) Installing nettle (3.10.2-r0)
#42 2.656 (18/87) Installing libunistring (1.2-r0)
#42 2.775 (19/87) Installing libidn2 (2.3.7-r0)
#42 2.810 (20/87) Installing libffi (3.4.7-r0)
#42 2.823 (21/87) Installing libtasn1 (4.21.0-r0)
#42 2.843 (22/87) Installing p11-kit (0.26.2-r0)
#42 2.916 (23/87) Installing gnutls (3.8.13-r0)
#42 3.064 (24/87) Installing libseccomp (2.5.5-r1)
#42 3.096 (25/87) Installing chrony (4.6.1-r0)
#42 3.125 Executing chrony-4.6.1-r0.pre-install
#42 3.232 (26/87) Installing brotli-libs (1.1.0-r2)
#42 3.310 (27/87) Installing c-ares (1.34.8-r0)
#42 3.346 (28/87) Installing libpsl (0.21.5-r3)
#42 3.372 (29/87) Installing zstd-libs (1.5.6-r2)
#42 3.433 (30/87) Installing libcurl (8.14.1-r2)
#42 3.495 (31/87) Installing curl (8.14.1-r2)
#42 3.521 (32/87) Installing libmagic (5.46-r2)
#42 3.643 (33/87) Installing file (5.46-r2)
#42 3.664 (34/87) Installing libexpat (2.8.2-r0)
#42 3.690 (35/87) Installing pcre2 (10.43-r0)
#42 3.743 (36/87) Installing git (2.47.3-r0)
#42 4.150 (37/87) Installing git-init-template (2.47.3-r0)
#42 4.167 (38/87) Installing grep (3.11-r0)
#42 4.202 (39/87) Installing libelf (0.191-r0)
#42 4.221 (40/87) Installing libmnl (1.0.5-r2)
#42 4.241 (41/87) Installing iproute2-minimal (6.11.0-r0)
#42 4.288 (42/87) Installing libxtables (1.8.11-r1)
#42 4.302 (43/87) Installing iproute2-tc (6.11.0-r0)
#42 4.360 (44/87) Installing iproute2-ss (6.11.0-r0)
#42 4.381 (45/87) Installing iproute2 (6.11.0-r0)
#42 4.406 Executing iproute2-6.11.0-r0.post-install
#42 4.409 (46/87) Installing iputils-arping (20240905-r0)
#42 4.434 (47/87) Installing iputils-clockdiff (20240905-r0)
#42 4.452 (48/87) Installing iputils-ping (20240905-r0)
#42 4.469 (49/87) Installing iputils-tracepath (20240905-r0)
#42 4.484 (50/87) Installing iputils (20240905-r0)
#42 4.484 (51/87) Installing oniguruma (6.9.9-r0)
#42 4.512 (52/87) Installing jq (1.7.1-r0)
#42 4.578 (53/87) Installing e2fsprogs-libs (1.47.1-r1)
#42 4.621 (54/87) Installing krb5 (1.21.3-r0)
#42 4.649 (55/87) Installing openssh-keygen (9.9_p2-r0)
#42 4.698 (56/87) Installing ncurses-terminfo-base (6.5_p20241006-r3)
#42 4.730 (57/87) Installing libncursesw (6.5_p20241006-r3)
#42 4.762 (58/87) Installing libedit (20240808.3.1-r0)
#42 4.790 (59/87) Installing openssh-client-common (9.9_p2-r0)
#42 4.919 (60/87) Installing openssh-client-default (9.9_p2-r0)
#42 4.991 (61/87) Installing openssh-sftp-server (9.9_p2-r0)
#42 5.020 (62/87) Installing openssh-server-common (9.9_p2-r0)
#42 5.035 (63/87) Installing openssh-server (9.9_p2-r0)
#42 5.114 (64/87) Installing openssh (9.9_p2-r0)
#42 5.139 (65/87) Installing proxychains-ng (4.17-r1)
#42 5.162 (66/87) Installing libbz2 (1.0.8-r6)
#42 5.184 (67/87) Installing libgcc (14.2.0-r4)
#42 5.201 (68/87) Installing uv (0.5.31-r0)
#42 5.933 (69/87) Installing gdbm (1.24-r0)
#42 5.951 (70/87) Installing libstdc++ (14.2.0-r4)
#42 6.040 (71/87) Installing mpdecimal (4.0.0-r0)
#42 6.076 (72/87) Installing libpanelw (6.5_p20241006-r3)
#42 6.093 (73/87) Installing readline (8.2.13-r0)
#42 6.117 (74/87) Installing sqlite-libs (3.48.0-r4)
#42 6.234 (75/87) Installing python3 (3.12.13-r0)
#42 6.919 (76/87) Installing python3-pycache-pyc0 (3.12.13-r0)
#42 7.285 (77/87) Installing pyc (3.12.13-r0)
#42 7.285 (78/87) Installing py3-uv-pyc (0.5.31-r0)
#42 7.395 (79/87) Installing python3-pyc (3.12.13-r0)
#42 7.395 (80/87) Installing py3-uv (0.5.31-r0)
#42 7.412 (81/87) Installing sshpass (1.10-r0)
#42 7.428 (82/87) Installing tini (0.19.0-r3)
#42 7.443 (83/87) Installing wireguard-tools-wg (1.0.20210914-r4)
#42 7.457 (84/87) Installing bash (5.2.37-r0)
#42 7.999 Executing bash-5.2.37-r0.post-install
#42 ...

#35 [server builder 7/7] RUN go build -o quotient
#35 DONE 149.0s

#42 [runner stage-1 4/8] RUN apk add --no-cache tini wireguard-tools iproute2 iputils curl git openssh py3-uv python3 proxychains-ng jq file sshpass bind-tools grep chrony krb5
#42 8.003 (85/87) Installing openresolv (3.13.2-r1)
#42 8.021 (86/87) Installing wireguard-tools-wg-quick (1.0.20210914-r4)
#42 8.036 (87/87) Installing wireguard-tools (1.0.20210914-r4)
#42 8.053 Executing busybox-1.37.0-r14.trigger
#42 8.100 OK: 106 MiB in 102 packages
#42 DONE 8.3s

#43 [server stage-1 5/6] COPY --from=builder /src/quotient /usr/local/bin/quotient
#43 ...

#44 [runner stage-1 5/8] COPY custom-checks/requirements.txt /app
#44 DONE 0.4s

#45 [runner stage-1 6/8] RUN ln -sf python3 /usr/bin/python
#45 ...

#43 [server stage-1 5/6] COPY --from=builder /src/quotient /usr/local/bin/quotient
#43 DONE 0.7s

#46 [server stage-1 6/6] WORKDIR /app
#46 DONE 0.4s

#45 [runner stage-1 6/8] RUN ln -sf python3 /usr/bin/python
#45 DONE 1.1s

#47 [server] exporting to image
#47 exporting layers
#47 ...

#48 [runner stage-1 7/8] RUN uv pip install --system --break-system-packages setuptools
#48 1.271 Using Python 3.12.13 environment at: /usr
#48 1.569 Resolved 1 package in 279ms
#48 1.963 Prepared 1 package in 392ms
#48 2.033 Installed 1 package in 70ms
#48 2.033  + setuptools==83.0.0
#48 DONE 2.4s

#49 [runner stage-1 8/8] RUN uv pip install --system --break-system-packages -r /app/requirements.txt
#49 0.757 Using Python 3.12.13 environment at: /usr
#49 ...

#47 [server] exporting to image
#47 exporting layers 2.9s done
#47 exporting manifest sha256:1e95e71bf40090cdd16afdf892cfef75e4b0771cca3adc7f3057b62ad5c0d690 0.2s done
#47 exporting config sha256:0595d28f49313d0c7722d60adb164292ecb486645ec8629246a3c61d0a8dc30e 0.1s done
#47 exporting attestation manifest sha256:254ef5f635c4783ccfa24d23936752fc2047c7d16fc9e60087133f08a2dbbbab 0.3s done
#47 exporting manifest list sha256:18da428d41962e5fdd2906d6c8dc4f1f9caaad0ddcb635ea5295d06f60db5dff 0.2s done
#47 naming to docker.io/library/quotient_server:latest 0.0s done
#47 unpacking to docker.io/library/quotient_server:latest 0.8s done
#47 DONE 4.6s

#49 [runner stage-1 8/8] RUN uv pip install --system --break-system-packages -r /app/requirements.txt
#49 2.041 Resolved 50 packages in 1.22s
#49 2.178 Downloading twisted (3.1MiB)
#49 2.179 Downloading pillow (6.7MiB)
#49 2.181 Downloading impacket (1.7MiB)
#49 2.181 Downloading pynacl (1.3MiB)
#49 2.182 Downloading pycryptodomex (2.2MiB)
#49 2.182 Downloading cryptography (4.8MiB)
#49 ...

#50 [server] resolving provenance for metadata file
#50 DONE 0.0s

#49 [runner stage-1 8/8] RUN uv pip install --system --break-system-packages -r /app/requirements.txt
#49 3.320    Building zope-interface==8.5
#49 4.445  Downloaded pynacl
#49 4.620  Downloaded impacket
#49 4.819  Downloaded pycryptodomex
#49 5.059  Downloaded twisted
#49 5.367  Downloaded cryptography
#49 5.527  Downloaded pillow
#49 10.88       Built zope-interface==8.5
#49 10.89 Prepared 50 packages in 8.84s
#49 11.33 Installed 50 packages in 439ms
#49 11.33  + aes==1.2.0
#49 11.33  + argparse==1.4.0
#49 11.33  + attrs==26.1.0
#49 11.33  + automat==25.4.16
#49 11.33  + bcrypt==5.0.0
#49 11.33  + beautifulsoup4==4.15.0
#49 11.33  + blinker==1.9.0
#49 11.33  + certifi==2026.6.17
#49 11.33  + cffi==2.1.0
#49 11.33  + charset-normalizer==3.4.9
#49 11.33  + click==8.4.2
#49 11.33  + constantly==23.10.4
#49 11.33  + cryptography==49.0.0
#49 11.33  + dnspython==2.8.0
#49 11.33  + fake-useragent==2.2.0
#49 11.33  + flask==3.1.3
#49 11.33  + hyperlink==21.0.0
#49 11.33  + idna==3.18
#49 11.34  + impacket==0.13.1
#49 11.34  + incremental==24.11.0
#49 11.34  + invoke==3.0.3
#49 11.34  + itsdangerous==2.2.0
#49 11.34  + jinja2==3.1.6
#49 11.34  + ldap3==2.9.1
#49 11.34  + ldapdomaindump==0.10.0
#49 11.34  + markupsafe==3.0.3
#49 11.34  + packaging==26.2
#49 11.34  + paramiko==5.0.0
#49 11.34  + pexpect==4.9.0
#49 11.34  + pillow==12.3.0
#49 11.34  + ptyprocess==0.7.0
#49 11.34  + pyasn1==0.6.4
#49 11.34  + pyasn1-modules==0.4.2
#49 11.34  + pycparser==3.0
#49 11.34  + pycryptodomex==3.23.0
#49 11.34  + pynacl==1.6.2
#49 11.34  + pyopenssl==26.3.0
#49 11.34  + pysocks==1.7.1
#49 11.34  + pyspnego==0.12.1
#49 11.34  + pyyaml==6.0.3
#49 11.34  + requests==2.34.2
#49 11.34  + six==1.17.0
#49 11.34  + smbprotocol==1.17.0
#49 11.34  + soupsieve==2.8.4
#49 11.34  + twisted==26.4.0
#49 11.34  + typing-extensions==4.16.0
#49 11.34  + urllib3==2.7.0
#49 11.34  + vncdotool==1.3.0
#49 11.34  + werkzeug==3.1.8
#49 11.34  + zope-interface==8.5
#49 DONE 11.8s

#51 [runner] exporting to image
#51 exporting layers
#51 exporting layers 7.5s done
#51 exporting manifest sha256:ef374598b1460c77c00a37de07b3a2bea3d255fce9c6c71d21011d4eed3abe56 0.1s done
#51 exporting config sha256:2aa43e9c1d43f60739c2c673549d17386fd39743291a33c6ddbaf9d314308c8c 0.1s done
#51 exporting attestation manifest sha256:75988f67f34f59f074b02f6d56421f99616c41595f742486a110b24c49d27831 0.1s done
#51 exporting manifest list sha256:8b1bf3e78b5fbef5c2e1f90bd281583bc3174c2fae7dc0a64d2e8893bae31ef0
#51 exporting manifest list sha256:8b1bf3e78b5fbef5c2e1f90bd281583bc3174c2fae7dc0a64d2e8893bae31ef0 0.1s done
#51 naming to docker.io/library/quotient-runner:latest 0.0s done
#51 unpacking to docker.io/library/quotient-runner:latest
#51 unpacking to docker.io/library/quotient-runner:latest 3.6s done
#51 DONE 11.6s

#52 [runner] resolving provenance for metadata file
#52 DONE 0.0s
 Image quotient-divisor Built 
 Image quotient-runner Built 
 Image quotient_server Built 
  Starting Quotient Docker containers...
Warning: Permanently added '10.0.0.138' (ED25519) to the list of known hosts.
 Container quotient_database Running 
 Container quotient_redis Running 
 Container quotient-divisor-1 Recreate 
 Container quotient-runner-1 Recreate 
 Container quotient-runner-4 Recreate 
 Container quotient-runner-5 Recreate 
 Container quotient_server Recreate 
 Container quotient-runner-2 Recreate 
 Container quotient-runner-3 Recreate 
 Container quotient-divisor-1 Recreated 
 Container quotient-runner-4 Recreated 
 Container quotient_server Recreated 
 Container quotient-runner-5 Recreated 
 Container quotient-runner-3 Recreated 
 Container quotient-runner-2 Recreated 
 Container quotient-runner-1 Recreated 
 Container quotient_redis Waiting 
 Container quotient_redis Waiting 
 Container quotient_database Waiting 
 Container quotient_database Waiting 
 Container quotient_redis Healthy 
 Container quotient-divisor-1 Starting 
 Container quotient_redis Healthy 
 Container quotient_database Healthy 
 Container quotient_server Starting 
 Container quotient_database Healthy 
 Container quotient-runner-5 Starting 
 Container quotient-runner-5 Started 
 Container quotient-runner-2 Starting 
 Container quotient-divisor-1 Started 
 Container quotient_server Started 
 Container quotient-runner-2 Started 
 Container quotient-runner-3 Starting 
 Container quotient-runner-3 Started 
 Container quotient-runner-4 Starting 
 Container quotient-runner-4 Started 
 Container quotient-runner-1 Starting 
 Container quotient-runner-1 Started 
  Restoring network forwarding rules after Docker start...
Warning: Permanently added '10.0.0.138' (ED25519) to the list of known hosts.
  Forwarding rules restored
[4.5/7] Enabling password auth + NOPASSWD sudo for ubuntu on team1 boxes...
  Enabling password auth + NOPASSWD sudo for ubuntu on team boxes...
ssh: Could not resolve hostname nc: Name or service not known
Connection closed by UNKNOWN port 65535
    Auth attempt 1/8 failed for 192.168.101.2, retrying in 15s...
ssh: Could not resolve hostname nc: Name or service not known
Connection closed by UNKNOWN port 65535
    Auth attempt 2/8 failed for 192.168.101.2, retrying in 15s...
ssh: Could not resolve hostname nc: Name or service not known
Connection closed by UNKNOWN port 65535
    Auth attempt 3/8 failed for 192.168.101.2, retrying in 15s...
