Tezcatlipoca - CTF Range Deployment
========================================

Previous competitions:
  [1] cde-2026
  [2] example

Create new (n) or reuse existing (number)? 
============================================================
  Deploying cde-2026
============================================================

How many teams? 
─── Ready to deploy ────────────────────────────────────────────
  Competition : CDE 2026
  Scenario    : Cyber defense exercise by UMBC Cyberdawgs
  Difficulty  : 4 / 10
  Teams       : 2  (team1–team2, passwords auto-generated)
  Boxes       :
    pikachu — debian13-lite  (1 CPU, 2048 MB)
    raichu — debian13-lite  (1 CPU, 2048 MB)

  Terraform will now run; this takes several minutes.
  Continue? (y/n): [1/7] Cleaning up previous deployment...
[2/7] Running Terraform init & apply...
[0m[1mInitializing the backend...[0m

[0m[1mInitializing provider plugins...[0m
- Reusing previous version of bpg/proxmox from the dependency lock file
- Reusing previous version of hashicorp/null from the dependency lock file
- Using previously-installed bpg/proxmox v0.111.1
- Using previously-installed hashicorp/null v3.3.0


[0m[1m[32mTerraform has been successfully initialized![0m[32m[0m
[0m[32m
You may now begin working with Terraform. Try running "terraform plan" to see
any changes that are required for your infrastructure. All Terraform commands
should now work.

If you ever set or change modules or backend configuration for Terraform,
rerun this command to reinitialize your working directory. If you forget, other
commands will detect it and remind you to do so if necessary.[0m
[0m[1mdata.proxmox_virtual_environment_vms.templates: Reading...[0m[0m
[0m[1mproxmox_network_linux_bridge.team_bridge["team2"]: Refreshing state... [id=proxmox:vmbr102][0m
[0m[1mproxmox_network_linux_bridge.team_bridge["team1"]: Refreshing state... [id=proxmox:vmbr101][0m
[0m[1mdata.proxmox_virtual_environment_vms.templates: Read complete after 0s [id=0af1335c-90f0-49ab-bf3a-6b82688f64af][0m
[0m[1mproxmox_virtual_environment_vm.team_box["team1-raichu"]: Refreshing state... [id=1211][0m
[0m[1mproxmox_virtual_environment_vm.team_box["team1-pikachu"]: Refreshing state... [id=1210][0m
[0m[1mproxmox_virtual_environment_vm.scoring_engine: Refreshing state... [id=1000][0m
[0m[1mnull_resource.orchestrate: Refreshing state... [id=2114522211108736647][0m
[0m[1mnull_resource.reboot_scoring_engine: Refreshing state... [id=4794321960465479021][0m

[1m[36mNote:[0m[1m Objects have changed outside of Terraform
[0m
Terraform detected the following changes made outside of Terraform since the
last "terraform apply" which may have affected this plan:

[1m  # proxmox_virtual_environment_vm.scoring_engine[0m has been deleted
[0m  [31m-[0m[0m resource "proxmox_virtual_environment_vm" "scoring_engine" {
      [31m-[0m[0m id                                   = "1000" [90m-> null[0m[0m
      [31m-[0m[0m ipv4_addresses                       = [
          [31m-[0m[0m [
              [31m-[0m[0m "127.0.0.1",
            ],
          [31m-[0m[0m [
              [31m-[0m[0m "10.0.0.138",
            ],
          [31m-[0m[0m [],
          [31m-[0m[0m [],
        ] [90m-> null[0m[0m
        name                                 = "quotient-engine"
        [90m# (31 unchanged attributes hidden)[0m[0m

        [90m# (5 unchanged blocks hidden)[0m[0m
    }


Unless you have made equivalent changes to your configuration, or ignored the
relevant attributes using ignore_changes, the following plan may include
actions to undo or respond to these changes.
[90m
─────────────────────────────────────────────────────────────────────────────[0m

Terraform used the selected providers to generate the following execution
plan. Resource actions are indicated with the following symbols:
  [32m+[0m create[0m
[31m-[0m/[32m+[0m destroy and then create replacement[0m

Terraform will perform the following actions:

[1m  # null_resource.orchestrate[0m must be [1m[31mreplaced[0m
[0m[31m-[0m/[32m+[0m[0m resource "null_resource" "orchestrate" {
      [33m~[0m[0m id       = "2114522211108736647" -> (known after apply)
      [33m~[0m[0m triggers = { [31m# forces replacement[0m[0m
          [33m~[0m[0m "engine_id" = "1000" -> (known after apply)
            [90m# (1 unchanged element hidden)[0m[0m
        }
    }

[1m  # null_resource.reboot_scoring_engine[0m must be [1m[31mreplaced[0m
[0m[31m-[0m/[32m+[0m[0m resource "null_resource" "reboot_scoring_engine" {
      [33m~[0m[0m id       = "4794321960465479021" -> (known after apply)
      [33m~[0m[0m triggers = { [31m# forces replacement[0m[0m
          [33m~[0m[0m "engine_id" = "1000" -> (known after apply)
        }
    }

[1m  # proxmox_network_linux_bridge.team_bridge["team1"][0m will be created
[0m  [32m+[0m[0m resource "proxmox_network_linux_bridge" "team_bridge" {
      [32m+[0m[0m autostart      = true
      [32m+[0m[0m comment        = "Quotient team team1 — isolated, no uplink"
      [32m+[0m[0m id             = (known after apply)
      [32m+[0m[0m name           = "vmbr101"
      [32m+[0m[0m node_name      = "proxmox"
      [32m+[0m[0m timeout_reload = 100
      [32m+[0m[0m vids           = (known after apply)
      [32m+[0m[0m vlan_aware     = (known after apply)
    }

[1m  # proxmox_network_linux_bridge.team_bridge["team2"][0m will be created
[0m  [32m+[0m[0m resource "proxmox_network_linux_bridge" "team_bridge" {
      [32m+[0m[0m autostart      = true
      [32m+[0m[0m comment        = "Quotient team team2 — isolated, no uplink"
      [32m+[0m[0m id             = (known after apply)
      [32m+[0m[0m name           = "vmbr102"
      [32m+[0m[0m node_name      = "proxmox"
      [32m+[0m[0m timeout_reload = 100
      [32m+[0m[0m vids           = (known after apply)
      [32m+[0m[0m vlan_aware     = (known after apply)
    }

[1m  # proxmox_virtual_environment_vm.scoring_engine[0m will be created
[0m  [32m+[0m[0m resource "proxmox_virtual_environment_vm" "scoring_engine" {
      [32m+[0m[0m acpi                                 = true
      [32m+[0m[0m bios                                 = "seabios"
      [32m+[0m[0m boot_order                           = (known after apply)
      [32m+[0m[0m delete_unreferenced_disks_on_destroy = true
      [32m+[0m[0m hotplug                              = (known after apply)
      [32m+[0m[0m id                                   = (known after apply)
      [32m+[0m[0m ipv4_addresses                       = (known after apply)
      [32m+[0m[0m ipv6_addresses                       = (known after apply)
      [32m+[0m[0m keyboard_layout                      = "en-us"
      [32m+[0m[0m mac_addresses                        = (known after apply)
      [32m+[0m[0m migrate                              = false
      [32m+[0m[0m name                                 = "quotient-engine"
      [32m+[0m[0m network_device                       = [
          [32m+[0m[0m {
              [32m+[0m[0m bridge      = "vmbr0"
              [32m+[0m[0m enabled     = true
              [32m+[0m[0m firewall    = false
              [32m+[0m[0m mac_address = (known after apply)
              [32m+[0m[0m model       = "virtio"
              [32m+[0m[0m mtu         = 0
              [32m+[0m[0m queues      = 0
              [32m+[0m[0m rate_limit  = 0
              [32m+[0m[0m vlan_id     = 0
            },
          [32m+[0m[0m {
              [32m+[0m[0m bridge      = "vmbr101"
              [32m+[0m[0m enabled     = true
              [32m+[0m[0m firewall    = false
              [32m+[0m[0m mac_address = (known after apply)
              [32m+[0m[0m model       = "virtio"
              [32m+[0m[0m mtu         = 0
              [32m+[0m[0m queues      = 0
              [32m+[0m[0m rate_limit  = 0
              [32m+[0m[0m vlan_id     = 0
            },
          [32m+[0m[0m {
              [32m+[0m[0m bridge      = "vmbr102"
              [32m+[0m[0m enabled     = true
              [32m+[0m[0m firewall    = false
              [32m+[0m[0m mac_address = (known after apply)
              [32m+[0m[0m model       = "virtio"
              [32m+[0m[0m mtu         = 0
              [32m+[0m[0m queues      = 0
              [32m+[0m[0m rate_limit  = 0
              [32m+[0m[0m vlan_id     = 0
            },
        ]
      [32m+[0m[0m network_interface_names              = (known after apply)
      [32m+[0m[0m node_name                            = "proxmox"
      [32m+[0m[0m on_boot                              = true
      [32m+[0m[0m protection                           = false
      [32m+[0m[0m purge_on_destroy                     = true
      [32m+[0m[0m reboot                               = false
      [32m+[0m[0m reboot_after_update                  = true
      [32m+[0m[0m scsi_hardware                        = "virtio-scsi-pci"
      [32m+[0m[0m started                              = true
      [32m+[0m[0m stop_on_destroy                      = false
      [32m+[0m[0m tablet_device                        = true
      [32m+[0m[0m template                             = false
      [32m+[0m[0m timeout_clone                        = 1800
      [32m+[0m[0m timeout_create                       = 1800
      [32m+[0m[0m timeout_migrate                      = 1800
      [32m+[0m[0m timeout_move_disk                    = 1800
      [32m+[0m[0m timeout_reboot                       = 1800
      [32m+[0m[0m timeout_shutdown_vm                  = 1800
      [32m+[0m[0m timeout_start_vm                     = 1800
      [32m+[0m[0m timeout_stop_vm                      = 300
      [32m+[0m[0m vm_id                                = 1000

      [32m+[0m[0m agent {
          [32m+[0m[0m enabled = true
          [32m+[0m[0m timeout = "15m"
          [32m+[0m[0m trim    = false
          [32m+[0m[0m type    = "virtio"
        }

      [32m+[0m[0m clone {
          [32m+[0m[0m full    = true
          [32m+[0m[0m retries = 1
          [32m+[0m[0m vm_id   = 9106
        }

      [32m+[0m[0m cpu {
          [32m+[0m[0m cores      = 4
          [32m+[0m[0m hotplugged = 0
          [32m+[0m[0m limit      = 0
          [32m+[0m[0m numa       = false
          [32m+[0m[0m sockets    = 1
          [32m+[0m[0m type       = "qemu64"
          [32m+[0m[0m units      = (known after apply)
        }

      [32m+[0m[0m disk {
          [32m+[0m[0m aio               = "io_uring"
          [32m+[0m[0m backup            = true
          [32m+[0m[0m cache             = "none"
          [32m+[0m[0m datastore_id      = "ssd"
          [32m+[0m[0m discard           = "on"
          [32m+[0m[0m file_format       = (known after apply)
          [32m+[0m[0m interface         = "scsi0"
          [32m+[0m[0m iothread          = false
          [32m+[0m[0m path_in_datastore = (known after apply)
          [32m+[0m[0m queues            = 0
          [32m+[0m[0m replicate         = true
          [32m+[0m[0m size              = 40
          [32m+[0m[0m ssd               = false
        }

      [32m+[0m[0m memory {
          [32m+[0m[0m dedicated      = 4096
          [32m+[0m[0m floating       = 0
          [32m+[0m[0m keep_hugepages = false
          [32m+[0m[0m shared         = 0
        }

      [32m+[0m[0m vga (known after apply)
    }

[1mPlan:[0m [0m5 to add, 0 to change, 2 to destroy.

Changes to Outputs:
  [33m~[0m[0m agent_context        = (sensitive value)
  [33m~[0m[0m scoring_engine_ip    = "10.0.0.138" -> (known after apply)
  [33m~[0m[0m team_passwords       = (sensitive value)
[0m[1mnull_resource.orchestrate: Destroying... [id=2114522211108736647][0m[0m
[0m[1mnull_resource.reboot_scoring_engine: Destroying... [id=4794321960465479021][0m[0m
[0m[1mnull_resource.orchestrate: Destruction complete after 0s[0m
[0m[1mnull_resource.reboot_scoring_engine: Destruction complete after 0s[0m
[0m[1mproxmox_network_linux_bridge.team_bridge["team2"]: Creating...[0m[0m
[0m[1mproxmox_network_linux_bridge.team_bridge["team1"]: Creating...[0m[0m
[0m[1mproxmox_network_linux_bridge.team_bridge["team2"]: Creation complete after 1s [id=proxmox:vmbr102][0m
[0m[1mproxmox_network_linux_bridge.team_bridge["team1"]: Creation complete after 3s [id=proxmox:vmbr101][0m
[0m[1mproxmox_virtual_environment_vm.scoring_engine: Creating...[0m[0m
[0m[1mproxmox_virtual_environment_vm.scoring_engine: Still creating... [00m10s elapsed][0m[0m
[0m[1mproxmox_virtual_environment_vm.scoring_engine: Still creating... [00m20s elapsed][0m[0m
[0m[1mproxmox_virtual_environment_vm.scoring_engine: Still creating... [00m30s elapsed][0m[0m
[0m[1mproxmox_virtual_environment_vm.scoring_engine: Still creating... [00m40s elapsed][0m[0m
[0m[1mproxmox_virtual_environment_vm.scoring_engine: Still creating... [00m50s elapsed][0m[0m
[0m[1mproxmox_virtual_environment_vm.scoring_engine: Still creating... [01m00s elapsed][0m[0m
[0m[1mproxmox_virtual_environment_vm.scoring_engine: Still creating... [01m10s elapsed][0m[0m
[0m[1mproxmox_virtual_environment_vm.scoring_engine: Still creating... [01m20s elapsed][0m[0m
[0m[1mproxmox_virtual_environment_vm.scoring_engine: Creation complete after 1m20s [id=1000][0m
[0m[1mnull_resource.reboot_scoring_engine: Creating...[0m[0m
[0m[1mnull_resource.orchestrate: Creating...[0m[0m
[0m[1mnull_resource.orchestrate: Provisioning with 'local-exec'...[0m[0m
[0m[1mnull_resource.orchestrate (local-exec):[0m [0mExecuting: ["/bin/sh" "-c" "for i in $(seq 1 30); do if ssh -i ../proxmox -o StrictHostKeyChecking=no -o UserKnownHostsFile=/dev/null -o ConnectTimeout=10 -o BatchMode=yes sysadmin@10.0.0.138 echo ok 2>/dev/null | grep -q ok; then echo 'Scoring engine online'; break; fi; echo \"Waiting for scoring engine ($i/30)\"; sleep 10; done; sleep 30"]
[0m[1mnull_resource.reboot_scoring_engine: Provisioning with 'local-exec'...[0m[0m
[0m[1mnull_resource.reboot_scoring_engine (local-exec):[0m [0mExecuting: ["/bin/sh" "-c" "echo \"Hard-stopping scoring engine VM 1000 via Proxmox API...\"\ncurl -sk -X POST \\\n  -H \"Authorization: PVEAPIToken ${TF_VAR_proxmox_api_token}\" \\\n  \"https://10.0.0.150:8006api2/json/nodes/proxmox/qemu/1000/status/stop\" \\\n  -d \"shutdown=0\"\necho \"\"\necho \"Waiting for VM to fully stop...\"\nsleep 15\necho \"Starting scoring engine VM 1000 via Proxmox API...\"\ncurl -sk -X POST \\\n  -H \"Authorization: PVEAPIToken ${TF_VAR_proxmox_api_token}\" \\\n  \"https://10.0.0.150:8006api2/json/nodes/proxmox/qemu/1000/status/start\"\necho \"\"\necho \"Cold-boot complete — PCI bus scan will detect new VirtIO NICs.\"\n"]
[0m[1mnull_resource.reboot_scoring_engine (local-exec):[0m [0mHard-stopping scoring engine VM 1000 via Proxmox API...

[0m[1mnull_resource.reboot_scoring_engine (local-exec):[0m [0mWaiting for VM to fully stop...
[0m[1mnull_resource.orchestrate (local-exec):[0m [0mScoring engine online
[0m[1mnull_resource.orchestrate: Still creating... [00m10s elapsed][0m[0m
[0m[1mnull_resource.reboot_scoring_engine: Still creating... [00m10s elapsed][0m[0m
[0m[1mnull_resource.reboot_scoring_engine (local-exec):[0m [0mStarting scoring engine VM 1000 via Proxmox API...

[0m[1mnull_resource.reboot_scoring_engine (local-exec):[0m [0mCold-boot complete — PCI bus scan will detect new VirtIO NICs.
[0m[1mnull_resource.reboot_scoring_engine: Creation complete after 15s [id=2610839414519576842][0m
[0m[1mnull_resource.orchestrate: Still creating... [00m20s elapsed][0m[0m
[0m[1mnull_resource.orchestrate: Still creating... [00m30s elapsed][0m[0m
[0m[1mnull_resource.orchestrate: Provisioning with 'remote-exec'...[0m[0m
[0m[1mnull_resource.orchestrate (remote-exec):[0m [0mConnecting to remote host via SSH...
[0m[1mnull_resource.orchestrate (remote-exec):[0m [0m  Host: 10.0.0.138
[0m[1mnull_resource.orchestrate (remote-exec):[0m [0m  User: sysadmin
[0m[1mnull_resource.orchestrate (remote-exec):[0m [0m  Password: false
[0m[1mnull_resource.orchestrate (remote-exec):[0m [0m  Private key: true
[0m[1mnull_resource.orchestrate (remote-exec):[0m [0m  Certificate: false
[0m[1mnull_resource.orchestrate (remote-exec):[0m [0m  SSH Agent: false
[0m[1mnull_resource.orchestrate (remote-exec):[0m [0m  Checking Host Key: false
[0m[1mnull_resource.orchestrate (remote-exec):[0m [0m  Target Platform: unix
[0m[1mnull_resource.orchestrate (remote-exec):[0m [0mConnected!
[0m[1mnull_resource.orchestrate (remote-exec):[0m [0mnetwork:
[0m[1mnull_resource.orchestrate (remote-exec):[0m [0m  version: 2
[0m[1mnull_resource.orchestrate (remote-exec):[0m [0m  ethernets:
[0m[1mnull_resource.orchestrate (remote-exec):[0m [0m    ens19:
[0m[1mnull_resource.orchestrate (remote-exec):[0m [0m      addresses: ["192.168.101.1/24"]
[0m[1mnull_resource.orchestrate (remote-exec):[0m [0m    ens20:
[0m[1mnull_resource.orchestrate (remote-exec):[0m [0m      addresses: ["192.168.102.1/24"]

[0m[1mnull_resource.orchestrate (remote-exec):[0m [0m** (generate:2204380): [1;33mWARNING[0m **: [34m16:42:34.020[0m: Permissions for /etc/netplan/60-team-ifaces.yaml are too open. Netplan configuration should NOT be accessible by others.

[0m[1mnull_resource.orchestrate (remote-exec):[0m [0m** (process:2204378): [1;33mWARNING[0m **: [34m16:42:34.417[0m: Permissions for /etc/netplan/60-team-ifaces.yaml are too open. Netplan configuration should NOT be accessible by others.

[0m[1mnull_resource.orchestrate (remote-exec):[0m [0m** (process:2204378): [1;33mWARNING[0m **: [34m16:42:34.802[0m: Permissions for /etc/netplan/60-team-ifaces.yaml are too open. Netplan configuration should NOT be accessible by others.
[0m[1mnull_resource.orchestrate (remote-exec):[0m [0mnet.ipv4.ip_forward = 1
[0m[1mnull_resource.orchestrate (remote-exec):[0m [0mnet.ipv4.ip_forward=1
[0m[1mnull_resource.orchestrate (remote-exec):[0m [0mnet.ipv4.conf.all.rp_filter = 2
[0m[1mnull_resource.orchestrate (remote-exec):[0m [0mnet.ipv4.conf.default.rp_filter = 2
[0m[1mnull_resource.orchestrate (remote-exec):[0m [0mnet.ipv4.conf.all.rp_filter=2
[0m[1mnull_resource.orchestrate (remote-exec):[0m [0mnet.ipv4.conf.default.rp_filter=2
[0m[1mnull_resource.orchestrate: Creation complete after 33s [id=4866302889504365460][0m
[0m[1m[32m
Apply complete! Resources: 5 added, 0 changed, 2 destroyed.[0m
[0m[1m[32m
Outputs:

[0magent_context = <sensitive>
boxes_per_team = tolist([
  {
    "cpu" = 1
    "disk_gb" = tonumber(null)
    "last_octet" = 2
    "memory_mb" = 2048
    "name" = "pikachu"
    "template" = "debian13-lite"
  },
  {
    "cpu" = 1
    "disk_gb" = tonumber(null)
    "last_octet" = 3
    "memory_mb" = 2048
    "name" = "raichu"
    "template" = "debian13-lite"
  },
])
scoring_engine_ip = "10.0.0.138"
ssh_private_key_path = "../proxmox"
team_passwords = <sensitive>
team_vms = {
  "team1-pikachu" = {
    "box_name" = "pikachu"
    "identifier" = "101"
    "ip" = "192.168.101.2"
  }
  "team1-raichu" = {
    "box_name" = "raichu"
    "identifier" = "101"
    "ip" = "192.168.101.3"
  }
}
teams = {
  "team1" = "101"
  "team2" = "102"
}
  Waiting for VMs to initialize (60s)...
[3/7] Copying SSH key to scoring engine...
Warning: Permanently added '10.0.0.138' (ED25519) to the list of known hosts.
Warning: Permanently added '10.0.0.138' (ED25519) to the list of known hosts.
[4/7] Bootstrapping scoring engine (packages, Docker, Quotient)...
  Installing packages on scoring engine...
Warning: Permanently added '10.0.0.138' (ED25519) to the list of known hosts.
Hit:1 http://security.ubuntu.com/ubuntu noble-security InRelease
Hit:2 https://download.docker.com/linux/ubuntu noble InRelease
Hit:3 http://us.archive.ubuntu.com/ubuntu noble InRelease
Hit:4 http://us.archive.ubuntu.com/ubuntu noble-updates InRelease
Hit:5 http://us.archive.ubuntu.com/ubuntu noble-backports InRelease
Reading package lists...
Reading package lists...
Building dependency tree...
Reading state information...
docker.io is already the newest version (29.1.3-0ubuntu3~24.04.2).
git is already the newest version (1:2.43.0-1ubuntu7.3).
curl is already the newest version (8.5.0-2ubuntu10.11).
python3-pip is already the newest version (24.0+dfsg-1ubuntu1.3).
The following packages were automatically installed and are no longer required:
  libfwupd2 libgusb2
Use 'sudo apt autoremove' to remove them.
0 upgraded, 0 newly installed, 0 to remove and 22 not upgraded.
  Installing Docker Compose v2 plugin...
Warning: Permanently added '10.0.0.138' (ED25519) to the list of known hosts.
Hit:1 https://download.docker.com/linux/ubuntu noble InRelease
Hit:2 http://us.archive.ubuntu.com/ubuntu noble InRelease
Hit:3 http://us.archive.ubuntu.com/ubuntu noble-updates InRelease
Hit:4 http://us.archive.ubuntu.com/ubuntu noble-backports InRelease
Hit:5 http://security.ubuntu.com/ubuntu noble-security InRelease
Reading package lists...
Reading package lists...
Building dependency tree...
Reading state information...
docker-compose-plugin is already the newest version (5.3.1-1~ubuntu.24.04~noble).
The following packages were automatically installed and are no longer required:
  libfwupd2 libgusb2
Use 'sudo apt autoremove' to remove them.
0 upgraded, 0 newly installed, 0 to remove and 22 not upgraded.
  Starting Docker (already installed by Terraform)...
Warning: Permanently added '10.0.0.138' (ED25519) to the list of known hosts.
Client:
 Version:           29.1.3
 API version:       1.52
 Go version:        go1.24.4
 Git commit:        29.1.3-0ubuntu3~24.04.2
 Built:             Wed Apr 29 16:41:06 2026
 OS/Arch:           linux/amd64
 Context:           default

Server:
 Engine:
  Version:          29.1.3
  API version:      1.52 (minimum version 1.44)
  Go version:       go1.24.4
  Git commit:       29.1.3-0ubuntu3~24.04.2
  Built:            Wed Apr 29 16:41:06 2026
  OS/Arch:          linux/amd64
  Experimental:     false
 containerd:
  Version:          2.2.1
  GitCommit:        
 runc:
  Version:          1.3.4-0ubuntu1~24.04.1
  GitCommit:        
 docker-init:
  Version:          0.19.0
  GitCommit:        
  Cloning Quotient...
Warning: Permanently added '10.0.0.138' (ED25519) to the list of known hosts.
  Writing Quotient .env...
Warning: Permanently added '10.0.0.138' (ED25519) to the list of known hosts.
POSTGRES_PASSWORD=postgres_password
POSTGRES_USER=engineuser
POSTGRES_HOST=quotient_database
POSTGRES_DB=engine
REDIS_PASSWORD=redis_password
  Building Quotient Docker images...
Warning: Permanently added '10.0.0.138' (ED25519) to the list of known hosts.
 Image quotient-runner Building 
 Image quotient-divisor Building 
 Image quotient_server Building 
#1 [internal] load local bake definitions
#1 reading from stdin 1.36kB done
#1 DONE 0.0s

#2 [runner internal] load build definition from Dockerfile.runner
#2 transferring dockerfile: 724B done
#2 DONE 0.2s

#3 [server internal] load build definition from Dockerfile
#3 transferring dockerfile: 454B done
#3 ...

#4 [divisor internal] load build definition from Dockerfile
#4 transferring dockerfile: 390B done
#4 DONE 0.4s

#3 [server internal] load build definition from Dockerfile
#3 DONE 0.5s

#5 [divisor internal] load metadata for docker.io/library/golang:1.25-alpine
#5 DONE 0.7s

#6 [server internal] load metadata for docker.io/library/alpine:3.21
#6 DONE 0.8s

#7 [divisor internal] load .dockerignore
#7 transferring context: 2B done
#7 DONE 0.1s

#8 [server internal] load .dockerignore
#8 transferring context: 67B done
#8 DONE 0.1s

#9 [runner internal] load build context
#9 DONE 0.0s

#10 [runner stage-1 1/5] FROM docker.io/library/alpine:3.21@sha256:48b0309ca019d89d40f670aa1bc06e426dc0931948452e8491e3d65087abc07d
#10 resolve docker.io/library/alpine:3.21@sha256:48b0309ca019d89d40f670aa1bc06e426dc0931948452e8491e3d65087abc07d
#10 resolve docker.io/library/alpine:3.21@sha256:48b0309ca019d89d40f670aa1bc06e426dc0931948452e8491e3d65087abc07d 0.2s done
#10 CACHED

#11 [runner stage-1 2/8] WORKDIR /app
#11 CACHED

#12 [divisor internal] load build context
#12 transferring context: 36.19kB done
#12 DONE 0.3s

#13 [server builder 1/7] FROM docker.io/library/golang:1.25-alpine@sha256:56961d79ea8129efddcc0b8643fd8a5416b4e6228cfd477e3fd61deb2672c587
#13 resolve docker.io/library/golang:1.25-alpine@sha256:56961d79ea8129efddcc0b8643fd8a5416b4e6228cfd477e3fd61deb2672c587 0.2s done
#13 CACHED

#14 [runner builder 2/7] WORKDIR /src
#14 CACHED

#15 [server stage-1 2/6] RUN apk add --no-cache ca-certificates
#15 ...

#9 [runner internal] load build context
#9 transferring context: 169.06kB 0.1s done
#9 DONE 0.3s

#16 [runner builder 3/7] COPY go.mod go.sum ./
#16 DONE 0.5s

#17 [server builder 2/7] RUN apk add --no-cache git ca-certificates
#17 ...

#15 [server stage-1 2/6] RUN apk add --no-cache ca-certificates
#15 1.134 fetch https://dl-cdn.alpinelinux.org/alpine/v3.21/main/x86_64/APKINDEX.tar.gz
#15 1.477 fetch https://dl-cdn.alpinelinux.org/alpine/v3.21/community/x86_64/APKINDEX.tar.gz
#15 2.634 (1/1) Installing ca-certificates (20260413-r0)
#15 2.847 Executing busybox-1.37.0-r14.trigger
#15 2.874 Executing ca-certificates-20260413-r0.trigger
#15 2.963 OK: 7 MiB in 16 packages
#15 DONE 3.3s

#17 [server builder 2/7] RUN apk add --no-cache git ca-certificates
#17 3.373 ( 1/12) Installing brotli-libs (1.2.0-r1)
#17 3.555 ( 2/12) Installing c-ares (1.34.8-r0)
#17 ...

#18 [server stage-1 3/6] COPY config/certs/. /usr/local/share/ca-certificates/
#18 DONE 0.4s

#17 [server builder 2/7] RUN apk add --no-cache git ca-certificates
#17 3.604 ( 3/12) Installing libunistring (1.4.2-r0)
#17 3.851 ( 4/12) Installing libidn2 (2.3.8-r0)
#17 3.895 ( 5/12) Installing nghttp2-libs (1.69.0-r0)
#17 3.935 ( 6/12) Installing libpsl (0.21.5-r3)
#17 3.965 ( 7/12) Installing zstd-libs (1.5.7-r2)
#17 4.076 ( 8/12) Installing libcurl (8.21.0-r0)
#17 4.180 ( 9/12) Installing libexpat (2.8.2-r0)
#17 4.216 (10/12) Installing pcre2 (10.47-r1)
#17 4.302 (11/12) Installing git (2.54.0-r0)
#17 ...

#19 [divisor stage-1 2/5] RUN apk add --no-cache     iproute2     iptables     bash
#19 1.168 fetch https://dl-cdn.alpinelinux.org/alpine/v3.21/main/x86_64/APKINDEX.tar.gz
#19 1.564 fetch https://dl-cdn.alpinelinux.org/alpine/v3.21/community/x86_64/APKINDEX.tar.gz
#19 2.764 (1/15) Installing ncurses-terminfo-base (6.5_p20241006-r3)
#19 2.798 (2/15) Installing libncursesw (6.5_p20241006-r3)
#19 2.898 (3/15) Installing readline (8.2.13-r0)
#19 2.962 (4/15) Installing bash (5.2.37-r0)
#19 3.226 Executing bash-5.2.37-r0.post-install
#19 3.260 (5/15) Installing libcap2 (2.78-r0)
#19 3.283 (6/15) Installing zstd-libs (1.5.6-r2)
#19 3.366 (7/15) Installing libelf (0.191-r0)
#19 3.399 (8/15) Installing libmnl (1.0.5-r2)
#19 3.431 (9/15) Installing iproute2-minimal (6.11.0-r0)
#19 3.565 (10/15) Installing libxtables (1.8.11-r1)
#19 3.599 (11/15) Installing iproute2-tc (6.11.0-r0)
#19 3.678 (12/15) Installing iproute2-ss (6.11.0-r0)
#19 3.713 (13/15) Installing iproute2 (6.11.0-r0)
#19 3.772 Executing iproute2-6.11.0-r0.post-install
#19 3.775 (14/15) Installing libnftnl (1.2.8-r0)
#19 3.811 (15/15) Installing iptables (1.8.11-r1)
#19 3.957 Executing busybox-1.37.0-r14.trigger
#19 3.987 OK: 13 MiB in 30 packages
#19 DONE 4.4s

#20 [server stage-1 4/6] RUN update-ca-certificates
#20 DONE 0.9s

#21 [divisor stage-1 3/5] WORKDIR /app
#21 DONE 0.5s

#22 [divisor builder 2/7] RUN apk add --no-cache build-base
#22 3.246 ( 1/22) Installing libgcc (15.2.0-r5)
#22 3.331 ( 2/22) Installing jansson (2.15.0-r0)
#22 3.351 ( 3/22) Installing libstdc++ (15.2.0-r5)
#22 3.618 ( 4/22) Installing zstd-libs (1.5.7-r2)
#22 3.724 ( 5/22) Installing binutils (2.45.1-r1)
#22 4.479 ( 6/22) Installing libmagic (5.47-r2)
#22 4.622 ( 7/22) Installing file (5.47-r2)
#22 4.643 ( 8/22) Installing libgcc-static (15.2.0-r5)
#22 4.982 ( 9/22) Installing libgomp (15.2.0-r5)
#22 5.020 (10/22) Installing libatomic (15.2.0-r5)
#22 5.045 (11/22) Installing gmp (6.3.0-r4)
#22 5.084 (12/22) Installing isl26 (0.26-r2)
#22 ...

#17 [server builder 2/7] RUN apk add --no-cache git ca-certificates
#17 4.932 (12/12) Installing git-init-template (2.54.0-r0)
#17 4.956 Executing busybox-1.37.0-r31.trigger
#17 4.981 OK: 20.6 MiB in 29 packages
#17 DONE 5.2s

#23 [server builder 3/7] WORKDIR /src
#23 DONE 0.3s

#22 [divisor builder 2/7] RUN apk add --no-cache build-base
#22 5.211 (13/22) Installing mpfr4 (4.2.2-r0)
#22 5.269 (14/22) Installing mpc1 (1.3.1-r1)
#22 5.298 (15/22) Installing gcc (15.2.0-r5)
#22 ...

#24 [server builder 4/7] COPY go.mod go.sum ./
#24 DONE 0.4s

#25 [server builder 5/7] RUN go mod download
#25 ...

#26 [runner builder 4/7] RUN go mod download
#26 DONE 10.0s

#22 [divisor builder 2/7] RUN apk add --no-cache build-base
#22 10.42 (16/22) Installing libstdc++-dev (15.2.0-r5)
#22 10.73 (17/22) Installing musl-dev (1.2.6-r2)
#22 10.98 (18/22) Installing g++ (15.2.0-r5)
#22 12.05 (19/22) Installing make (4.4.1-r4)
#22 12.07 (20/22) Installing fortify-headers (3.0.1-r2)
#22 12.10 (21/22) Installing patch (2.8-r0)
#22 12.12 (22/22) Installing build-base (0.5-r4)
#22 12.12 Executing busybox-1.37.0-r31.trigger
#22 13.32 OK: 275.7 MiB in 39 packages
#22 ...

#27 [runner builder 5/7] COPY . .
#27 DONE 3.2s

#22 [divisor builder 2/7] RUN apk add --no-cache build-base
#22 DONE 15.2s

#28 [runner builder 6/7] WORKDIR /src/runner
#28 ...

#25 [server builder 5/7] RUN go mod download
#25 DONE 10.4s

#29 [server builder 6/7] COPY . .
#29 ...

#28 [runner builder 6/7] WORKDIR /src/runner
#28 DONE 1.7s

#30 [runner builder 7/7] RUN go build -o runner
#30 ...

#31 [divisor builder 3/7] WORKDIR /app
#31 DONE 1.8s

#29 [server builder 6/7] COPY . .
#29 DONE 1.6s

#32 [divisor builder 4/7] COPY go.mod go.sum ./
#32 DONE 0.7s

#33 [divisor builder 5/7] RUN go mod download
#33 ...

#34 [server builder 7/7] RUN go build -o quotient
#34 ...

#33 [divisor builder 5/7] RUN go mod download
#33 DONE 10.7s

#35 [divisor builder 6/7] COPY . .
#35 DONE 0.6s

#34 [server builder 7/7] RUN go build -o quotient
#34 ...

#36 [divisor builder 7/7] RUN go build -o divisor .
#36 DONE 123.7s

#34 [server builder 7/7] RUN go build -o quotient
#34 ...

#37 [divisor stage-1 4/5] COPY --from=builder /app/divisor /app/divisor
#37 DONE 0.4s

#30 [runner builder 7/7] RUN go build -o runner
#30 ...

#38 [divisor stage-1 5/5] COPY .env /app/.env
#38 DONE 0.2s

#34 [server builder 7/7] RUN go build -o quotient
#34 ...

#39 [divisor] exporting to image
#39 exporting layers
#39 exporting layers 2.8s done
#39 exporting manifest sha256:10faa76637316cd1b04a6638bd607fca87b9d81d8b1ca5280631e66f050f9565 0.1s done
#39 exporting config sha256:7162e10a1572430bef5e62c9d46cc1332c5ef3175717b7a65e391976883d2db4 0.1s done
#39 exporting attestation manifest sha256:0f6d096de0b70e8f5ad34eade50d1bafd022c09c7dc32cc8c5e36755c5f54da9 0.1s done
#39 exporting manifest list sha256:4c152ef279b84e7bae14828af47df07ece51ac9130133317e5ae2eb5d957fa23
#39 exporting manifest list sha256:4c152ef279b84e7bae14828af47df07ece51ac9130133317e5ae2eb5d957fa23 0.1s done
#39 naming to docker.io/library/quotient-divisor:latest 0.0s done
#39 unpacking to docker.io/library/quotient-divisor:latest
#39 unpacking to docker.io/library/quotient-divisor:latest 0.8s done
#39 DONE 4.1s

#30 [runner builder 7/7] RUN go build -o runner
#30 ...

#40 [divisor] resolving provenance for metadata file
#40 DONE 0.0s

#34 [server builder 7/7] RUN go build -o quotient
#34 ...

#30 [runner builder 7/7] RUN go build -o runner
#30 DONE 154.1s

#34 [server builder 7/7] RUN go build -o quotient
#34 ...

#41 [runner stage-1 3/8] COPY --from=builder /src/runner/runner runner
#41 DONE 0.5s

#34 [server builder 7/7] RUN go build -o quotient
#34 ...

#42 [runner stage-1 4/8] RUN apk add --no-cache tini wireguard-tools iproute2 iputils curl git openssh py3-uv python3 proxychains-ng jq file sshpass bind-tools grep chrony krb5
#42 0.518 fetch https://dl-cdn.alpinelinux.org/alpine/v3.21/main/x86_64/APKINDEX.tar.gz
#42 0.856 fetch https://dl-cdn.alpinelinux.org/alpine/v3.21/community/x86_64/APKINDEX.tar.gz
#42 ...

#34 [server builder 7/7] RUN go build -o quotient
#34 DONE 154.6s

#42 [runner stage-1 4/8] RUN apk add --no-cache tini wireguard-tools iproute2 iputils curl git openssh py3-uv python3 proxychains-ng jq file sshpass bind-tools grep chrony krb5
#42 1.715 (1/87) Installing fstrm (0.6.1-r4)
#42 1.758 (2/87) Installing krb5-conf (1.0-r2)
#42 1.778 (3/87) Installing libcom_err (1.47.1-r1)
#42 1.794 (4/87) Installing keyutils-libs (1.6.3-r4)
#42 1.811 (5/87) Installing libverto (0.3.2-r2)
#42 1.824 (6/87) Installing krb5-libs (1.21.3-r0)
#42 1.973 (7/87) Installing json-c (0.18-r0)
#42 1.992 (8/87) Installing nghttp2-libs (1.69.0-r0)
#42 2.011 (9/87) Installing protobuf-c (1.5.0-r2)
#42 2.030 (10/87) Installing libuv (1.49.2-r0)
#42 2.080 (11/87) Installing xz-libs (5.8.3-r0)
#42 ...

#43 [server stage-1 5/6] COPY --from=builder /src/quotient /usr/local/bin/quotient
#43 DONE 0.5s

#42 [runner stage-1 4/8] RUN apk add --no-cache tini wireguard-tools iproute2 iputils curl git openssh py3-uv python3 proxychains-ng jq file sshpass bind-tools grep chrony krb5
#42 2.119 (12/87) Installing libxml2 (2.13.9-r1)
#42 2.217 (13/87) Installing bind-libs (9.18.49-r0)
#42 ...

#44 [server stage-1 6/6] WORKDIR /app
#44 DONE 0.2s

#42 [runner stage-1 4/8] RUN apk add --no-cache tini wireguard-tools iproute2 iputils curl git openssh py3-uv python3 proxychains-ng jq file sshpass bind-tools grep chrony krb5
#42 2.439 (14/87) Installing bind-tools (9.18.49-r0)
#42 2.514 (15/87) Installing libcap2 (2.78-r0)
#42 2.531 (16/87) Installing gmp (6.3.0-r2)
#42 2.583 (17/87) Installing nettle (3.10.2-r0)
#42 2.643 (18/87) Installing libunistring (1.2-r0)
#42 2.778 (19/87) Installing libidn2 (2.3.7-r0)
#42 2.812 (20/87) Installing libffi (3.4.7-r0)
#42 2.831 (21/87) Installing libtasn1 (4.21.0-r0)
#42 2.847 (22/87) Installing p11-kit (0.26.2-r0)
#42 2.929 (23/87) Installing gnutls (3.8.13-r0)
#42 3.095 (24/87) Installing libseccomp (2.5.5-r1)
#42 3.115 (25/87) Installing chrony (4.6.1-r0)
#42 3.144 Executing chrony-4.6.1-r0.pre-install
#42 3.426 (26/87) Installing brotli-libs (1.1.0-r2)
#42 3.492 (27/87) Installing c-ares (1.34.8-r0)
#42 3.516 (28/87) Installing libpsl (0.21.5-r3)
#42 3.543 (29/87) Installing zstd-libs (1.5.6-r2)
#42 3.607 (30/87) Installing libcurl (8.14.1-r2)
#42 3.686 (31/87) Installing curl (8.14.1-r2)
#42 3.718 (32/87) Installing libmagic (5.46-r2)
#42 3.825 (33/87) Installing file (5.46-r2)
#42 3.840 (34/87) Installing libexpat (2.8.2-r0)
#42 3.863 (35/87) Installing pcre2 (10.43-r0)
#42 3.912 (36/87) Installing git (2.47.3-r0)
#42 4.370 (37/87) Installing git-init-template (2.47.3-r0)
#42 4.381 (38/87) Installing grep (3.11-r0)
#42 4.423 (39/87) Installing libelf (0.191-r0)
#42 4.443 (40/87) Installing libmnl (1.0.5-r2)
#42 4.456 (41/87) Installing iproute2-minimal (6.11.0-r0)
#42 4.507 (42/87) Installing libxtables (1.8.11-r1)
#42 4.522 (43/87) Installing iproute2-tc (6.11.0-r0)
#42 4.568 (44/87) Installing iproute2-ss (6.11.0-r0)
#42 4.597 (45/87) Installing iproute2 (6.11.0-r0)
#42 4.624 Executing iproute2-6.11.0-r0.post-install
#42 4.627 (46/87) Installing iputils-arping (20240905-r0)
#42 4.643 (47/87) Installing iputils-clockdiff (20240905-r0)
#42 4.656 (48/87) Installing iputils-ping (20240905-r0)
#42 4.672 (49/87) Installing iputils-tracepath (20240905-r0)
#42 4.695 (50/87) Installing iputils (20240905-r0)
#42 4.695 (51/87) Installing oniguruma (6.9.9-r0)
#42 4.731 (52/87) Installing jq (1.7.1-r0)
#42 4.777 (53/87) Installing e2fsprogs-libs (1.47.1-r1)
#42 4.811 (54/87) Installing krb5 (1.21.3-r0)
#42 4.841 (55/87) Installing openssh-keygen (9.9_p2-r0)
#42 4.879 (56/87) Installing ncurses-terminfo-base (6.5_p20241006-r3)
#42 4.908 (57/87) Installing libncursesw (6.5_p20241006-r3)
#42 4.936 (58/87) Installing libedit (20240808.3.1-r0)
#42 4.967 (59/87) Installing openssh-client-common (9.9_p2-r0)
#42 5.090 (60/87) Installing openssh-client-default (9.9_p2-r0)
#42 5.143 (61/87) Installing openssh-sftp-server (9.9_p2-r0)
#42 5.165 (62/87) Installing openssh-server-common (9.9_p2-r0)
#42 5.188 (63/87) Installing openssh-server (9.9_p2-r0)
#42 5.263 (64/87) Installing openssh (9.9_p2-r0)
#42 5.303 (65/87) Installing proxychains-ng (4.17-r1)
#42 5.328 (66/87) Installing libbz2 (1.0.8-r6)
#42 5.351 (67/87) Installing libgcc (14.2.0-r4)
#42 5.368 (68/87) Installing uv (0.5.31-r0)
#42 6.067 (69/87) Installing gdbm (1.24-r0)
#42 6.091 (70/87) Installing libstdc++ (14.2.0-r4)
#42 6.183 (71/87) Installing mpdecimal (4.0.0-r0)
#42 6.203 (72/87) Installing libpanelw (6.5_p20241006-r3)
#42 6.223 (73/87) Installing readline (8.2.13-r0)
#42 6.248 (74/87) Installing sqlite-libs (3.48.0-r4)
#42 6.348 (75/87) Installing python3 (3.12.13-r0)
#42 ...

#45 [server] exporting to image
#45 exporting layers 3.0s done
#45 exporting manifest sha256:f0f5fb8f92265f2c7bdf1d224e535f65b296972f2ebd8dce6b277738d85dcdaf 0.1s done
#45 exporting config sha256:f4b1077b066d0df4c386c6d215cc0dc8eaf7e875a6b50b1e8dbaa8d674e423be 0.1s done
#45 exporting attestation manifest sha256:9cdc711ce99bb9adb8a68f35098e087dd73e82a22f02aa339c8b77087cb63d61 0.1s done
#45 exporting manifest list sha256:bc88514e323b63b2dc46687bb7deb3512b9dd27c1a3122c43b349b947a2d8462 0.1s done
#45 naming to docker.io/library/quotient_server:latest 0.0s done
#45 unpacking to docker.io/library/quotient_server:latest 0.7s done
#45 DONE 4.1s

#42 [runner stage-1 4/8] RUN apk add --no-cache tini wireguard-tools iproute2 iputils curl git openssh py3-uv python3 proxychains-ng jq file sshpass bind-tools grep chrony krb5
#42 ...

#46 [server] resolving provenance for metadata file
#46 DONE 0.0s

#42 [runner stage-1 4/8] RUN apk add --no-cache tini wireguard-tools iproute2 iputils curl git openssh py3-uv python3 proxychains-ng jq file sshpass bind-tools grep chrony krb5
#42 7.070 (76/87) Installing python3-pycache-pyc0 (3.12.13-r0)
#42 7.416 (77/87) Installing pyc (3.12.13-r0)
#42 7.416 (78/87) Installing py3-uv-pyc (0.5.31-r0)
#42 7.440 (79/87) Installing python3-pyc (3.12.13-r0)
#42 7.440 (80/87) Installing py3-uv (0.5.31-r0)
#42 7.455 (81/87) Installing sshpass (1.10-r0)
#42 7.472 (82/87) Installing tini (0.19.0-r3)
#42 7.492 (83/87) Installing wireguard-tools-wg (1.0.20210914-r4)
#42 7.523 (84/87) Installing bash (5.2.37-r0)
#42 7.615 Executing bash-5.2.37-r0.post-install
#42 7.620 (85/87) Installing openresolv (3.13.2-r1)
#42 7.639 (86/87) Installing wireguard-tools-wg-quick (1.0.20210914-r4)
#42 7.654 (87/87) Installing wireguard-tools (1.0.20210914-r4)
#42 7.669 Executing busybox-1.37.0-r14.trigger
#42 8.375 OK: 106 MiB in 102 packages
#42 DONE 8.9s

#47 [runner stage-1 5/8] COPY custom-checks/requirements.txt /app
#47 DONE 0.3s

#48 [runner stage-1 6/8] RUN ln -sf python3 /usr/bin/python
#48 DONE 0.5s

#49 [runner stage-1 7/8] RUN uv pip install --system --break-system-packages setuptools
#49 0.531 Using Python 3.12.13 environment at: /usr
#49 0.820 Resolved 1 package in 276ms
#49 0.950 Prepared 1 package in 128ms
#49 1.024 Installed 1 package in 74ms
#49 1.027  + setuptools==83.0.0
#49 DONE 1.1s

#50 [runner stage-1 8/8] RUN uv pip install --system --break-system-packages -r /app/requirements.txt
#50 0.523 Using Python 3.12.13 environment at: /usr
#50 1.674 Resolved 50 packages in 1.13s
#50 1.997 Downloading impacket (1.7MiB)
#50 1.998 Downloading twisted (3.1MiB)
#50 2.003 Downloading pillow (6.7MiB)
#50 2.004 Downloading pycryptodomex (2.2MiB)
#50 2.004 Downloading pynacl (1.3MiB)
#50 2.005 Downloading cryptography (4.8MiB)
#50 3.147    Building zope-interface==8.5
#50 4.102  Downloaded pynacl
#50 4.503  Downloaded impacket
#50 4.658  Downloaded pycryptodomex
#50 5.031  Downloaded twisted
#50 5.388  Downloaded cryptography
#50 5.535  Downloaded pillow
#50 10.55       Built zope-interface==8.5
#50 10.55 Prepared 50 packages in 8.87s
#50 11.00 Installed 50 packages in 443ms
#50 11.00  + aes==1.2.0
#50 11.00  + argparse==1.4.0
#50 11.00  + attrs==26.1.0
#50 11.00  + automat==25.4.16
#50 11.00  + bcrypt==5.0.0
#50 11.00  + beautifulsoup4==4.15.0
#50 11.00  + blinker==1.9.0
#50 11.00  + certifi==2026.6.17
#50 11.00  + cffi==2.1.0
#50 11.00  + charset-normalizer==3.4.9
#50 11.00  + click==8.4.2
#50 11.00  + constantly==23.10.4
#50 11.00  + cryptography==49.0.0
#50 11.00  + dnspython==2.8.0
#50 11.00  + fake-useragent==2.2.0
#50 11.00  + flask==3.1.3
#50 11.00  + hyperlink==21.0.0
#50 11.00  + idna==3.18
#50 11.00  + impacket==0.13.1
#50 11.00  + incremental==24.11.0
#50 11.00  + invoke==3.0.3
#50 11.00  + itsdangerous==2.2.0
#50 11.00  + jinja2==3.1.6
#50 11.00  + ldap3==2.9.1
#50 11.00  + ldapdomaindump==0.10.0
#50 11.00  + markupsafe==3.0.3
#50 11.00  + packaging==26.2
#50 11.00  + paramiko==5.0.0
#50 11.00  + pexpect==4.9.0
#50 11.00  + pillow==12.3.0
#50 11.00  + ptyprocess==0.7.0
#50 11.00  + pyasn1==0.6.4
#50 11.00  + pyasn1-modules==0.4.2
#50 11.00  + pycparser==3.0
#50 11.00  + pycryptodomex==3.23.0
#50 11.00  + pynacl==1.6.2
#50 11.00  + pyopenssl==26.3.0
#50 11.00  + pysocks==1.7.1
#50 11.00  + pyspnego==0.12.1
#50 11.00  + pyyaml==6.0.3
#50 11.00  + requests==2.34.2
#50 11.00  + six==1.17.0
#50 11.00  + smbprotocol==1.17.0
#50 11.00  + soupsieve==2.8.4
#50 11.00  + twisted==26.4.0
#50 11.00  + typing-extensions==4.16.0
#50 11.00  + urllib3==2.7.0
#50 11.00  + vncdotool==1.3.0
#50 11.00  + werkzeug==3.1.8
#50 11.00  + zope-interface==8.5
#50 DONE 11.2s

#51 [runner] exporting to image
#51 exporting layers
#51 exporting layers 7.7s done
#51 exporting manifest sha256:06fc57a75ef957f904211df95f78b6a8bbaa959b45752451d3a2986a1f8bc610
#51 exporting manifest sha256:06fc57a75ef957f904211df95f78b6a8bbaa959b45752451d3a2986a1f8bc610 0.1s done
#51 exporting config sha256:3283107d65089f445dc3a0d1b99c87946d796453f7277f0c4a0c3fcf7bd4a981 0.1s done
#51 exporting attestation manifest sha256:d0243c138c89efe457e4523a307da59136b86df4cb489d399e186b4360b93cfc 0.1s done
#51 exporting manifest list sha256:35cc015a5ba8bdc9b81fd324cf457b05cc5275f209e6b8c8d82cb06e883bd69f
#51 exporting manifest list sha256:35cc015a5ba8bdc9b81fd324cf457b05cc5275f209e6b8c8d82cb06e883bd69f 0.1s done
#51 naming to docker.io/library/quotient-runner:latest done
#51 unpacking to docker.io/library/quotient-runner:latest
#51 unpacking to docker.io/library/quotient-runner:latest 3.6s done
#51 DONE 11.7s

#52 [runner] resolving provenance for metadata file
#52 DONE 0.0s
 Image quotient_server Built 
 Image quotient-divisor Built 
 Image quotient-runner Built 
  Starting Quotient Docker containers...
Warning: Permanently added '10.0.0.138' (ED25519) to the list of known hosts.
 Container quotient_database Running 
 Container quotient_redis Running 
 Container quotient-divisor-1 Recreate 
 Container quotient-runner-1 Recreate 
 Container quotient-runner-2 Recreate 
 Container quotient-runner-3 Recreate 
 Container quotient-runner-4 Recreate 
 Container quotient-runner-5 Recreate 
 Container quotient_server Recreate 
 Container quotient-divisor-1 Recreated 
 Container quotient-runner-3 Recreated 
 Container quotient-runner-5 Recreated 
 Container quotient_server Recreated 
 Container quotient-runner-4 Recreated 
 Container quotient-runner-1 Recreated 
 Container quotient-runner-2 Recreated 
 Container quotient_database Waiting 
 Container quotient_database Waiting 
 Container quotient_redis Waiting 
 Container quotient_redis Waiting 
 Container quotient_redis Healthy 
 Container quotient_redis Healthy 
 Container quotient-divisor-1 Starting 
 Container quotient_database Healthy 
 Container quotient_server Starting 
 Container quotient_database Healthy 
 Container quotient-runner-2 Starting 
 Container quotient-divisor-1 Started 
 Container quotient-runner-2 Started 
 Container quotient-runner-1 Starting 
 Container quotient_server Started 
 Container quotient-runner-1 Started 
 Container quotient-runner-4 Starting 
 Container quotient-runner-4 Started 
 Container quotient-runner-5 Starting 
 Container quotient-runner-5 Started 
 Container quotient-runner-3 Starting 
 Container quotient-runner-3 Started 
  Restoring network forwarding rules after Docker start...
Warning: Permanently added '10.0.0.138' (ED25519) to the list of known hosts.
  Forwarding rules restored
[4.5/7] Enabling password auth + NOPASSWD sudo for ubuntu on team1 boxes...
  Enabling password auth + NOPASSWD sudo for ubuntu on team boxes...
ssh: Could not resolve hostname nc: Name or service not known
Connection closed by UNKNOWN port 65535
    Auth attempt 1/8 failed for 192.168.101.2, retrying in 15s...
ssh: Could not resolve hostname nc: Name or service not known
Connection closed by UNKNOWN port 65535
    Auth attempt 2/8 failed for 192.168.101.2, retrying in 15s...
ssh: Could not resolve hostname nc: Name or service not known
Connection closed by UNKNOWN port 65535
    Auth attempt 3/8 failed for 192.168.101.2, retrying in 15s...
