Tezcatlipoca - CTF Range Deployment
========================================

Previous competitions:
  [1] cde-2026
  [2] example

Create new (n) or reuse existing (number)? 
============================================================
  Deploying cde-2026
============================================================

How many teams? 
─── Ready to deploy ────────────────────────────────────────────
  Competition : CDE 2026
  Scenario    : Cyber defense exercise by UMBC Cyberdawgs
  Difficulty  : 4 / 10
  Teams       : 2  (team1–team2, passwords auto-generated)
  Boxes       :
    pikachu — debian13-lite  (1 CPU, 2048 MB)
    raichu — debian13-lite  (1 CPU, 2048 MB)

  Terraform will now run; this takes several minutes.
  Continue? (y/n): [1/7] Cleaning up previous deployment...
[2/7] Running Terraform init & apply...
[0m[1mInitializing the backend...[0m

[0m[1mInitializing provider plugins...[0m
- Reusing previous version of bpg/proxmox from the dependency lock file
- Reusing previous version of hashicorp/null from the dependency lock file
- Using previously-installed bpg/proxmox v0.111.1
- Using previously-installed hashicorp/null v3.3.0


[0m[1m[32mTerraform has been successfully initialized![0m[32m[0m
[0m[32m
You may now begin working with Terraform. Try running "terraform plan" to see
any changes that are required for your infrastructure. All Terraform commands
should now work.

If you ever set or change modules or backend configuration for Terraform,
rerun this command to reinitialize your working directory. If you forget, other
commands will detect it and remind you to do so if necessary.[0m
[0m[1mdata.proxmox_virtual_environment_vms.templates: Reading...[0m[0m
[0m[1mproxmox_network_linux_bridge.team_bridge["team2"]: Refreshing state... [id=proxmox:vmbr102][0m
[0m[1mproxmox_network_linux_bridge.team_bridge["team1"]: Refreshing state... [id=proxmox:vmbr101][0m
[0m[1mdata.proxmox_virtual_environment_vms.templates: Read complete after 0s [id=d5a81b93-e630-4f47-9ed0-1577900600be][0m
[0m[1mproxmox_virtual_environment_vm.scoring_engine: Refreshing state... [id=1000][0m
[0m[1mproxmox_virtual_environment_vm.team_box["team1-raichu"]: Refreshing state... [id=1211][0m
[0m[1mproxmox_virtual_environment_vm.team_box["team1-pikachu"]: Refreshing state... [id=1210][0m
[0m[1mnull_resource.reboot_scoring_engine: Refreshing state... [id=4069338670452704966][0m
[0m[1mnull_resource.orchestrate: Refreshing state... [id=3004690019163270115][0m

[1m[36mNote:[0m[1m Objects have changed outside of Terraform
[0m
Terraform detected the following changes made outside of Terraform since the
last "terraform apply" which may have affected this plan:

[1m  # proxmox_virtual_environment_vm.scoring_engine[0m has been deleted
[0m  [31m-[0m[0m resource "proxmox_virtual_environment_vm" "scoring_engine" {
      [31m-[0m[0m id                                   = "1000" [90m-> null[0m[0m
      [31m-[0m[0m ipv4_addresses                       = [
          [31m-[0m[0m [
              [31m-[0m[0m "127.0.0.1",
            ],
          [31m-[0m[0m [
              [31m-[0m[0m "10.0.0.138",
            ],
          [31m-[0m[0m [],
          [31m-[0m[0m [],
        ] [90m-> null[0m[0m
        name                                 = "quotient-engine"
        [90m# (31 unchanged attributes hidden)[0m[0m

        [90m# (5 unchanged blocks hidden)[0m[0m
    }


Unless you have made equivalent changes to your configuration, or ignored the
relevant attributes using ignore_changes, the following plan may include
actions to undo or respond to these changes.
[90m
─────────────────────────────────────────────────────────────────────────────[0m

Terraform used the selected providers to generate the following execution
plan. Resource actions are indicated with the following symbols:
  [32m+[0m create[0m
[31m-[0m/[32m+[0m destroy and then create replacement[0m

Terraform will perform the following actions:

[1m  # null_resource.orchestrate[0m must be [1m[31mreplaced[0m
[0m[31m-[0m/[32m+[0m[0m resource "null_resource" "orchestrate" {
      [33m~[0m[0m id       = "3004690019163270115" -> (known after apply)
      [33m~[0m[0m triggers = { [31m# forces replacement[0m[0m
          [33m~[0m[0m "engine_id" = "1000" -> (known after apply)
            [90m# (1 unchanged element hidden)[0m[0m
        }
    }

[1m  # null_resource.reboot_scoring_engine[0m must be [1m[31mreplaced[0m
[0m[31m-[0m/[32m+[0m[0m resource "null_resource" "reboot_scoring_engine" {
      [33m~[0m[0m id       = "4069338670452704966" -> (known after apply)
      [33m~[0m[0m triggers = { [31m# forces replacement[0m[0m
          [33m~[0m[0m "engine_id" = "1000" -> (known after apply)
        }
    }

[1m  # proxmox_network_linux_bridge.team_bridge["team1"][0m will be created
[0m  [32m+[0m[0m resource "proxmox_network_linux_bridge" "team_bridge" {
      [32m+[0m[0m autostart      = true
      [32m+[0m[0m comment        = "Quotient team team1 — isolated, no uplink"
      [32m+[0m[0m id             = (known after apply)
      [32m+[0m[0m name           = "vmbr101"
      [32m+[0m[0m node_name      = "proxmox"
      [32m+[0m[0m timeout_reload = 100
      [32m+[0m[0m vids           = (known after apply)
      [32m+[0m[0m vlan_aware     = (known after apply)
    }

[1m  # proxmox_network_linux_bridge.team_bridge["team2"][0m will be created
[0m  [32m+[0m[0m resource "proxmox_network_linux_bridge" "team_bridge" {
      [32m+[0m[0m autostart      = true
      [32m+[0m[0m comment        = "Quotient team team2 — isolated, no uplink"
      [32m+[0m[0m id             = (known after apply)
      [32m+[0m[0m name           = "vmbr102"
      [32m+[0m[0m node_name      = "proxmox"
      [32m+[0m[0m timeout_reload = 100
      [32m+[0m[0m vids           = (known after apply)
      [32m+[0m[0m vlan_aware     = (known after apply)
    }

[1m  # proxmox_virtual_environment_vm.scoring_engine[0m will be created
[0m  [32m+[0m[0m resource "proxmox_virtual_environment_vm" "scoring_engine" {
      [32m+[0m[0m acpi                                 = true
      [32m+[0m[0m bios                                 = "seabios"
      [32m+[0m[0m boot_order                           = (known after apply)
      [32m+[0m[0m delete_unreferenced_disks_on_destroy = true
      [32m+[0m[0m hotplug                              = (known after apply)
      [32m+[0m[0m id                                   = (known after apply)
      [32m+[0m[0m ipv4_addresses                       = (known after apply)
      [32m+[0m[0m ipv6_addresses                       = (known after apply)
      [32m+[0m[0m keyboard_layout                      = "en-us"
      [32m+[0m[0m mac_addresses                        = (known after apply)
      [32m+[0m[0m migrate                              = false
      [32m+[0m[0m name                                 = "quotient-engine"
      [32m+[0m[0m network_device                       = [
          [32m+[0m[0m {
              [32m+[0m[0m bridge      = "vmbr0"
              [32m+[0m[0m enabled     = true
              [32m+[0m[0m firewall    = false
              [32m+[0m[0m mac_address = (known after apply)
              [32m+[0m[0m model       = "virtio"
              [32m+[0m[0m mtu         = 0
              [32m+[0m[0m queues      = 0
              [32m+[0m[0m rate_limit  = 0
              [32m+[0m[0m vlan_id     = 0
            },
          [32m+[0m[0m {
              [32m+[0m[0m bridge      = "vmbr101"
              [32m+[0m[0m enabled     = true
              [32m+[0m[0m firewall    = false
              [32m+[0m[0m mac_address = (known after apply)
              [32m+[0m[0m model       = "virtio"
              [32m+[0m[0m mtu         = 0
              [32m+[0m[0m queues      = 0
              [32m+[0m[0m rate_limit  = 0
              [32m+[0m[0m vlan_id     = 0
            },
          [32m+[0m[0m {
              [32m+[0m[0m bridge      = "vmbr102"
              [32m+[0m[0m enabled     = true
              [32m+[0m[0m firewall    = false
              [32m+[0m[0m mac_address = (known after apply)
              [32m+[0m[0m model       = "virtio"
              [32m+[0m[0m mtu         = 0
              [32m+[0m[0m queues      = 0
              [32m+[0m[0m rate_limit  = 0
              [32m+[0m[0m vlan_id     = 0
            },
        ]
      [32m+[0m[0m network_interface_names              = (known after apply)
      [32m+[0m[0m node_name                            = "proxmox"
      [32m+[0m[0m on_boot                              = true
      [32m+[0m[0m protection                           = false
      [32m+[0m[0m purge_on_destroy                     = true
      [32m+[0m[0m reboot                               = false
      [32m+[0m[0m reboot_after_update                  = true
      [32m+[0m[0m scsi_hardware                        = "virtio-scsi-pci"
      [32m+[0m[0m started                              = true
      [32m+[0m[0m stop_on_destroy                      = false
      [32m+[0m[0m tablet_device                        = true
      [32m+[0m[0m template                             = false
      [32m+[0m[0m timeout_clone                        = 1800
      [32m+[0m[0m timeout_create                       = 1800
      [32m+[0m[0m timeout_migrate                      = 1800
      [32m+[0m[0m timeout_move_disk                    = 1800
      [32m+[0m[0m timeout_reboot                       = 1800
      [32m+[0m[0m timeout_shutdown_vm                  = 1800
      [32m+[0m[0m timeout_start_vm                     = 1800
      [32m+[0m[0m timeout_stop_vm                      = 300
      [32m+[0m[0m vm_id                                = 1000

      [32m+[0m[0m agent {
          [32m+[0m[0m enabled = true
          [32m+[0m[0m timeout = "15m"
          [32m+[0m[0m trim    = false
          [32m+[0m[0m type    = "virtio"
        }

      [32m+[0m[0m clone {
          [32m+[0m[0m full    = true
          [32m+[0m[0m retries = 1
          [32m+[0m[0m vm_id   = 9106
        }

      [32m+[0m[0m cpu {
          [32m+[0m[0m cores      = 4
          [32m+[0m[0m hotplugged = 0
          [32m+[0m[0m limit      = 0
          [32m+[0m[0m numa       = false
          [32m+[0m[0m sockets    = 1
          [32m+[0m[0m type       = "qemu64"
          [32m+[0m[0m units      = (known after apply)
        }

      [32m+[0m[0m disk {
          [32m+[0m[0m aio               = "io_uring"
          [32m+[0m[0m backup            = true
          [32m+[0m[0m cache             = "none"
          [32m+[0m[0m datastore_id      = "ssd"
          [32m+[0m[0m discard           = "on"
          [32m+[0m[0m file_format       = (known after apply)
          [32m+[0m[0m interface         = "scsi0"
          [32m+[0m[0m iothread          = false
          [32m+[0m[0m path_in_datastore = (known after apply)
          [32m+[0m[0m queues            = 0
          [32m+[0m[0m replicate         = true
          [32m+[0m[0m size              = 40
          [32m+[0m[0m ssd               = false
        }

      [32m+[0m[0m memory {
          [32m+[0m[0m dedicated      = 4096
          [32m+[0m[0m floating       = 0
          [32m+[0m[0m keep_hugepages = false
          [32m+[0m[0m shared         = 0
        }

      [32m+[0m[0m vga (known after apply)
    }

[1mPlan:[0m [0m5 to add, 0 to change, 2 to destroy.

Changes to Outputs:
  [33m~[0m[0m agent_context        = (sensitive value)
  [33m~[0m[0m scoring_engine_ip    = "10.0.0.138" -> (known after apply)
  [33m~[0m[0m team_passwords       = (sensitive value)
[0m[1mnull_resource.reboot_scoring_engine: Destroying... [id=4069338670452704966][0m[0m
[0m[1mnull_resource.orchestrate: Destroying... [id=3004690019163270115][0m[0m
[0m[1mnull_resource.reboot_scoring_engine: Destruction complete after 0s[0m
[0m[1mnull_resource.orchestrate: Destruction complete after 0s[0m
[0m[1mproxmox_network_linux_bridge.team_bridge["team1"]: Creating...[0m[0m
[0m[1mproxmox_network_linux_bridge.team_bridge["team2"]: Creating...[0m[0m
[0m[1mproxmox_network_linux_bridge.team_bridge["team2"]: Creation complete after 1s [id=proxmox:vmbr102][0m
[0m[1mproxmox_network_linux_bridge.team_bridge["team1"]: Creation complete after 3s [id=proxmox:vmbr101][0m
[0m[1mproxmox_virtual_environment_vm.scoring_engine: Creating...[0m[0m
[0m[1mproxmox_virtual_environment_vm.scoring_engine: Still creating... [00m10s elapsed][0m[0m
[0m[1mproxmox_virtual_environment_vm.scoring_engine: Still creating... [00m20s elapsed][0m[0m
[0m[1mproxmox_virtual_environment_vm.scoring_engine: Still creating... [00m30s elapsed][0m[0m
[0m[1mproxmox_virtual_environment_vm.scoring_engine: Still creating... [00m40s elapsed][0m[0m
[0m[1mproxmox_virtual_environment_vm.scoring_engine: Still creating... [00m50s elapsed][0m[0m
[0m[1mproxmox_virtual_environment_vm.scoring_engine: Still creating... [01m00s elapsed][0m[0m
[0m[1mproxmox_virtual_environment_vm.scoring_engine: Still creating... [01m10s elapsed][0m[0m
[0m[1mproxmox_virtual_environment_vm.scoring_engine: Still creating... [01m20s elapsed][0m[0m
[0m[1mproxmox_virtual_environment_vm.scoring_engine: Creation complete after 1m20s [id=1000][0m
[0m[1mnull_resource.reboot_scoring_engine: Creating...[0m[0m
[0m[1mnull_resource.orchestrate: Creating...[0m[0m
[0m[1mnull_resource.orchestrate: Provisioning with 'local-exec'...[0m[0m
[0m[1mnull_resource.orchestrate (local-exec):[0m [0mExecuting: ["/bin/sh" "-c" "for i in $(seq 1 30); do if ssh -i ../proxmox -o StrictHostKeyChecking=no -o UserKnownHostsFile=/dev/null -o ConnectTimeout=10 -o BatchMode=yes sysadmin@10.0.0.138 echo ok 2>/dev/null | grep -q ok; then echo 'Scoring engine online'; break; fi; echo \"Waiting for scoring engine ($i/30)\"; sleep 10; done; sleep 30"]
[0m[1mnull_resource.reboot_scoring_engine: Provisioning with 'local-exec'...[0m[0m
[0m[1mnull_resource.reboot_scoring_engine (local-exec):[0m [0mExecuting: ["/bin/sh" "-c" "echo \"Hard-stopping scoring engine VM 1000 via Proxmox API...\"\ncurl -sk -X POST \\\n  -H \"Authorization: PVEAPIToken ${TF_VAR_proxmox_api_token}\" \\\n  \"https://10.0.0.150:8006api2/json/nodes/proxmox/qemu/1000/status/stop\" \\\n  -d \"shutdown=0\"\necho \"\"\necho \"Waiting for VM to fully stop...\"\nsleep 15\necho \"Starting scoring engine VM 1000 via Proxmox API...\"\ncurl -sk -X POST \\\n  -H \"Authorization: PVEAPIToken ${TF_VAR_proxmox_api_token}\" \\\n  \"https://10.0.0.150:8006api2/json/nodes/proxmox/qemu/1000/status/start\"\necho \"\"\necho \"Cold-boot complete — PCI bus scan will detect new VirtIO NICs.\"\n"]
[0m[1mnull_resource.reboot_scoring_engine (local-exec):[0m [0mHard-stopping scoring engine VM 1000 via Proxmox API...

[0m[1mnull_resource.reboot_scoring_engine (local-exec):[0m [0mWaiting for VM to fully stop...
[0m[1mnull_resource.reboot_scoring_engine: Still creating... [00m10s elapsed][0m[0m
[0m[1mnull_resource.orchestrate: Still creating... [00m10s elapsed][0m[0m
[0m[1mnull_resource.orchestrate (local-exec):[0m [0mWaiting for scoring engine (1/30)
[0m[1mnull_resource.reboot_scoring_engine (local-exec):[0m [0mStarting scoring engine VM 1000 via Proxmox API...

[0m[1mnull_resource.reboot_scoring_engine (local-exec):[0m [0mCold-boot complete — PCI bus scan will detect new VirtIO NICs.
[0m[1mnull_resource.reboot_scoring_engine: Creation complete after 15s [id=2702838026588606786][0m
[0m[1mnull_resource.orchestrate: Still creating... [00m20s elapsed][0m[0m
[0m[1mnull_resource.orchestrate (local-exec):[0m [0mScoring engine online
[0m[1mnull_resource.orchestrate: Still creating... [00m30s elapsed][0m[0m
[0m[1mnull_resource.orchestrate: Still creating... [00m40s elapsed][0m[0m
[0m[1mnull_resource.orchestrate: Still creating... [00m50s elapsed][0m[0m
[0m[1mnull_resource.orchestrate: Provisioning with 'remote-exec'...[0m[0m
[0m[1mnull_resource.orchestrate (remote-exec):[0m [0mConnecting to remote host via SSH...
[0m[1mnull_resource.orchestrate (remote-exec):[0m [0m  Host: 10.0.0.138
[0m[1mnull_resource.orchestrate (remote-exec):[0m [0m  User: sysadmin
[0m[1mnull_resource.orchestrate (remote-exec):[0m [0m  Password: false
[0m[1mnull_resource.orchestrate (remote-exec):[0m [0m  Private key: true
[0m[1mnull_resource.orchestrate (remote-exec):[0m [0m  Certificate: false
[0m[1mnull_resource.orchestrate (remote-exec):[0m [0m  SSH Agent: false
[0m[1mnull_resource.orchestrate (remote-exec):[0m [0m  Checking Host Key: false
[0m[1mnull_resource.orchestrate (remote-exec):[0m [0m  Target Platform: unix
[0m[1mnull_resource.orchestrate (remote-exec):[0m [0mConnected!
[0m[1mnull_resource.orchestrate (remote-exec):[0m [0mnetwork:
[0m[1mnull_resource.orchestrate (remote-exec):[0m [0m  version: 2
[0m[1mnull_resource.orchestrate (remote-exec):[0m [0m  ethernets:
[0m[1mnull_resource.orchestrate (remote-exec):[0m [0m    ens19:
[0m[1mnull_resource.orchestrate (remote-exec):[0m [0m      addresses: ["192.168.101.1/24"]
[0m[1mnull_resource.orchestrate (remote-exec):[0m [0m    ens20:
[0m[1mnull_resource.orchestrate (remote-exec):[0m [0m      addresses: ["192.168.102.1/24"]

[0m[1mnull_resource.orchestrate (remote-exec):[0m [0m** (generate:1654): [1;33mWARNING[0m **: [34m18:00:29.875[0m: Permissions for /etc/netplan/60-team-ifaces.yaml are too open. Netplan configuration should NOT be accessible by others.

[0m[1mnull_resource.orchestrate (remote-exec):[0m [0m** (process:1652): [1;33mWARNING[0m **: [34m18:00:30.187[0m: Permissions for /etc/netplan/60-team-ifaces.yaml are too open. Netplan configuration should NOT be accessible by others.

[0m[1mnull_resource.orchestrate (remote-exec):[0m [0m** (process:1652): [1;33mWARNING[0m **: [34m18:00:30.358[0m: Permissions for /etc/netplan/60-team-ifaces.yaml are too open. Netplan configuration should NOT be accessible by others.
[0m[1mnull_resource.orchestrate (remote-exec):[0m [0mnet.ipv4.ip_forward = 1
[0m[1mnull_resource.orchestrate (remote-exec):[0m [0mnet.ipv4.ip_forward=1
[0m[1mnull_resource.orchestrate (remote-exec):[0m [0mnet.ipv4.conf.all.rp_filter = 2
[0m[1mnull_resource.orchestrate (remote-exec):[0m [0mnet.ipv4.conf.default.rp_filter = 2
[0m[1mnull_resource.orchestrate (remote-exec):[0m [0mnet.ipv4.conf.all.rp_filter=2
[0m[1mnull_resource.orchestrate (remote-exec):[0m [0mnet.ipv4.conf.default.rp_filter=2
[0m[1mnull_resource.orchestrate: Creation complete after 54s [id=3513373572822242648][0m
[0m[1m[32m
Apply complete! Resources: 5 added, 0 changed, 2 destroyed.[0m
[0m[1m[32m
Outputs:

[0magent_context = <sensitive>
boxes_per_team = tolist([
  {
    "cpu" = 1
    "disk_gb" = tonumber(null)
    "last_octet" = 2
    "memory_mb" = 2048
    "name" = "pikachu"
    "template" = "debian13-lite"
  },
  {
    "cpu" = 1
    "disk_gb" = tonumber(null)
    "last_octet" = 3
    "memory_mb" = 2048
    "name" = "raichu"
    "template" = "debian13-lite"
  },
])
scoring_engine_ip = "10.0.0.138"
ssh_private_key_path = "../proxmox"
team_passwords = <sensitive>
team_vms = {
  "team1-pikachu" = {
    "box_name" = "pikachu"
    "identifier" = "101"
    "ip" = "192.168.101.2"
  }
  "team1-raichu" = {
    "box_name" = "raichu"
    "identifier" = "101"
    "ip" = "192.168.101.3"
  }
}
teams = {
  "team1" = "101"
  "team2" = "102"
}
  Waiting for VMs to initialize (60s)...
[3/7] Copying SSH key to scoring engine...
Warning: Permanently added '10.0.0.138' (ED25519) to the list of known hosts.
Warning: Permanently added '10.0.0.138' (ED25519) to the list of known hosts.
[4/7] Bootstrapping scoring engine (packages, Docker, Quotient)...
  Installing packages on scoring engine...
Warning: Permanently added '10.0.0.138' (ED25519) to the list of known hosts.
Hit:1 http://security.ubuntu.com/ubuntu noble-security InRelease
Hit:2 http://us.archive.ubuntu.com/ubuntu noble InRelease
Hit:3 http://us.archive.ubuntu.com/ubuntu noble-updates InRelease
Hit:4 http://us.archive.ubuntu.com/ubuntu noble-backports InRelease
Reading package lists...
E: Could not get lock /var/lib/dpkg/lock-frontend. It is held by process 1402 (apt-get)
E: Unable to acquire the dpkg frontend lock (/var/lib/dpkg/lock-frontend), is another process using it?
Traceback (most recent call last):
  File "/home/hna/dev/dawgsec/tezcatlipoca-fix/create-competition.py", line 1256, in <module>
    main()
    ~~~~^^
  File "/home/hna/dev/dawgsec/tezcatlipoca-fix/create-competition.py", line 1252, in main
    deploy(comp_dir)
    ~~~~~~^^^^^^^^^^
  File "/home/hna/dev/dawgsec/tezcatlipoca-fix/create-competition.py", line 1097, in deploy
    bootstrap_scoring_engine(ctx)
    ~~~~~~~~~~~~~~~~~~~~~~~~^^^^^
  File "/home/hna/dev/dawgsec/tezcatlipoca-fix/create-competition.py", line 717, in bootstrap_scoring_engine
    subprocess.run(
    ~~~~~~~~~~~~~~^
        [
        ^
    ...<6 lines>...
        check=True, timeout=180,
        ^^^^^^^^^^^^^^^^^^^^^^^^
    )
    ^
  File "/usr/lib64/python3.14/subprocess.py", line 578, in run
    raise CalledProcessError(retcode, process.args,
                             output=stdout, stderr=stderr)
subprocess.CalledProcessError: Command '['ssh', '-i', '/home/hna/dev/dawgsec/tezcatlipoca-fix/proxmox', '-o', 'StrictHostKeyChecking=no', '-o', 'UserKnownHostsFile=/dev/null', 'sysadmin@10.0.0.138', 'sudo apt-get update && sudo apt-get install -y docker.io git curl python3-pip']' returned non-zero exit status 100.
