Tezcatlipoca - CTF Range Deployment
========================================

Previous competitions:
  [1] cde-2026
  [2] example

Create new (n) or reuse existing (number)? 
============================================================
  Deploying cde-2026
============================================================

How many teams? 
─── Ready to deploy ────────────────────────────────────────────
  Competition : CDE 2026
  Scenario    : Cyber defense exercise by UMBC Cyberdawgs
  Difficulty  : 4 / 10
  Teams       : 2  (team1–team2, passwords auto-generated)
  Boxes       :
    pikachu — debian13-lite  (1 CPU, 2048 MB)
    raichu — debian13-lite  (1 CPU, 2048 MB)

  Terraform will now run; this takes several minutes.
  Continue? (y/n): [1/7] Cleaning up previous deployment...
[2/7] Running Terraform init & apply...
[0m[1mInitializing the backend...[0m

[0m[1mInitializing provider plugins...[0m
- Reusing previous version of bpg/proxmox from the dependency lock file
- Reusing previous version of hashicorp/null from the dependency lock file
- Using previously-installed bpg/proxmox v0.111.1
- Using previously-installed hashicorp/null v3.3.0


[0m[1m[32mTerraform has been successfully initialized![0m[32m[0m
[0m[32m
You may now begin working with Terraform. Try running "terraform plan" to see
any changes that are required for your infrastructure. All Terraform commands
should now work.

If you ever set or change modules or backend configuration for Terraform,
rerun this command to reinitialize your working directory. If you forget, other
commands will detect it and remind you to do so if necessary.[0m
[0m[1mdata.proxmox_virtual_environment_vms.templates: Reading...[0m[0m
[0m[1mproxmox_network_linux_bridge.team_bridge["team1"]: Refreshing state... [id=proxmox:vmbr101][0m
[0m[1mproxmox_network_linux_bridge.team_bridge["team2"]: Refreshing state... [id=proxmox:vmbr102][0m
[0m[1mdata.proxmox_virtual_environment_vms.templates: Read complete after 0s [id=91cce2f3-da14-440a-a56a-b4c70454f426][0m
[0m[1mproxmox_virtual_environment_vm.team_box["team1-pikachu"]: Refreshing state... [id=1210][0m
[0m[1mproxmox_virtual_environment_vm.scoring_engine: Refreshing state... [id=1000][0m
[0m[1mproxmox_virtual_environment_vm.team_box["team1-raichu"]: Refreshing state... [id=1211][0m
[0m[1mnull_resource.reboot_scoring_engine: Refreshing state... [id=2610839414519576842][0m
[0m[1mnull_resource.orchestrate: Refreshing state... [id=4866302889504365460][0m

[1m[36mNote:[0m[1m Objects have changed outside of Terraform
[0m
Terraform detected the following changes made outside of Terraform since the
last "terraform apply" which may have affected this plan:

[1m  # proxmox_virtual_environment_vm.scoring_engine[0m has been deleted
[0m  [31m-[0m[0m resource "proxmox_virtual_environment_vm" "scoring_engine" {
      [31m-[0m[0m id                                   = "1000" [90m-> null[0m[0m
      [31m-[0m[0m ipv4_addresses                       = [
          [31m-[0m[0m [
              [31m-[0m[0m "127.0.0.1",
            ],
          [31m-[0m[0m [
              [31m-[0m[0m "10.0.0.138",
            ],
          [31m-[0m[0m [],
          [31m-[0m[0m [],
        ] [90m-> null[0m[0m
        name                                 = "quotient-engine"
        [90m# (31 unchanged attributes hidden)[0m[0m

        [90m# (5 unchanged blocks hidden)[0m[0m
    }


Unless you have made equivalent changes to your configuration, or ignored the
relevant attributes using ignore_changes, the following plan may include
actions to undo or respond to these changes.
[90m
─────────────────────────────────────────────────────────────────────────────[0m

Terraform used the selected providers to generate the following execution
plan. Resource actions are indicated with the following symbols:
  [32m+[0m create[0m
[31m-[0m/[32m+[0m destroy and then create replacement[0m

Terraform will perform the following actions:

[1m  # null_resource.orchestrate[0m must be [1m[31mreplaced[0m
[0m[31m-[0m/[32m+[0m[0m resource "null_resource" "orchestrate" {
      [33m~[0m[0m id       = "4866302889504365460" -> (known after apply)
      [33m~[0m[0m triggers = { [31m# forces replacement[0m[0m
          [33m~[0m[0m "engine_id" = "1000" -> (known after apply)
            [90m# (1 unchanged element hidden)[0m[0m
        }
    }

[1m  # null_resource.reboot_scoring_engine[0m must be [1m[31mreplaced[0m
[0m[31m-[0m/[32m+[0m[0m resource "null_resource" "reboot_scoring_engine" {
      [33m~[0m[0m id       = "2610839414519576842" -> (known after apply)
      [33m~[0m[0m triggers = { [31m# forces replacement[0m[0m
          [33m~[0m[0m "engine_id" = "1000" -> (known after apply)
        }
    }

[1m  # proxmox_network_linux_bridge.team_bridge["team1"][0m will be created
[0m  [32m+[0m[0m resource "proxmox_network_linux_bridge" "team_bridge" {
      [32m+[0m[0m autostart      = true
      [32m+[0m[0m comment        = "Quotient team team1 — isolated, no uplink"
      [32m+[0m[0m id             = (known after apply)
      [32m+[0m[0m name           = "vmbr101"
      [32m+[0m[0m node_name      = "proxmox"
      [32m+[0m[0m timeout_reload = 100
      [32m+[0m[0m vids           = (known after apply)
      [32m+[0m[0m vlan_aware     = (known after apply)
    }

[1m  # proxmox_network_linux_bridge.team_bridge["team2"][0m will be created
[0m  [32m+[0m[0m resource "proxmox_network_linux_bridge" "team_bridge" {
      [32m+[0m[0m autostart      = true
      [32m+[0m[0m comment        = "Quotient team team2 — isolated, no uplink"
      [32m+[0m[0m id             = (known after apply)
      [32m+[0m[0m name           = "vmbr102"
      [32m+[0m[0m node_name      = "proxmox"
      [32m+[0m[0m timeout_reload = 100
      [32m+[0m[0m vids           = (known after apply)
      [32m+[0m[0m vlan_aware     = (known after apply)
    }

[1m  # proxmox_virtual_environment_vm.scoring_engine[0m will be created
[0m  [32m+[0m[0m resource "proxmox_virtual_environment_vm" "scoring_engine" {
      [32m+[0m[0m acpi                                 = true
      [32m+[0m[0m bios                                 = "seabios"
      [32m+[0m[0m boot_order                           = (known after apply)
      [32m+[0m[0m delete_unreferenced_disks_on_destroy = true
      [32m+[0m[0m hotplug                              = (known after apply)
      [32m+[0m[0m id                                   = (known after apply)
      [32m+[0m[0m ipv4_addresses                       = (known after apply)
      [32m+[0m[0m ipv6_addresses                       = (known after apply)
      [32m+[0m[0m keyboard_layout                      = "en-us"
      [32m+[0m[0m mac_addresses                        = (known after apply)
      [32m+[0m[0m migrate                              = false
      [32m+[0m[0m name                                 = "quotient-engine"
      [32m+[0m[0m network_device                       = [
          [32m+[0m[0m {
              [32m+[0m[0m bridge      = "vmbr0"
              [32m+[0m[0m enabled     = true
              [32m+[0m[0m firewall    = false
              [32m+[0m[0m mac_address = (known after apply)
              [32m+[0m[0m model       = "virtio"
              [32m+[0m[0m mtu         = 0
              [32m+[0m[0m queues      = 0
              [32m+[0m[0m rate_limit  = 0
              [32m+[0m[0m vlan_id     = 0
            },
          [32m+[0m[0m {
              [32m+[0m[0m bridge      = "vmbr101"
              [32m+[0m[0m enabled     = true
              [32m+[0m[0m firewall    = false
              [32m+[0m[0m mac_address = (known after apply)
              [32m+[0m[0m model       = "virtio"
              [32m+[0m[0m mtu         = 0
              [32m+[0m[0m queues      = 0
              [32m+[0m[0m rate_limit  = 0
              [32m+[0m[0m vlan_id     = 0
            },
          [32m+[0m[0m {
              [32m+[0m[0m bridge      = "vmbr102"
              [32m+[0m[0m enabled     = true
              [32m+[0m[0m firewall    = false
              [32m+[0m[0m mac_address = (known after apply)
              [32m+[0m[0m model       = "virtio"
              [32m+[0m[0m mtu         = 0
              [32m+[0m[0m queues      = 0
              [32m+[0m[0m rate_limit  = 0
              [32m+[0m[0m vlan_id     = 0
            },
        ]
      [32m+[0m[0m network_interface_names              = (known after apply)
      [32m+[0m[0m node_name                            = "proxmox"
      [32m+[0m[0m on_boot                              = true
      [32m+[0m[0m protection                           = false
      [32m+[0m[0m purge_on_destroy                     = true
      [32m+[0m[0m reboot                               = false
      [32m+[0m[0m reboot_after_update                  = true
      [32m+[0m[0m scsi_hardware                        = "virtio-scsi-pci"
      [32m+[0m[0m started                              = true
      [32m+[0m[0m stop_on_destroy                      = false
      [32m+[0m[0m tablet_device                        = true
      [32m+[0m[0m template                             = false
      [32m+[0m[0m timeout_clone                        = 1800
      [32m+[0m[0m timeout_create                       = 1800
      [32m+[0m[0m timeout_migrate                      = 1800
      [32m+[0m[0m timeout_move_disk                    = 1800
      [32m+[0m[0m timeout_reboot                       = 1800
      [32m+[0m[0m timeout_shutdown_vm                  = 1800
      [32m+[0m[0m timeout_start_vm                     = 1800
      [32m+[0m[0m timeout_stop_vm                      = 300
      [32m+[0m[0m vm_id                                = 1000

      [32m+[0m[0m agent {
          [32m+[0m[0m enabled = true
          [32m+[0m[0m timeout = "15m"
          [32m+[0m[0m trim    = false
          [32m+[0m[0m type    = "virtio"
        }

      [32m+[0m[0m clone {
          [32m+[0m[0m full    = true
          [32m+[0m[0m retries = 1
          [32m+[0m[0m vm_id   = 9106
        }

      [32m+[0m[0m cpu {
          [32m+[0m[0m cores      = 4
          [32m+[0m[0m hotplugged = 0
          [32m+[0m[0m limit      = 0
          [32m+[0m[0m numa       = false
          [32m+[0m[0m sockets    = 1
          [32m+[0m[0m type       = "qemu64"
          [32m+[0m[0m units      = (known after apply)
        }

      [32m+[0m[0m disk {
          [32m+[0m[0m aio               = "io_uring"
          [32m+[0m[0m backup            = true
          [32m+[0m[0m cache             = "none"
          [32m+[0m[0m datastore_id      = "ssd"
          [32m+[0m[0m discard           = "on"
          [32m+[0m[0m file_format       = (known after apply)
          [32m+[0m[0m interface         = "scsi0"
          [32m+[0m[0m iothread          = false
          [32m+[0m[0m path_in_datastore = (known after apply)
          [32m+[0m[0m queues            = 0
          [32m+[0m[0m replicate         = true
          [32m+[0m[0m size              = 40
          [32m+[0m[0m ssd               = false
        }

      [32m+[0m[0m memory {
          [32m+[0m[0m dedicated      = 4096
          [32m+[0m[0m floating       = 0
          [32m+[0m[0m keep_hugepages = false
          [32m+[0m[0m shared         = 0
        }

      [32m+[0m[0m vga (known after apply)
    }

[1mPlan:[0m [0m5 to add, 0 to change, 2 to destroy.

Changes to Outputs:
  [33m~[0m[0m agent_context        = (sensitive value)
  [33m~[0m[0m scoring_engine_ip    = "10.0.0.138" -> (known after apply)
  [33m~[0m[0m team_passwords       = (sensitive value)
[0m[1mnull_resource.orchestrate: Destroying... [id=4866302889504365460][0m[0m
[0m[1mnull_resource.reboot_scoring_engine: Destroying... [id=2610839414519576842][0m[0m
[0m[1mnull_resource.reboot_scoring_engine: Destruction complete after 0s[0m
[0m[1mnull_resource.orchestrate: Destruction complete after 0s[0m
[0m[1mproxmox_network_linux_bridge.team_bridge["team2"]: Creating...[0m[0m
[0m[1mproxmox_network_linux_bridge.team_bridge["team1"]: Creating...[0m[0m
[0m[1mproxmox_network_linux_bridge.team_bridge["team2"]: Creation complete after 1s [id=proxmox:vmbr102][0m
[0m[1mproxmox_network_linux_bridge.team_bridge["team1"]: Creation complete after 2s [id=proxmox:vmbr101][0m
[0m[1mproxmox_virtual_environment_vm.scoring_engine: Creating...[0m[0m
[0m[1mproxmox_virtual_environment_vm.scoring_engine: Still creating... [00m10s elapsed][0m[0m
[0m[1mproxmox_virtual_environment_vm.scoring_engine: Still creating... [00m20s elapsed][0m[0m
[0m[1mproxmox_virtual_environment_vm.scoring_engine: Still creating... [00m30s elapsed][0m[0m
[0m[1mproxmox_virtual_environment_vm.scoring_engine: Still creating... [00m40s elapsed][0m[0m
[0m[1mproxmox_virtual_environment_vm.scoring_engine: Still creating... [00m50s elapsed][0m[0m
[0m[1mproxmox_virtual_environment_vm.scoring_engine: Still creating... [01m00s elapsed][0m[0m
[0m[1mproxmox_virtual_environment_vm.scoring_engine: Still creating... [01m10s elapsed][0m[0m
[0m[1mproxmox_virtual_environment_vm.scoring_engine: Creation complete after 1m19s [id=1000][0m
[0m[1mnull_resource.reboot_scoring_engine: Creating...[0m[0m
[0m[1mnull_resource.orchestrate: Creating...[0m[0m
[0m[1mnull_resource.orchestrate: Provisioning with 'local-exec'...[0m[0m
[0m[1mnull_resource.orchestrate (local-exec):[0m [0mExecuting: ["/bin/sh" "-c" "for i in $(seq 1 30); do if ssh -i ../proxmox -o StrictHostKeyChecking=no -o UserKnownHostsFile=/dev/null -o ConnectTimeout=10 -o BatchMode=yes sysadmin@10.0.0.138 echo ok 2>/dev/null | grep -q ok; then echo 'Scoring engine online'; break; fi; echo \"Waiting for scoring engine ($i/30)\"; sleep 10; done; sleep 30"]
[0m[1mnull_resource.reboot_scoring_engine: Provisioning with 'local-exec'...[0m[0m
[0m[1mnull_resource.reboot_scoring_engine (local-exec):[0m [0mExecuting: ["/bin/sh" "-c" "echo \"Hard-stopping scoring engine VM 1000 via Proxmox API...\"\ncurl -sk -X POST \\\n  -H \"Authorization: PVEAPIToken ${TF_VAR_proxmox_api_token}\" \\\n  \"https://10.0.0.150:8006api2/json/nodes/proxmox/qemu/1000/status/stop\" \\\n  -d \"shutdown=0\"\necho \"\"\necho \"Waiting for VM to fully stop...\"\nsleep 15\necho \"Starting scoring engine VM 1000 via Proxmox API...\"\ncurl -sk -X POST \\\n  -H \"Authorization: PVEAPIToken ${TF_VAR_proxmox_api_token}\" \\\n  \"https://10.0.0.150:8006api2/json/nodes/proxmox/qemu/1000/status/start\"\necho \"\"\necho \"Cold-boot complete — PCI bus scan will detect new VirtIO NICs.\"\n"]
[0m[1mnull_resource.reboot_scoring_engine (local-exec):[0m [0mHard-stopping scoring engine VM 1000 via Proxmox API...

[0m[1mnull_resource.reboot_scoring_engine (local-exec):[0m [0mWaiting for VM to fully stop...
[0m[1mnull_resource.orchestrate (local-exec):[0m [0mScoring engine online
[0m[1mnull_resource.reboot_scoring_engine: Still creating... [00m10s elapsed][0m[0m
[0m[1mnull_resource.orchestrate: Still creating... [00m10s elapsed][0m[0m
[0m[1mnull_resource.reboot_scoring_engine (local-exec):[0m [0mStarting scoring engine VM 1000 via Proxmox API...

[0m[1mnull_resource.reboot_scoring_engine (local-exec):[0m [0mCold-boot complete — PCI bus scan will detect new VirtIO NICs.
[0m[1mnull_resource.reboot_scoring_engine: Creation complete after 15s [id=2962899478720892778][0m
[0m[1mnull_resource.orchestrate: Still creating... [00m20s elapsed][0m[0m
[0m[1mnull_resource.orchestrate: Still creating... [00m30s elapsed][0m[0m
[0m[1mnull_resource.orchestrate: Provisioning with 'remote-exec'...[0m[0m
[0m[1mnull_resource.orchestrate (remote-exec):[0m [0mConnecting to remote host via SSH...
[0m[1mnull_resource.orchestrate (remote-exec):[0m [0m  Host: 10.0.0.138
[0m[1mnull_resource.orchestrate (remote-exec):[0m [0m  User: sysadmin
[0m[1mnull_resource.orchestrate (remote-exec):[0m [0m  Password: false
[0m[1mnull_resource.orchestrate (remote-exec):[0m [0m  Private key: true
[0m[1mnull_resource.orchestrate (remote-exec):[0m [0m  Certificate: false
[0m[1mnull_resource.orchestrate (remote-exec):[0m [0m  SSH Agent: false
[0m[1mnull_resource.orchestrate (remote-exec):[0m [0m  Checking Host Key: false
[0m[1mnull_resource.orchestrate (remote-exec):[0m [0m  Target Platform: unix
[0m[1mnull_resource.orchestrate (remote-exec):[0m [0mConnected!
[0m[1mnull_resource.orchestrate (remote-exec):[0m [0mnetwork:
[0m[1mnull_resource.orchestrate (remote-exec):[0m [0m  version: 2
[0m[1mnull_resource.orchestrate (remote-exec):[0m [0m  ethernets:
[0m[1mnull_resource.orchestrate (remote-exec):[0m [0m    ens19:
[0m[1mnull_resource.orchestrate (remote-exec):[0m [0m      addresses: ["192.168.101.1/24"]
[0m[1mnull_resource.orchestrate (remote-exec):[0m [0m    ens20:
[0m[1mnull_resource.orchestrate (remote-exec):[0m [0m      addresses: ["192.168.102.1/24"]

[0m[1mnull_resource.orchestrate (remote-exec):[0m [0m** (generate:2220148): [1;33mWARNING[0m **: [34m16:52:03.751[0m: Permissions for /etc/netplan/60-team-ifaces.yaml are too open. Netplan configuration should NOT be accessible by others.

[0m[1mnull_resource.orchestrate (remote-exec):[0m [0m** (process:2220146): [1;33mWARNING[0m **: [34m16:52:04.143[0m: Permissions for /etc/netplan/60-team-ifaces.yaml are too open. Netplan configuration should NOT be accessible by others.

[0m[1mnull_resource.orchestrate (remote-exec):[0m [0m** (process:2220146): [1;33mWARNING[0m **: [34m16:52:04.530[0m: Permissions for /etc/netplan/60-team-ifaces.yaml are too open. Netplan configuration should NOT be accessible by others.
[0m[1mnull_resource.orchestrate (remote-exec):[0m [0mnet.ipv4.ip_forward = 1
[0m[1mnull_resource.orchestrate (remote-exec):[0m [0mnet.ipv4.ip_forward=1
[0m[1mnull_resource.orchestrate (remote-exec):[0m [0mnet.ipv4.conf.all.rp_filter = 2
[0m[1mnull_resource.orchestrate (remote-exec):[0m [0mnet.ipv4.conf.default.rp_filter = 2
[0m[1mnull_resource.orchestrate (remote-exec):[0m [0mnet.ipv4.conf.all.rp_filter=2
[0m[1mnull_resource.orchestrate (remote-exec):[0m [0mnet.ipv4.conf.default.rp_filter=2
[0m[1mnull_resource.orchestrate: Creation complete after 33s [id=5386827980464082912][0m
[0m[1m[32m
Apply complete! Resources: 5 added, 0 changed, 2 destroyed.[0m
[0m[1m[32m
Outputs:

[0magent_context = <sensitive>
boxes_per_team = tolist([
  {
    "cpu" = 1
    "disk_gb" = tonumber(null)
    "last_octet" = 2
    "memory_mb" = 2048
    "name" = "pikachu"
    "template" = "debian13-lite"
  },
  {
    "cpu" = 1
    "disk_gb" = tonumber(null)
    "last_octet" = 3
    "memory_mb" = 2048
    "name" = "raichu"
    "template" = "debian13-lite"
  },
])
scoring_engine_ip = "10.0.0.138"
ssh_private_key_path = "../proxmox"
team_passwords = <sensitive>
team_vms = {
  "team1-pikachu" = {
    "box_name" = "pikachu"
    "identifier" = "101"
    "ip" = "192.168.101.2"
  }
  "team1-raichu" = {
    "box_name" = "raichu"
    "identifier" = "101"
    "ip" = "192.168.101.3"
  }
}
teams = {
  "team1" = "101"
  "team2" = "102"
}
  Waiting for VMs to initialize (60s)...
[3/7] Copying SSH key to scoring engine...
Warning: Permanently added '10.0.0.138' (ED25519) to the list of known hosts.
Warning: Permanently added '10.0.0.138' (ED25519) to the list of known hosts.
[4/7] Bootstrapping scoring engine (packages, Docker, Quotient)...
  Installing packages on scoring engine...
Warning: Permanently added '10.0.0.138' (ED25519) to the list of known hosts.
Hit:1 http://security.ubuntu.com/ubuntu noble-security InRelease
Hit:2 https://download.docker.com/linux/ubuntu noble InRelease
Hit:3 http://us.archive.ubuntu.com/ubuntu noble InRelease
Hit:4 http://us.archive.ubuntu.com/ubuntu noble-updates InRelease
Hit:5 http://us.archive.ubuntu.com/ubuntu noble-backports InRelease
Reading package lists...
Reading package lists...
Building dependency tree...
Reading state information...
docker.io is already the newest version (29.1.3-0ubuntu3~24.04.2).
git is already the newest version (1:2.43.0-1ubuntu7.3).
curl is already the newest version (8.5.0-2ubuntu10.11).
python3-pip is already the newest version (24.0+dfsg-1ubuntu1.3).
The following packages were automatically installed and are no longer required:
  libfwupd2 libgusb2
Use 'sudo apt autoremove' to remove them.
0 upgraded, 0 newly installed, 0 to remove and 22 not upgraded.
  Installing Docker Compose v2 plugin...
Warning: Permanently added '10.0.0.138' (ED25519) to the list of known hosts.
Hit:1 https://download.docker.com/linux/ubuntu noble InRelease
Hit:2 http://us.archive.ubuntu.com/ubuntu noble InRelease
Hit:3 http://us.archive.ubuntu.com/ubuntu noble-updates InRelease
Hit:4 http://us.archive.ubuntu.com/ubuntu noble-backports InRelease
Hit:5 http://security.ubuntu.com/ubuntu noble-security InRelease
Reading package lists...
Reading package lists...
Building dependency tree...
Reading state information...
docker-compose-plugin is already the newest version (5.3.1-1~ubuntu.24.04~noble).
The following packages were automatically installed and are no longer required:
  libfwupd2 libgusb2
Use 'sudo apt autoremove' to remove them.
0 upgraded, 0 newly installed, 0 to remove and 22 not upgraded.
  Starting Docker (already installed by Terraform)...
Warning: Permanently added '10.0.0.138' (ED25519) to the list of known hosts.
Client:
 Version:           29.1.3
 API version:       1.52
 Go version:        go1.24.4
 Git commit:        29.1.3-0ubuntu3~24.04.2
 Built:             Wed Apr 29 16:41:06 2026
 OS/Arch:           linux/amd64
 Context:           default

Server:
 Engine:
  Version:          29.1.3
  API version:      1.52 (minimum version 1.44)
  Go version:       go1.24.4
  Git commit:       29.1.3-0ubuntu3~24.04.2
  Built:            Wed Apr 29 16:41:06 2026
  OS/Arch:          linux/amd64
  Experimental:     false
 containerd:
  Version:          2.2.1
  GitCommit:        
 runc:
  Version:          1.3.4-0ubuntu1~24.04.1
  GitCommit:        
 docker-init:
  Version:          0.19.0
  GitCommit:        
  Cloning Quotient...
Warning: Permanently added '10.0.0.138' (ED25519) to the list of known hosts.
  Writing Quotient .env...
Warning: Permanently added '10.0.0.138' (ED25519) to the list of known hosts.
POSTGRES_PASSWORD=postgres_password
POSTGRES_USER=engineuser
POSTGRES_HOST=quotient_database
POSTGRES_DB=engine
REDIS_PASSWORD=redis_password
  Building Quotient Docker images...
Warning: Permanently added '10.0.0.138' (ED25519) to the list of known hosts.
 Image quotient_server Building 
 Image quotient-runner Building 
 Image quotient-divisor Building 
#1 [internal] load local bake definitions
#1 reading from stdin 1.36kB done
#1 DONE 0.0s

#2 [server internal] load build definition from Dockerfile
#2 transferring dockerfile: 454B done
#2 DONE 0.1s

#3 [runner internal] load build definition from Dockerfile.runner
#3 transferring dockerfile: 724B done
#3 DONE 0.2s

#4 [divisor internal] load build definition from Dockerfile
#4 transferring dockerfile: 390B done
#4 DONE 0.1s

#5 [divisor internal] load metadata for docker.io/library/alpine:3.21
#5 DONE 0.9s

#6 [server internal] load metadata for docker.io/library/golang:1.25-alpine
#6 DONE 1.0s

#7 [divisor internal] load .dockerignore
#7 transferring context: 2B done
#7 DONE 0.1s

#8 [runner internal] load .dockerignore
#8 transferring context: 67B done
#8 DONE 0.2s

#9 [server internal] load build context
#9 DONE 0.0s

#10 [server stage-1 1/5] FROM docker.io/library/alpine:3.21@sha256:48b0309ca019d89d40f670aa1bc06e426dc0931948452e8491e3d65087abc07d
#10 resolve docker.io/library/alpine:3.21@sha256:48b0309ca019d89d40f670aa1bc06e426dc0931948452e8491e3d65087abc07d
#10 resolve docker.io/library/alpine:3.21@sha256:48b0309ca019d89d40f670aa1bc06e426dc0931948452e8491e3d65087abc07d 0.3s done
#10 CACHED

#11 [runner stage-1 2/8] WORKDIR /app
#11 CACHED

#12 [runner builder 2/7] WORKDIR /src
#12 CACHED

#13 [runner builder 1/7] FROM docker.io/library/golang:1.25-alpine@sha256:56961d79ea8129efddcc0b8643fd8a5416b4e6228cfd477e3fd61deb2672c587
#13 resolve docker.io/library/golang:1.25-alpine@sha256:56961d79ea8129efddcc0b8643fd8a5416b4e6228cfd477e3fd61deb2672c587 0.3s done
#13 CACHED

#14 [divisor internal] load build context
#14 transferring context: 36.19kB done
#14 DONE 0.4s

#9 [server internal] load build context
#9 transferring context: 169.06kB 0.1s done
#9 DONE 0.4s

#15 [runner builder 3/7] COPY go.mod go.sum ./
#15 DONE 0.5s

#16 [server stage-1 2/6] RUN apk add --no-cache ca-certificates
#16 1.243 fetch https://dl-cdn.alpinelinux.org/alpine/v3.21/main/x86_64/APKINDEX.tar.gz
#16 1.653 fetch https://dl-cdn.alpinelinux.org/alpine/v3.21/community/x86_64/APKINDEX.tar.gz
#16 2.942 (1/1) Installing ca-certificates (20260413-r0)
#16 3.129 Executing busybox-1.37.0-r14.trigger
#16 3.184 Executing ca-certificates-20260413-r0.trigger
#16 ...

#17 [server builder 2/7] RUN apk add --no-cache git ca-certificates
#17 2.317 ( 1/12) Installing brotli-libs (1.2.0-r1)
#17 2.424 ( 2/12) Installing c-ares (1.34.8-r0)
#17 2.463 ( 3/12) Installing libunistring (1.4.2-r0)
#17 2.550 ( 4/12) Installing libidn2 (2.3.8-r0)
#17 2.574 ( 5/12) Installing nghttp2-libs (1.69.0-r0)
#17 2.598 ( 6/12) Installing libpsl (0.21.5-r3)
#17 2.625 ( 7/12) Installing zstd-libs (1.5.7-r2)
#17 2.683 ( 8/12) Installing libcurl (8.21.0-r0)
#17 2.734 ( 9/12) Installing libexpat (2.8.2-r0)
#17 2.760 (10/12) Installing pcre2 (10.47-r1)
#17 2.809 (11/12) Installing git (2.54.0-r0)
#17 3.088 (12/12) Installing git-init-template (2.54.0-r0)
#17 3.118 Executing busybox-1.37.0-r31.trigger
#17 3.140 OK: 20.6 MiB in 29 packages
#17 DONE 3.6s

#18 [server builder 3/7] WORKDIR /src
#18 ...

#16 [server stage-1 2/6] RUN apk add --no-cache ca-certificates
#16 3.577 OK: 7 MiB in 16 packages
#16 DONE 3.8s

#19 [server stage-1 3/6] COPY config/certs/. /usr/local/share/ca-certificates/
#19 ...

#18 [server builder 3/7] WORKDIR /src
#18 DONE 0.5s

#20 [server builder 4/7] COPY go.mod go.sum ./
#20 ...

#19 [server stage-1 3/6] COPY config/certs/. /usr/local/share/ca-certificates/
#19 DONE 0.5s

#20 [server builder 4/7] COPY go.mod go.sum ./
#20 DONE 0.5s

#21 [server builder 5/7] RUN go mod download
#21 ...

#22 [divisor stage-1 2/5] RUN apk add --no-cache     iproute2     iptables     bash
#22 1.163 fetch https://dl-cdn.alpinelinux.org/alpine/v3.21/main/x86_64/APKINDEX.tar.gz
#22 1.624 fetch https://dl-cdn.alpinelinux.org/alpine/v3.21/community/x86_64/APKINDEX.tar.gz
#22 2.847 (1/15) Installing ncurses-terminfo-base (6.5_p20241006-r3)
#22 2.890 (2/15) Installing libncursesw (6.5_p20241006-r3)
#22 2.999 (3/15) Installing readline (8.2.13-r0)
#22 3.059 (4/15) Installing bash (5.2.37-r0)
#22 3.562 Executing bash-5.2.37-r0.post-install
#22 3.644 (5/15) Installing libcap2 (2.78-r0)
#22 3.675 (6/15) Installing zstd-libs (1.5.6-r2)
#22 3.806 (7/15) Installing libelf (0.191-r0)
#22 3.842 (8/15) Installing libmnl (1.0.5-r2)
#22 3.868 (9/15) Installing iproute2-minimal (6.11.0-r0)
#22 4.027 (10/15) Installing libxtables (1.8.11-r1)
#22 4.056 (11/15) Installing iproute2-tc (6.11.0-r0)
#22 4.154 (12/15) Installing iproute2-ss (6.11.0-r0)
#22 4.182 (13/15) Installing iproute2 (6.11.0-r0)
#22 4.245 Executing iproute2-6.11.0-r0.post-install
#22 4.251 (14/15) Installing libnftnl (1.2.8-r0)
#22 4.291 (15/15) Installing iptables (1.8.11-r1)
#22 4.538 Executing busybox-1.37.0-r14.trigger
#22 4.572 OK: 13 MiB in 30 packages
#22 DONE 5.2s

#23 [divisor stage-1 3/5] WORKDIR /app
#23 ...

#24 [server stage-1 4/6] RUN update-ca-certificates
#24 DONE 1.5s

#23 [divisor stage-1 3/5] WORKDIR /app
#23 DONE 0.7s

#25 [divisor builder 2/7] RUN apk add --no-cache build-base
#25 2.478 ( 1/22) Installing libgcc (15.2.0-r5)
#25 2.547 ( 2/22) Installing jansson (2.15.0-r0)
#25 2.569 ( 3/22) Installing libstdc++ (15.2.0-r5)
#25 2.732 ( 4/22) Installing zstd-libs (1.5.7-r2)
#25 2.808 ( 5/22) Installing binutils (2.45.1-r1)
#25 3.288 ( 6/22) Installing libmagic (5.47-r2)
#25 3.650 ( 7/22) Installing file (5.47-r2)
#25 3.666 ( 8/22) Installing libgcc-static (15.2.0-r5)
#25 3.931 ( 9/22) Installing libgomp (15.2.0-r5)
#25 3.969 (10/22) Installing libatomic (15.2.0-r5)
#25 3.988 (11/22) Installing gmp (6.3.0-r4)
#25 4.024 (12/22) Installing isl26 (0.26-r2)
#25 4.153 (13/22) Installing mpfr4 (4.2.2-r0)
#25 4.212 (14/22) Installing mpc1 (1.3.1-r1)
#25 4.244 (15/22) Installing gcc (15.2.0-r5)
#25 8.681 (16/22) Installing libstdc++-dev (15.2.0-r5)
#25 8.981 (17/22) Installing musl-dev (1.2.6-r2)
#25 9.281 (18/22) Installing g++ (15.2.0-r5)
#25 10.59 (19/22) Installing make (4.4.1-r4)
#25 10.62 (20/22) Installing fortify-headers (3.0.1-r2)
#25 10.64 (21/22) Installing patch (2.8-r0)
#25 10.65 (22/22) Installing build-base (0.5-r4)
#25 10.65 Executing busybox-1.37.0-r31.trigger
#25 ...

#26 [runner builder 4/7] RUN go mod download
#26 ...

#25 [divisor builder 2/7] RUN apk add --no-cache build-base
#25 12.36 OK: 275.7 MiB in 39 packages
#25 DONE 13.6s

#21 [server builder 5/7] RUN go mod download
#21 ...

#26 [runner builder 4/7] RUN go mod download
#26 DONE 12.7s

#27 [runner builder 5/7] COPY . .
#27 ...

#28 [divisor builder 3/7] WORKDIR /app
#28 DONE 0.7s

#29 [divisor builder 4/7] COPY go.mod go.sum ./
#29 DONE 0.6s

#27 [runner builder 5/7] COPY . .
#27 DONE 1.3s

#30 [runner builder 6/7] WORKDIR /src/runner
#30 DONE 1.2s

#31 [divisor builder 5/7] RUN go mod download
#31 ...

#21 [server builder 5/7] RUN go mod download
#21 DONE 11.7s

#32 [server builder 6/7] COPY . .
#32 DONE 1.1s

#33 [runner builder 7/7] RUN go build -o runner
#33 ...

#31 [divisor builder 5/7] RUN go mod download
#31 DONE 10.0s

#34 [server builder 7/7] RUN go build -o quotient
#34 ...

#35 [divisor builder 6/7] COPY . .
#35 DONE 0.4s

#33 [runner builder 7/7] RUN go build -o runner
#33 ...

#36 [divisor builder 7/7] RUN go build -o divisor .
#36 DONE 118.4s

#33 [runner builder 7/7] RUN go build -o runner
#33 ...

#37 [divisor stage-1 4/5] COPY --from=builder /app/divisor /app/divisor
#37 DONE 0.4s

#33 [runner builder 7/7] RUN go build -o runner
#33 ...

#38 [divisor stage-1 5/5] COPY .env /app/.env
#38 DONE 0.3s

#34 [server builder 7/7] RUN go build -o quotient
#34 ...

#39 [divisor] exporting to image
#39 exporting layers
#39 exporting layers 2.6s done
#39 exporting manifest sha256:ebd0a649ac86bb233dc0718fb4ec0dd5b41ef3eb8bdef6811e3b5c69c955b32f
#39 exporting manifest sha256:ebd0a649ac86bb233dc0718fb4ec0dd5b41ef3eb8bdef6811e3b5c69c955b32f 0.1s done
#39 exporting config sha256:3fc2e7128b4ab5bde820e8343753a3a8b73675f3137964342f5f912b12a6e678 0.1s done
#39 exporting attestation manifest sha256:be328dd68749173cebdf6058cea5bfb63b1968165a92e843de2960f85df995db 0.1s done
#39 exporting manifest list sha256:563799ccc4bb86693cb7cb7ed359439547c21a17b654291adf5ced734823807a
#39 exporting manifest list sha256:563799ccc4bb86693cb7cb7ed359439547c21a17b654291adf5ced734823807a 0.1s done
#39 naming to docker.io/library/quotient-divisor:latest 0.0s done
#39 unpacking to docker.io/library/quotient-divisor:latest
#39 unpacking to docker.io/library/quotient-divisor:latest 0.9s done
#39 DONE 3.9s

#33 [runner builder 7/7] RUN go build -o runner
#33 ...

#40 [divisor] resolving provenance for metadata file
#40 DONE 0.0s

#34 [server builder 7/7] RUN go build -o quotient
#34 ...

#33 [runner builder 7/7] RUN go build -o runner
#33 DONE 147.5s

#41 [runner stage-1 3/8] COPY --from=builder /src/runner/runner runner
#41 DONE 0.4s

#34 [server builder 7/7] RUN go build -o quotient
#34 ...

#42 [runner stage-1 4/8] RUN apk add --no-cache tini wireguard-tools iproute2 iputils curl git openssh py3-uv python3 proxychains-ng jq file sshpass bind-tools grep chrony krb5
#42 0.424 fetch https://dl-cdn.alpinelinux.org/alpine/v3.21/main/x86_64/APKINDEX.tar.gz
#42 0.759 fetch https://dl-cdn.alpinelinux.org/alpine/v3.21/community/x86_64/APKINDEX.tar.gz
#42 1.629 (1/87) Installing fstrm (0.6.1-r4)
#42 ...

#34 [server builder 7/7] RUN go build -o quotient
#34 DONE 148.8s

#42 [runner stage-1 4/8] RUN apk add --no-cache tini wireguard-tools iproute2 iputils curl git openssh py3-uv python3 proxychains-ng jq file sshpass bind-tools grep chrony krb5
#42 1.833 (2/87) Installing krb5-conf (1.0-r2)
#42 1.853 (3/87) Installing libcom_err (1.47.1-r1)
#42 1.869 (4/87) Installing keyutils-libs (1.6.3-r4)
#42 1.882 (5/87) Installing libverto (0.3.2-r2)
#42 1.896 (6/87) Installing krb5-libs (1.21.3-r0)
#42 2.056 (7/87) Installing json-c (0.18-r0)
#42 2.081 (8/87) Installing nghttp2-libs (1.69.0-r0)
#42 2.102 (9/87) Installing protobuf-c (1.5.0-r2)
#42 2.117 (10/87) Installing libuv (1.49.2-r0)
#42 2.165 (11/87) Installing xz-libs (5.8.3-r0)
#42 2.203 (12/87) Installing libxml2 (2.13.9-r1)
#42 2.296 (13/87) Installing bind-libs (9.18.49-r0)
#42 2.510 (14/87) Installing bind-tools (9.18.49-r0)
#42 2.631 (15/87) Installing libcap2 (2.78-r0)
#42 ...

#43 [server stage-1 5/6] COPY --from=builder /src/quotient /usr/local/bin/quotient
#43 DONE 0.6s

#42 [runner stage-1 4/8] RUN apk add --no-cache tini wireguard-tools iproute2 iputils curl git openssh py3-uv python3 proxychains-ng jq file sshpass bind-tools grep chrony krb5
#42 2.646 (16/87) Installing gmp (6.3.0-r2)
#42 2.694 (17/87) Installing nettle (3.10.2-r0)
#42 2.765 (18/87) Installing libunistring (1.2-r0)
#42 2.877 (19/87) Installing libidn2 (2.3.7-r0)
#42 ...

#44 [server stage-1 6/6] WORKDIR /app
#44 DONE 0.3s

#42 [runner stage-1 4/8] RUN apk add --no-cache tini wireguard-tools iproute2 iputils curl git openssh py3-uv python3 proxychains-ng jq file sshpass bind-tools grep chrony krb5
#42 2.913 (20/87) Installing libffi (3.4.7-r0)
#42 2.931 (21/87) Installing libtasn1 (4.21.0-r0)
#42 2.952 (22/87) Installing p11-kit (0.26.2-r0)
#42 3.027 (23/87) Installing gnutls (3.8.13-r0)
#42 3.175 (24/87) Installing libseccomp (2.5.5-r1)
#42 3.206 (25/87) Installing chrony (4.6.1-r0)
#42 3.242 Executing chrony-4.6.1-r0.pre-install
#42 3.531 (26/87) Installing brotli-libs (1.1.0-r2)
#42 3.604 (27/87) Installing c-ares (1.34.8-r0)
#42 3.643 (28/87) Installing libpsl (0.21.5-r3)
#42 3.669 (29/87) Installing zstd-libs (1.5.6-r2)
#42 3.729 (30/87) Installing libcurl (8.14.1-r2)
#42 3.806 (31/87) Installing curl (8.14.1-r2)
#42 3.839 (32/87) Installing libmagic (5.46-r2)
#42 3.961 (33/87) Installing file (5.46-r2)
#42 3.971 (34/87) Installing libexpat (2.8.2-r0)
#42 3.991 (35/87) Installing pcre2 (10.43-r0)
#42 4.039 (36/87) Installing git (2.47.3-r0)
#42 4.469 (37/87) Installing git-init-template (2.47.3-r0)
#42 4.491 (38/87) Installing grep (3.11-r0)
#42 4.525 (39/87) Installing libelf (0.191-r0)
#42 4.543 (40/87) Installing libmnl (1.0.5-r2)
#42 4.562 (41/87) Installing iproute2-minimal (6.11.0-r0)
#42 4.609 (42/87) Installing libxtables (1.8.11-r1)
#42 4.621 (43/87) Installing iproute2-tc (6.11.0-r0)
#42 4.676 (44/87) Installing iproute2-ss (6.11.0-r0)
#42 4.706 (45/87) Installing iproute2 (6.11.0-r0)
#42 4.741 Executing iproute2-6.11.0-r0.post-install
#42 4.745 (46/87) Installing iputils-arping (20240905-r0)
#42 4.769 (47/87) Installing iputils-clockdiff (20240905-r0)
#42 4.782 (48/87) Installing iputils-ping (20240905-r0)
#42 4.799 (49/87) Installing iputils-tracepath (20240905-r0)
#42 4.814 (50/87) Installing iputils (20240905-r0)
#42 4.814 (51/87) Installing oniguruma (6.9.9-r0)
#42 4.841 (52/87) Installing jq (1.7.1-r0)
#42 4.895 (53/87) Installing e2fsprogs-libs (1.47.1-r1)
#42 4.936 (54/87) Installing krb5 (1.21.3-r0)
#42 4.975 (55/87) Installing openssh-keygen (9.9_p2-r0)
#42 5.010 (56/87) Installing ncurses-terminfo-base (6.5_p20241006-r3)
#42 5.037 (57/87) Installing libncursesw (6.5_p20241006-r3)
#42 5.079 (58/87) Installing libedit (20240808.3.1-r0)
#42 5.098 (59/87) Installing openssh-client-common (9.9_p2-r0)
#42 5.228 (60/87) Installing openssh-client-default (9.9_p2-r0)
#42 5.288 (61/87) Installing openssh-sftp-server (9.9_p2-r0)
#42 5.309 (62/87) Installing openssh-server-common (9.9_p2-r0)
#42 5.330 (63/87) Installing openssh-server (9.9_p2-r0)
#42 5.415 (64/87) Installing openssh (9.9_p2-r0)
#42 5.454 (65/87) Installing proxychains-ng (4.17-r1)
#42 5.472 (66/87) Installing libbz2 (1.0.8-r6)
#42 5.493 (67/87) Installing libgcc (14.2.0-r4)
#42 5.512 (68/87) Installing uv (0.5.31-r0)
#42 6.234 (69/87) Installing gdbm (1.24-r0)
#42 6.251 (70/87) Installing libstdc++ (14.2.0-r4)
#42 6.334 (71/87) Installing mpdecimal (4.0.0-r0)
#42 6.359 (72/87) Installing libpanelw (6.5_p20241006-r3)
#42 6.371 (73/87) Installing readline (8.2.13-r0)
#42 6.395 (74/87) Installing sqlite-libs (3.48.0-r4)
#42 ...

#45 [server] exporting to image
#45 exporting layers 2.4s done
#45 exporting manifest sha256:969ccaac14275df673616e0a455df9831ab85c663aa56c7227ffb2ffd5562458 0.1s done
#45 exporting config sha256:a9e2094be795eee7d0bcfcf066b1a879ad81621200204923295fabd9ec299e30 0.1s done
#45 exporting attestation manifest sha256:ca3c1f0532b9ada0c304379b6ac2001f33c9f2df8b5803ef505d1e508107d468 0.1s done
#45 exporting manifest list sha256:ff6dbc21c0c2cff06f07202c358775c76d6579276f52d486bd8987da45cb13a7 0.1s done
#45 naming to docker.io/library/quotient_server:latest 0.0s done
#45 unpacking to docker.io/library/quotient_server:latest 0.7s done
#45 DONE 3.6s

#42 [runner stage-1 4/8] RUN apk add --no-cache tini wireguard-tools iproute2 iputils curl git openssh py3-uv python3 proxychains-ng jq file sshpass bind-tools grep chrony krb5
#42 6.501 (75/87) Installing python3 (3.12.13-r0)
#42 ...

#46 [server] resolving provenance for metadata file
#46 DONE 0.0s

#42 [runner stage-1 4/8] RUN apk add --no-cache tini wireguard-tools iproute2 iputils curl git openssh py3-uv python3 proxychains-ng jq file sshpass bind-tools grep chrony krb5
#42 7.205 (76/87) Installing python3-pycache-pyc0 (3.12.13-r0)
#42 7.583 (77/87) Installing pyc (3.12.13-r0)
#42 7.583 (78/87) Installing py3-uv-pyc (0.5.31-r0)
#42 7.598 (79/87) Installing python3-pyc (3.12.13-r0)
#42 7.598 (80/87) Installing py3-uv (0.5.31-r0)
#42 7.615 (81/87) Installing sshpass (1.10-r0)
#42 7.632 (82/87) Installing tini (0.19.0-r3)
#42 7.646 (83/87) Installing wireguard-tools-wg (1.0.20210914-r4)
#42 7.660 (84/87) Installing bash (5.2.37-r0)
#42 7.732 Executing bash-5.2.37-r0.post-install
#42 7.737 (85/87) Installing openresolv (3.13.2-r1)
#42 7.754 (86/87) Installing wireguard-tools-wg-quick (1.0.20210914-r4)
#42 7.766 (87/87) Installing wireguard-tools (1.0.20210914-r4)
#42 7.780 Executing busybox-1.37.0-r14.trigger
#42 7.796 OK: 106 MiB in 102 packages
#42 DONE 9.7s

#47 [runner stage-1 5/8] COPY custom-checks/requirements.txt /app
#47 DONE 0.3s

#48 [runner stage-1 6/8] RUN ln -sf python3 /usr/bin/python
#48 DONE 0.5s

#49 [runner stage-1 7/8] RUN uv pip install --system --break-system-packages setuptools
#49 0.501 Using Python 3.12.13 environment at: /usr
#49 0.810 Resolved 1 package in 297ms
#49 0.955 Prepared 1 package in 145ms
#49 1.021 Installed 1 package in 65ms
#49 1.021  + setuptools==83.0.0
#49 DONE 1.2s

#50 [runner stage-1 8/8] RUN uv pip install --system --break-system-packages -r /app/requirements.txt
#50 0.440 Using Python 3.12.13 environment at: /usr
#50 1.650 Resolved 50 packages in 1.18s
#50 1.820 Downloading pynacl (1.3MiB)
#50 1.821 Downloading impacket (1.7MiB)
#50 1.822 Downloading twisted (3.1MiB)
#50 1.824 Downloading pillow (6.7MiB)
#50 1.824 Downloading cryptography (4.8MiB)
#50 1.825 Downloading pycryptodomex (2.2MiB)
#50 3.119    Building zope-interface==8.5
#50 4.080  Downloaded pynacl
#50 4.282  Downloaded impacket
#50 4.480  Downloaded pycryptodomex
#50 4.727  Downloaded twisted
#50 5.415  Downloaded cryptography
#50 5.609  Downloaded pillow
#50 10.46       Built zope-interface==8.5
#50 10.47 Prepared 50 packages in 8.81s
#50 10.63 Installed 50 packages in 162ms
#50 10.63  + aes==1.2.0
#50 10.63  + argparse==1.4.0
#50 10.63  + attrs==26.1.0
#50 10.63  + automat==25.4.16
#50 10.63  + bcrypt==5.0.0
#50 10.63  + beautifulsoup4==4.15.0
#50 10.63  + blinker==1.9.0
#50 10.63  + certifi==2026.6.17
#50 10.63  + cffi==2.1.0
#50 10.63  + charset-normalizer==3.4.9
#50 10.63  + click==8.4.2
#50 10.63  + constantly==23.10.4
#50 10.63  + cryptography==49.0.0
#50 10.63  + dnspython==2.8.0
#50 10.63  + fake-useragent==2.2.0
#50 10.63  + flask==3.1.3
#50 10.63  + hyperlink==21.0.0
#50 10.63  + idna==3.18
#50 10.63  + impacket==0.13.1
#50 10.63  + incremental==24.11.0
#50 10.63  + invoke==3.0.3
#50 10.63  + itsdangerous==2.2.0
#50 10.63  + jinja2==3.1.6
#50 10.63  + ldap3==2.9.1
#50 10.63  + ldapdomaindump==0.10.0
#50 10.63  + markupsafe==3.0.3
#50 10.63  + packaging==26.2
#50 10.63  + paramiko==5.0.0
#50 10.63  + pexpect==4.9.0
#50 10.63  + pillow==12.3.0
#50 10.63  + ptyprocess==0.7.0
#50 10.63  + pyasn1==0.6.4
#50 10.63  + pyasn1-modules==0.4.2
#50 10.63  + pycparser==3.0
#50 10.63  + pycryptodomex==3.23.0
#50 10.63  + pynacl==1.6.2
#50 10.63  + pyopenssl==26.3.0
#50 10.63  + pysocks==1.7.1
#50 10.63  + pyspnego==0.12.1
#50 10.63  + pyyaml==6.0.3
#50 10.63  + requests==2.34.2
#50 10.63  + six==1.17.0
#50 10.63  + smbprotocol==1.17.0
#50 10.63  + soupsieve==2.8.4
#50 10.63  + twisted==26.4.0
#50 10.63  + typing-extensions==4.16.0
#50 10.63  + urllib3==2.7.0
#50 10.63  + vncdotool==1.3.0
#50 10.63  + werkzeug==3.1.8
#50 10.63  + zope-interface==8.5
#50 DONE 10.9s

#51 [runner] exporting to image
#51 exporting layers
#51 exporting layers 8.2s done
#51 exporting manifest sha256:e93a5d606370f1bec728c46eb6863619522a26fd88cce52d32fd736908e05cb4 0.1s done
#51 exporting config sha256:e842a9b992125ffe780f95dea3359629358739db447de2982ab669ca8794ab8f 0.1s done
#51 exporting attestation manifest sha256:6942fa182ff4949a1fc0bbd2076185f814c1006c5d963ae9dbc6695bf19f79d8 0.1s done
#51 exporting manifest list sha256:013b914f392f2d287a4ac86f84132fd848087cf967e216a4371117658ed61d8d
#51 exporting manifest list sha256:013b914f392f2d287a4ac86f84132fd848087cf967e216a4371117658ed61d8d 0.1s done
#51 naming to docker.io/library/quotient-runner:latest 0.0s done
#51 unpacking to docker.io/library/quotient-runner:latest
#51 unpacking to docker.io/library/quotient-runner:latest 4.2s done
#51 DONE 12.8s

#52 [runner] resolving provenance for metadata file
#52 DONE 0.0s
 Image quotient-runner Built 
 Image quotient_server Built 
 Image quotient-divisor Built 
  Starting Quotient Docker containers...
Warning: Permanently added '10.0.0.138' (ED25519) to the list of known hosts.
 Container quotient_redis Running 
 Container quotient_database Running 
 Container quotient-divisor-1 Recreate 
 Container quotient-runner-1 Recreate 
 Container quotient-runner-2 Recreate 
 Container quotient-runner-3 Recreate 
 Container quotient-runner-4 Recreate 
 Container quotient-runner-5 Recreate 
 Container quotient_server Recreate 
 Container quotient-divisor-1 Recreated 
 Container quotient_server Recreated 
 Container quotient-runner-2 Recreated 
 Container quotient-runner-3 Recreated 
 Container quotient-runner-4 Recreated 
 Container quotient-runner-1 Recreated 
 Container quotient-runner-5 Recreated 
 Container quotient_redis Waiting 
 Container quotient_redis Waiting 
 Container quotient_database Waiting 
 Container quotient_database Waiting 
 Container quotient_database Healthy 
 Container quotient_redis Healthy 
 Container quotient-runner-4 Starting 
 Container quotient_database Healthy 
 Container quotient_server Starting 
 Container quotient_redis Healthy 
 Container quotient-divisor-1 Starting 
 Container quotient_server Started 
 Container quotient-divisor-1 Started 
 Container quotient-runner-4 Started 
 Container quotient-runner-5 Starting 
 Container quotient-runner-5 Started 
 Container quotient-runner-1 Starting 
 Container quotient-runner-1 Started 
 Container quotient-runner-3 Starting 
 Container quotient-runner-3 Started 
 Container quotient-runner-2 Starting 
 Container quotient-runner-2 Started 
  Restoring network forwarding rules after Docker start...
Warning: Permanently added '10.0.0.138' (ED25519) to the list of known hosts.
  Forwarding rules restored
[4.5/7] Enabling password auth + NOPASSWD sudo for ubuntu on team1 boxes...
  Enabling password auth + NOPASSWD sudo for ubuntu on team boxes...
Warning: Permanently added '10.0.0.138' (ED25519) to the list of known hosts.
Connection timed out during banner exchange
Connection to UNKNOWN port 65535 timed out
    Auth attempt 1/8 failed for 192.168.101.2, retrying in 15s...
Warning: Permanently added '10.0.0.138' (ED25519) to the list of known hosts.
Connection timed out during banner exchange
Connection to UNKNOWN port 65535 timed out
    Auth attempt 2/8 failed for 192.168.101.2, retrying in 15s...
Warning: Permanently added '10.0.0.138' (ED25519) to the list of known hosts.
Connection timed out during banner exchange
Connection to UNKNOWN port 65535 timed out
    Auth attempt 3/8 failed for 192.168.101.2, retrying in 15s...
Warning: Permanently added '10.0.0.138' (ED25519) to the list of known hosts.
Connection timed out during banner exchange
Connection to UNKNOWN port 65535 timed out
    Auth attempt 4/8 failed for 192.168.101.2, retrying in 15s...
Warning: Permanently added '10.0.0.138' (ED25519) to the list of known hosts.
Connection timed out during banner exchange
Connection to UNKNOWN port 65535 timed out
    Auth attempt 5/8 failed for 192.168.101.2, retrying in 15s...
Warning: Permanently added '10.0.0.138' (ED25519) to the list of known hosts.
Connection timed out during banner exchange
Connection to UNKNOWN port 65535 timed out
    Auth attempt 6/8 failed for 192.168.101.2, retrying in 15s...
Warning: Permanently added '10.0.0.138' (ED25519) to the list of known hosts.
Connection timed out during banner exchange
Connection to UNKNOWN port 65535 timed out
    Auth attempt 7/8 failed for 192.168.101.2, retrying in 15s...
Warning: Permanently added '10.0.0.138' (ED25519) to the list of known hosts.
Connection timed out during banner exchange
Connection to UNKNOWN port 65535 timed out
  WARNING: Auth setup failed for 192.168.101.2 after 8 attempts — proceeding anyway
Warning: Permanently added '10.0.0.138' (ED25519) to the list of known hosts.
Connection timed out during banner exchange
Connection to UNKNOWN port 65535 timed out
    Auth attempt 1/8 failed for 192.168.101.3, retrying in 15s...
Warning: Permanently added '10.0.0.138' (ED25519) to the list of known hosts.
Connection timed out during banner exchange
Connection to UNKNOWN port 65535 timed out
    Auth attempt 2/8 failed for 192.168.101.3, retrying in 15s...
Warning: Permanently added '10.0.0.138' (ED25519) to the list of known hosts.
Connection timed out during banner exchange
Connection to UNKNOWN port 65535 timed out
    Auth attempt 3/8 failed for 192.168.101.3, retrying in 15s...
Warning: Permanently added '10.0.0.138' (ED25519) to the list of known hosts.
Connection timed out during banner exchange
Connection to UNKNOWN port 65535 timed out
    Auth attempt 4/8 failed for 192.168.101.3, retrying in 15s...
Warning: Permanently added '10.0.0.138' (ED25519) to the list of known hosts.
Connection timed out during banner exchange
Connection to UNKNOWN port 65535 timed out
    Auth attempt 5/8 failed for 192.168.101.3, retrying in 15s...
Warning: Permanently added '10.0.0.138' (ED25519) to the list of known hosts.
Connection timed out during banner exchange
Connection to UNKNOWN port 65535 timed out
    Auth attempt 6/8 failed for 192.168.101.3, retrying in 15s...
Warning: Permanently added '10.0.0.138' (ED25519) to the list of known hosts.
Connection timed out during banner exchange
Connection to UNKNOWN port 65535 timed out
    Auth attempt 7/8 failed for 192.168.101.3, retrying in 15s...
Warning: Permanently added '10.0.0.138' (ED25519) to the list of known hosts.
Connection timed out during banner exchange
Connection to UNKNOWN port 65535 timed out
  WARNING: Auth setup failed for 192.168.101.3 after 8 attempts — proceeding anyway
[5/7] Fixing DNS on team1 boxes, then running Nakon deployment...
  Fixing DNS on all team boxes...
Warning: Permanently added '10.0.0.138' (ED25519) to the list of known hosts.
Connection timed out during banner exchange
Connection to UNKNOWN port 65535 timed out
    DNS fix attempt 1/8 failed for 192.168.101.2, retrying in 15s...
Warning: Permanently added '10.0.0.138' (ED25519) to the list of known hosts.
Connection timed out during banner exchange
Connection to UNKNOWN port 65535 timed out
    DNS fix attempt 2/8 failed for 192.168.101.2, retrying in 15s...
Warning: Permanently added '10.0.0.138' (ED25519) to the list of known hosts.
Connection timed out during banner exchange
Connection to UNKNOWN port 65535 timed out
    DNS fix attempt 3/8 failed for 192.168.101.2, retrying in 15s...
Warning: Permanently added '10.0.0.138' (ED25519) to the list of known hosts.
Connection timed out during banner exchange
Connection to UNKNOWN port 65535 timed out
    DNS fix attempt 4/8 failed for 192.168.101.2, retrying in 15s...
Warning: Permanently added '10.0.0.138' (ED25519) to the list of known hosts.
Connection timed out during banner exchange
Connection to UNKNOWN port 65535 timed out
    DNS fix attempt 5/8 failed for 192.168.101.2, retrying in 15s...
